C:/Users/sylva/Desktop/CoursHES/InformatiqueC2/work/work/test-bench/test2/src/app/statemachine02.cpp:16:1:StateMachine02::~StateMachine02()	8	static
C:/Users/sylva/Desktop/CoursHES/InformatiqueC2/work/work/test-bench/test2/src/app/statemachine02.cpp:16:1:virtual StateMachine02::~StateMachine02()	8	static
C:/Users/sylva/Desktop/CoursHES/InformatiqueC2/work/work/test-bench/test2/src/app/statemachine02.cpp:24:15:virtual XFEventStatus StateMachine02::processEvent()	24	static
C:/Users/sylva/Desktop/CoursHES/InformatiqueC2/work/work/test-bench/test2/src/app/statemachine02.cpp:7:1:StateMachine02::StateMachine02()	8	static
