C:/Users/sylva/Desktop/CoursHES/InformatiqueC2/work/work/src/simplified/xf/port/common/dispatcher.cpp:69:5:virtual int XFDispatcher::execute(const void*)	8	static
C:/Users/sylva/Desktop/CoursHES/InformatiqueC2/work/work/src/simplified/xf/port/common/dispatcher.cpp:82:6:virtual void XFDispatcher::dispatchEvent(const XFEvent*) const	8	static
C:/Users/sylva/Desktop/CoursHES/InformatiqueC2/work/work/src/simplified/xf/port/common/dispatcher.cpp:47:6:virtual void XFDispatcher::scheduleTimeout(int, int, interface::XFBehavior*)	24	static
C:/Users/sylva/Desktop/CoursHES/InformatiqueC2/work/work/src/simplified/xf/port/common/dispatcher.cpp:51:6:virtual void XFDispatcher::unscheduleTimeout(int, interface::XFBehavior*)	16	static
C:/Users/sylva/Desktop/CoursHES/InformatiqueC2/work/work/src/simplified/xf/port/common/dispatcher.cpp:76:1:XFDispatcher::XFDispatcher()	8	static
C:/Users/sylva/Desktop/CoursHES/InformatiqueC2/work/work/src/simplified/xf/port/common/dispatcher.cpp:25:27:static interface::XFDispatcher* interface::XFDispatcher::getInstance()	8	static
c:\st\stm32cubeide_1.9.0\stm32cubeide\plugins\com.st.stm32cube.ide.mcu.externaltools.gnu-tools-for-stm32.10.3-2021.10.win32_1.0.0.202111181127\tools\arm-none-eabi\include\c++\10.3.1\bits\charconv.h:72:5:void std::__detail::__to_chars_10_impl(char*, unsigned int, _Tp) [with _Tp = unsigned int]	8	static
C:/Users/sylva/Desktop/CoursHES/InformatiqueC2/work/work/src/simplified/xf/port/common/dispatcher.cpp:35:1:XFDispatcher::~XFDispatcher()	8	static
C:/Users/sylva/Desktop/CoursHES/InformatiqueC2/work/work/src/simplified/xf/port/common/dispatcher.cpp:27:27:void __tcf_0()	8	static
C:/Users/sylva/Desktop/CoursHES/InformatiqueC2/work/work/src/simplified/xf/port/common/dispatcher.cpp:35:1:virtual XFDispatcher::~XFDispatcher()	8	static
C:/Users/sylva/Desktop/CoursHES/InformatiqueC2/work/work/src/simplified/xf/port/common/dispatcher.cpp:40:6:virtual void XFDispatcher::pushEvent(XFEvent*)	8	static
C:/Users/sylva/Desktop/CoursHES/InformatiqueC2/work/work/src/simplified/xf/port/common/dispatcher.cpp:57:6:virtual void XFDispatcher::executeOnce()	80	static
