C:/Users/sylva/Desktop/CoursHES/InformatiqueC2/work/work/src/simplified/xf/include/xf/interface/timeoutmanager.h:36:18:virtual void interface::XFTimeoutManager::initialize(int32_t)	0	static
C:/Users/sylva/Desktop/CoursHES/InformatiqueC2/work/work/src/simplified/xf/include/xf/interface/timeoutmanager.h:44:21:virtual int32_t interface::XFTimeoutManager::getTickInterval() const	0	static
C:/Users/sylva/Desktop/CoursHES/InformatiqueC2/work/work/src/simplified/xf/port/common/timeoutmanager.cpp:44:6:virtual void XFTimeoutManager::scheduleTimeout(int32_t, int32_t, interface::XFBehavior*)	24	static
C:/Users/sylva/Desktop/CoursHES/InformatiqueC2/work/work/src/simplified/xf/port/common/timeoutmanager.cpp:88:6:virtual void XFTimeoutManager::addTimeout(XFTimeout*)	24	static
C:/Users/sylva/Desktop/CoursHES/InformatiqueC2/work/work/src/simplified/xf/port/common/timeoutmanager.cpp:83:1:XFTimeoutManager::XFTimeoutManager()	4	static
C:/Users/sylva/Desktop/CoursHES/InformatiqueC2/work/work/src/simplified/xf/port/common/timeoutmanager.cpp:21:31:static interface::XFTimeoutManager* interface::XFTimeoutManager::getInstance()	8	static
C:/Users/sylva/Desktop/CoursHES/InformatiqueC2/work/work/src/simplified/xf/port/common/timeoutmanager.cpp:93:6:void XFTimeoutManager::returnTimeout(XFTimeout*)	0	static
c:\st\stm32cubeide_1.9.0\stm32cubeide\plugins\com.st.stm32cube.ide.mcu.externaltools.gnu-tools-for-stm32.10.3-2021.10.win32_1.0.0.202111181127\tools\arm-none-eabi\include\c++\10.3.1\bits\charconv.h:72:5:void std::__detail::__to_chars_10_impl(char*, unsigned int, _Tp) [with _Tp = unsigned int]	8	static
c:\st\stm32cubeide_1.9.0\stm32cubeide\plugins\com.st.stm32cube.ide.mcu.externaltools.gnu-tools-for-stm32.10.3-2021.10.win32_1.0.0.202111181127\tools\arm-none-eabi\include\c++\10.3.1\bits\std_function.h:617:5:) const [with _Res = void; _ArgTypes = {long unsigned int}]	16	static
C:/Users/sylva/Desktop/CoursHES/InformatiqueC2/work/work/src/simplified/xf/port/common/timeoutmanager.cpp:37:6:virtual void XFTimeoutManager::start(std::function<void(long unsigned int)>)	16	static
c:\st\stm32cubeide_1.9.0\stm32cubeide\plugins\com.st.stm32cube.ide.mcu.externaltools.gnu-tools-for-stm32.10.3-2021.10.win32_1.0.0.202111181127\tools\arm-none-eabi\include\c++\10.3.1\bits\list.tcc:331:5:std::__cxx11::list<_Tp, _Alloc>::__remove_return_type std::__cxx11::list<_Tp, _Alloc>::remove(const value_type&) [with _Tp = XFTimeout*; _Alloc = std::allocator<XFTimeout*>]	24	static
C:/Users/sylva/Desktop/CoursHES/InformatiqueC2/work/work/src/simplified/xf/port/common/timeoutmanager.cpp:51:6:virtual void XFTimeoutManager::unscheduleTimeout(int32_t, interface::XFBehavior*)	8	static
c:\st\stm32cubeide_1.9.0\stm32cubeide\plugins\com.st.stm32cube.ide.mcu.externaltools.gnu-tools-for-stm32.10.3-2021.10.win32_1.0.0.202111181127\tools\arm-none-eabi\include\c++\10.3.1\bits\list.tcc:150:5:std::__cxx11::list<_Tp, _Alloc>::iterator std::__cxx11::list<_Tp, _Alloc>::erase(std::__cxx11::list<_Tp, _Alloc>::const_iterator) [with _Tp = XFTimeout*; _Alloc = std::allocator<XFTimeout*>]	16	static
C:/Users/sylva/Desktop/CoursHES/InformatiqueC2/work/work/src/simplified/xf/port/common/timeoutmanager.cpp:64:6:virtual void XFTimeoutManager::tick()	80	static
c:\st\stm32cubeide_1.9.0\stm32cubeide\plugins\com.st.stm32cube.ide.mcu.externaltools.gnu-tools-for-stm32.10.3-2021.10.win32_1.0.0.202111181127\tools\arm-none-eabi\include\c++\10.3.1\bits\list.tcc:66:5:void std::__cxx11::_List_base<_Tp, _Alloc>::_M_clear() [with _Tp = XFTimeout*; _Alloc = std::allocator<XFTimeout*>]	16	static
C:/Users/sylva/Desktop/CoursHES/InformatiqueC2/work/work/src/simplified/xf/port/common/timeoutmanager.cpp:32:1:XFTimeoutManager::~XFTimeoutManager()	8	static
C:/Users/sylva/Desktop/CoursHES/InformatiqueC2/work/work/src/simplified/xf/port/common/timeoutmanager.cpp:23:31:void __tcf_0()	8	static
C:/Users/sylva/Desktop/CoursHES/InformatiqueC2/work/work/src/simplified/xf/port/common/timeoutmanager.cpp:32:1:virtual XFTimeoutManager::~XFTimeoutManager()	8	static
