C:/Users/sylva/Desktop/CoursHES/InformatiqueC2/work/work/src/platform/f7-disco-gcc/mcu/hal/uart.cpp:36:1:Uart::~Uart()	0	static
C:/Users/sylva/Desktop/CoursHES/InformatiqueC2/work/work/src/platform/f7-disco-gcc/mcu/hal/uart.cpp:36:1:virtual Uart::~Uart()	8	static
C:/Users/sylva/Desktop/CoursHES/InformatiqueC2/work/work/src/platform/f7-disco-gcc/mcu/hal/uart.cpp:12:1:Uart::Uart(unsigned char, UART_HandleTypeDef*, bool)	8	static
C:/Users/sylva/Desktop/CoursHES/InformatiqueC2/work/work/src/platform/f7-disco-gcc/mcu/hal/uart.cpp:41:6:bool Uart::initialize()	0	static
C:/Users/sylva/Desktop/CoursHES/InformatiqueC2/work/work/src/platform/f7-disco-gcc/mcu/hal/uart.cpp:46:6:bool Uart::enable()	0	static
C:/Users/sylva/Desktop/CoursHES/InformatiqueC2/work/work/src/platform/f7-disco-gcc/mcu/hal/uart.cpp:53:6:bool Uart::disable()	0	static
C:/Users/sylva/Desktop/CoursHES/InformatiqueC2/work/work/src/platform/f7-disco-gcc/mcu/hal/uart.cpp:78:6:void Uart::writeUsingDMA(const uint8_t*, uint32_t)	16	static
C:/Users/sylva/Desktop/CoursHES/InformatiqueC2/work/work/src/platform/f7-disco-gcc/mcu/hal/uart.cpp:60:6:void Uart::write(const char*, unsigned int)	16	static
