Archive member included to satisfy reference by file (symbol)

c:/st/stm32cubeide_1.9.0/stm32cubeide/plugins/com.st.stm32cube.ide.mcu.externaltools.gnu-tools-for-stm32.10.3-2021.10.win32_1.0.0.202111181127/tools/bin/../lib/gcc/arm-none-eabi/10.3.1/../../../../arm-none-eabi/lib/thumb/v7e-m+fp/hard\libstdc++_nano.a(del_ops.o)
                              ./app/statemachine01.o (operator delete(void*, unsigned int))
c:/st/stm32cubeide_1.9.0/stm32cubeide/plugins/com.st.stm32cube.ide.mcu.externaltools.gnu-tools-for-stm32.10.3-2021.10.win32_1.0.0.202111181127/tools/bin/../lib/gcc/arm-none-eabi/10.3.1/../../../../arm-none-eabi/lib/thumb/v7e-m+fp/hard\libstdc++_nano.a(guard.o)
                              ./xf/port/common/dispatcher.o (__cxa_guard_acquire)
c:/st/stm32cubeide_1.9.0/stm32cubeide/plugins/com.st.stm32cube.ide.mcu.externaltools.gnu-tools-for-stm32.10.3-2021.10.win32_1.0.0.202111181127/tools/bin/../lib/gcc/arm-none-eabi/10.3.1/../../../../arm-none-eabi/lib/thumb/v7e-m+fp/hard\libstdc++_nano.a(new_op.o)
                              ./app/statemachine01.o (operator new(unsigned int))
c:/st/stm32cubeide_1.9.0/stm32cubeide/plugins/com.st.stm32cube.ide.mcu.externaltools.gnu-tools-for-stm32.10.3-2021.10.win32_1.0.0.202111181127/tools/bin/../lib/gcc/arm-none-eabi/10.3.1/../../../../arm-none-eabi/lib/thumb/v7e-m+fp/hard\libstdc++_nano.a(pure.o)
                              ./xf/core/behavior.o (__cxa_pure_virtual)
c:/st/stm32cubeide_1.9.0/stm32cubeide/plugins/com.st.stm32cube.ide.mcu.externaltools.gnu-tools-for-stm32.10.3-2021.10.win32_1.0.0.202111181127/tools/bin/../lib/gcc/arm-none-eabi/10.3.1/../../../../arm-none-eabi/lib/thumb/v7e-m+fp/hard\libstdc++_nano.a(list.o)
                              ./xf/port/common/timeoutmanager.o (std::__detail::_List_node_base::_M_hook(std::__detail::_List_node_base*))
c:/st/stm32cubeide_1.9.0/stm32cubeide/plugins/com.st.stm32cube.ide.mcu.externaltools.gnu-tools-for-stm32.10.3-2021.10.win32_1.0.0.202111181127/tools/bin/../lib/gcc/arm-none-eabi/10.3.1/../../../../arm-none-eabi/lib/thumb/v7e-m+fp/hard\libstdc++_nano.a(functexcept.o)
                              ./xf/port/idf-stm32/eventqueue.o (std::__throw_bad_alloc())
c:/st/stm32cubeide_1.9.0/stm32cubeide/plugins/com.st.stm32cube.ide.mcu.externaltools.gnu-tools-for-stm32.10.3-2021.10.win32_1.0.0.202111181127/tools/bin/../lib/gcc/arm-none-eabi/10.3.1/../../../../arm-none-eabi/lib/thumb/v7e-m+fp/hard\libstdc++_nano.a(functional.o)
                              ./xf/port/common/timeoutmanager.o (std::__throw_bad_function_call())
c:/st/stm32cubeide_1.9.0/stm32cubeide/plugins/com.st.stm32cube.ide.mcu.externaltools.gnu-tools-for-stm32.10.3-2021.10.win32_1.0.0.202111181127/tools/bin/../lib/gcc/arm-none-eabi/10.3.1/../../../../arm-none-eabi/lib/thumb/v7e-m+fp/hard\libstdc++_nano.a(snprintf_lite.o)
                              c:/st/stm32cubeide_1.9.0/stm32cubeide/plugins/com.st.stm32cube.ide.mcu.externaltools.gnu-tools-for-stm32.10.3-2021.10.win32_1.0.0.202111181127/tools/bin/../lib/gcc/arm-none-eabi/10.3.1/../../../../arm-none-eabi/lib/thumb/v7e-m+fp/hard\libstdc++_nano.a(functexcept.o) (__gnu_cxx::__snprintf_lite(char*, unsigned int, char const*, std::__va_list))
c:/st/stm32cubeide_1.9.0/stm32cubeide/plugins/com.st.stm32cube.ide.mcu.externaltools.gnu-tools-for-stm32.10.3-2021.10.win32_1.0.0.202111181127/tools/bin/../lib/gcc/arm-none-eabi/10.3.1/../../../../arm-none-eabi/lib/thumb/v7e-m+fp/hard\libstdc++_nano.a(string-inst.o)
                              ./app/statemachine01.o (std::__cxx11::basic_string<char, std::char_traits<char>, std::allocator<char> >::_M_create(unsigned int&, unsigned int))
c:/st/stm32cubeide_1.9.0/stm32cubeide/plugins/com.st.stm32cube.ide.mcu.externaltools.gnu-tools-for-stm32.10.3-2021.10.win32_1.0.0.202111181127/tools/bin/../lib/gcc/arm-none-eabi/10.3.1/../../../../arm-none-eabi/lib/thumb/v7e-m+fp/hard\libstdc++_nano.a(del_op.o)
                              c:/st/stm32cubeide_1.9.0/stm32cubeide/plugins/com.st.stm32cube.ide.mcu.externaltools.gnu-tools-for-stm32.10.3-2021.10.win32_1.0.0.202111181127/tools/bin/../lib/gcc/arm-none-eabi/10.3.1/../../../../arm-none-eabi/lib/thumb/v7e-m+fp/hard\libstdc++_nano.a(del_ops.o) (operator delete(void*))
c:/st/stm32cubeide_1.9.0/stm32cubeide/plugins/com.st.stm32cube.ide.mcu.externaltools.gnu-tools-for-stm32.10.3-2021.10.win32_1.0.0.202111181127/tools/bin/../lib/gcc/arm-none-eabi/10.3.1/../../../../arm-none-eabi/lib/thumb/v7e-m+fp/hard\libstdc++_nano.a(eh_exception.o)
                              c:/st/stm32cubeide_1.9.0/stm32cubeide/plugins/com.st.stm32cube.ide.mcu.externaltools.gnu-tools-for-stm32.10.3-2021.10.win32_1.0.0.202111181127/tools/bin/../lib/gcc/arm-none-eabi/10.3.1/../../../../arm-none-eabi/lib/thumb/v7e-m+fp/hard\libstdc++_nano.a(functional.o) (std::exception::~exception())
[...]
Memory Configuration

Name             Origin             Length             Attributes
RAM              0x0000000020000000 0x0000000000050000 xrw
FLASH            0x0000000008000000 0x0000000000100000 xr
*default*        0x0000000000000000 0xffffffffffffffff

Linker script and memory map

LOAD c:/st/stm32cubeide_1.9.0/stm32cubeide/plugins/com.st.stm32cube.ide.mcu.externaltools.gnu-tools-for-stm32.10.3-2021.10.win32_1.0.0.202111181127/tools/bin/../lib/gcc/arm-none-eabi/10.3.1/thumb/v7e-m+fp/hard/crti.o
LOAD c:/st/stm32cubeide_1.9.0/stm32cubeide/plugins/com.st.stm32cube.ide.mcu.externaltools.gnu-tools-for-stm32.10.3-2021.10.win32_1.0.0.202111181127/tools/bin/../lib/gcc/arm-none-eabi/10.3.1/thumb/v7e-m+fp/hard/crtbegin.o
LOAD c:/st/stm32cubeide_1.9.0/stm32cubeide/plugins/com.st.stm32cube.ide.mcu.externaltools.gnu-tools-for-stm32.10.3-2021.10.win32_1.0.0.202111181127/tools/bin/../lib/gcc/arm-none-eabi/10.3.1/../../../../arm-none-eabi/lib/thumb/v7e-m+fp/hard/crt0.o
LOAD ./Core/Src/main.o
LOAD ./Core/Src/stm32f7xx_hal_msp.o
LOAD ./Core/Src/stm32f7xx_it.o
LOAD ./Core/Src/system_stm32f7xx.o
LOAD ./Drivers/STM32F7xx_HAL_Driver/Src/stm32f7xx_hal.o
LOAD ./Drivers/STM32F7xx_HAL_Driver/Src/stm32f7xx_hal_cortex.o
LOAD ./Drivers/STM32F7xx_HAL_Driver/Src/stm32f7xx_hal_dma.o
LOAD ./Drivers/STM32F7xx_HAL_Driver/Src/stm32f7xx_hal_dma_ex.o
LOAD ./Drivers/STM32F7xx_HAL_Driver/Src/stm32f7xx_hal_exti.o
LOAD ./Drivers/STM32F7xx_HAL_Driver/Src/stm32f7xx_hal_flash.o
LOAD ./Drivers/STM32F7xx_HAL_Driver/Src/stm32f7xx_hal_flash_ex.o
LOAD ./Drivers/STM32F7xx_HAL_Driver/Src/stm32f7xx_hal_gpio.o
LOAD ./Drivers/STM32F7xx_HAL_Driver/Src/stm32f7xx_hal_i2c.o
LOAD ./Drivers/STM32F7xx_HAL_Driver/Src/stm32f7xx_hal_i2c_ex.o
LOAD ./Drivers/STM32F7xx_HAL_Driver/Src/stm32f7xx_hal_pwr.o
LOAD ./Drivers/STM32F7xx_HAL_Driver/Src/stm32f7xx_hal_pwr_ex.o
LOAD ./Drivers/STM32F7xx_HAL_Driver/Src/stm32f7xx_hal_rcc.o
LOAD ./Drivers/STM32F7xx_HAL_Driver/Src/stm32f7xx_hal_rcc_ex.o
LOAD ./Drivers/STM32F7xx_HAL_Driver/Src/stm32f7xx_hal_tim.o
LOAD ./Drivers/STM32F7xx_HAL_Driver/Src/stm32f7xx_hal_tim_ex.o
LOAD ./Drivers/STM32F7xx_HAL_Driver/Src/stm32f7xx_hal_uart.o
LOAD ./Drivers/STM32F7xx_HAL_Driver/Src/stm32f7xx_hal_uart_ex.o
LOAD ./app/statemachine01.o
LOAD ./app/testfactory01.o
LOAD ./mdw/trace/examples/trace-example01.o
LOAD ./platform/f7-disco-gcc/board/ledcontroller.o
LOAD ./platform/f7-disco-gcc/board/trace.o
LOAD ./platform/f7-disco-gcc/mcu/critical/critical.o
LOAD ./platform/f7-disco-gcc/mcu/hal/uart.o
LOAD ./startup/startup_stm32f746xx.o
LOAD ./xf/core/behavior.o
LOAD ./xf/core/customevent.o
LOAD ./xf/core/defaulttransition.o
LOAD ./xf/core/initialevent.o
LOAD ./xf/core/timeout.o
LOAD ./xf/port/common/dispatcher.o
LOAD ./xf/port/common/timeoutmanager.o
LOAD ./xf/port/idf-stm32/c-wrapper-functions.o
LOAD ./xf/port/idf-stm32/eventqueue.o
LOAD ./xf/port/idf-stm32/mutex.o
LOAD ./xf/port/idf-stm32/xf.o
START GROUP
LOAD c:/st/stm32cubeide_1.9.0/stm32cubeide/plugins/com.st.stm32cube.ide.mcu.externaltools.gnu-tools-for-stm32.10.3-2021.10.win32_1.0.0.202111181127/tools/bin/../lib/gcc/arm-none-eabi/10.3.1/../../../../arm-none-eabi/lib/thumb/v7e-m+fp/hard\libstdc++_nano.a
LOAD c:/st/stm32cubeide_1.9.0/stm32cubeide/plugins/com.st.stm32cube.ide.mcu.externaltools.gnu-tools-for-stm32.10.3-2021.10.win32_1.0.0.202111181127/tools/bin/../lib/gcc/arm-none-eabi/10.3.1/../../../../arm-none-eabi/lib/thumb/v7e-m+fp/hard\libsupc++_nano.a
END GROUP
LOAD c:/st/stm32cubeide_1.9.0/stm32cubeide/plugins/com.st.stm32cube.ide.mcu.externaltools.gnu-tools-for-stm32.10.3-2021.10.win32_1.0.0.202111181127/tools/bin/../lib/gcc/arm-none-eabi/10.3.1/../../../../arm-none-eabi/lib/thumb/v7e-m+fp/hard\libstdc++_nano.a
LOAD c:/st/stm32cubeide_1.9.0/stm32cubeide/plugins/com.st.stm32cube.ide.mcu.externaltools.gnu-tools-for-stm32.10.3-2021.10.win32_1.0.0.202111181127/tools/bin/../lib/gcc/arm-none-eabi/10.3.1/../../../../arm-none-eabi/lib/thumb/v7e-m+fp/hard\libm.a
LOAD c:/st/stm32cubeide_1.9.0/stm32cubeide/plugins/com.st.stm32cube.ide.mcu.externaltools.gnu-tools-for-stm32.10.3-2021.10.win32_1.0.0.202111181127/tools/bin/../lib/gcc/arm-none-eabi/10.3.1/../../../../arm-none-eabi/lib/thumb/v7e-m+fp/hard\libc_nano.a
START GROUP
LOAD c:/st/stm32cubeide_1.9.0/stm32cubeide/plugins/com.st.stm32cube.ide.mcu.externaltools.gnu-tools-for-stm32.10.3-2021.10.win32_1.0.0.202111181127/tools/bin/../lib/gcc/arm-none-eabi/10.3.1/thumb/v7e-m+fp/hard\libgcc.a
LOAD c:/st/stm32cubeide_1.9.0/stm32cubeide/plugins/com.st.stm32cube.ide.mcu.externaltools.gnu-tools-for-stm32.10.3-2021.10.win32_1.0.0.202111181127/tools/bin/../lib/gcc/arm-none-eabi/10.3.1/../../../../arm-none-eabi/lib/thumb/v7e-m+fp/hard\libc_nano.a
END GROUP
START GROUP
LOAD c:/st/stm32cubeide_1.9.0/stm32cubeide/plugins/com.st.stm32cube.ide.mcu.externaltools.gnu-tools-for-stm32.10.3-2021.10.win32_1.0.0.202111181127/tools/bin/../lib/gcc/arm-none-eabi/10.3.1/thumb/v7e-m+fp/hard\libgcc.a
LOAD c:/st/stm32cubeide_1.9.0/stm32cubeide/plugins/com.st.stm32cube.ide.mcu.externaltools.gnu-tools-for-stm32.10.3-2021.10.win32_1.0.0.202111181127/tools/bin/../lib/gcc/arm-none-eabi/10.3.1/../../../../arm-none-eabi/lib/thumb/v7e-m+fp/hard\libc_nano.a
LOAD c:/st/stm32cubeide_1.9.0/stm32cubeide/plugins/com.st.stm32cube.ide.mcu.externaltools.gnu-tools-for-stm32.10.3-2021.10.win32_1.0.0.202111181127/tools/bin/../lib/gcc/arm-none-eabi/10.3.1/../../../../arm-none-eabi/lib/thumb/v7e-m+fp/hard\libnosys.a
END GROUP
START GROUP
LOAD c:/st/stm32cubeide_1.9.0/stm32cubeide/plugins/com.st.stm32cube.ide.mcu.externaltools.gnu-tools-for-stm32.10.3-2021.10.win32_1.0.0.202111181127/tools/bin/../lib/gcc/arm-none-eabi/10.3.1/thumb/v7e-m+fp/hard\libgcc.a
LOAD c:/st/stm32cubeide_1.9.0/stm32cubeide/plugins/com.st.stm32cube.ide.mcu.externaltools.gnu-tools-for-stm32.10.3-2021.10.win32_1.0.0.202111181127/tools/bin/../lib/gcc/arm-none-eabi/10.3.1/../../../../arm-none-eabi/lib/thumb/v7e-m+fp/hard\libc_nano.a
LOAD c:/st/stm32cubeide_1.9.0/stm32cubeide/plugins/com.st.stm32cube.ide.mcu.externaltools.gnu-tools-for-stm32.10.3-2021.10.win32_1.0.0.202111181127/tools/bin/../lib/gcc/arm-none-eabi/10.3.1/../../../../arm-none-eabi/lib/thumb/v7e-m+fp/hard\libnosys.a
END GROUP
LOAD c:/st/stm32cubeide_1.9.0/stm32cubeide/plugins/com.st.stm32cube.ide.mcu.externaltools.gnu-tools-for-stm32.10.3-2021.10.win32_1.0.0.202111181127/tools/bin/../lib/gcc/arm-none-eabi/10.3.1/thumb/v7e-m+fp/hard/crtend.o
LOAD c:/st/stm32cubeide_1.9.0/stm32cubeide/plugins/com.st.stm32cube.ide.mcu.externaltools.gnu-tools-for-stm32.10.3-2021.10.win32_1.0.0.202111181127/tools/bin/../lib/gcc/arm-none-eabi/10.3.1/thumb/v7e-m+fp/hard/crtn.o
                0x0000000020050000                _estack = 0x20050000
                0x0000000000001000                _Min_Heap_Size = 0x1000
                0x0000000000001000                _Min_Stack_Size = 0x1000

.isr_vector     0x0000000008000000      0x1c8
                0x0000000008000000                . = ALIGN (0x4)
 *(.isr_vector)
 .isr_vector    0x0000000008000000      0x1c8 ./startup/startup_stm32f746xx.o
                0x0000000008000000                g_pfnVectors
                0x00000000080001c8                . = ALIGN (0x4)

.text           0x00000000080001d0     0x4f8c
                0x00000000080001d0                . = ALIGN (0x4)
 *(.text)
 .text          0x00000000080001d0       0x40 c:/st/stm32cubeide_1.9.0/stm32cubeide/plugins/com.st.stm32cube.ide.mcu.externaltools.gnu-tools-for-stm32.10.3-2021.10.win32_1.0.0.202111181127/tools/bin/../lib/gcc/arm-none-eabi/10.3.1/thumb/v7e-m+fp/hard/crtbegin.o
 .text          0x0000000008000210       0xa0 c:/st/stm32cubeide_1.9.0/stm32cubeide/plugins/com.st.stm32cube.ide.mcu.externaltools.gnu-tools-for-stm32.10.3-2021.10.win32_1.0.0.202111181127/tools/bin/../lib/gcc/arm-none-eabi/10.3.1/../../../../arm-none-eabi/lib/thumb/v7e-m+fp/hard\libc_nano.a(lib_a-memchr.o)
                0x0000000008000210                memchr
 .text          0x00000000080002b0       0x10 c:/st/stm32cubeide_1.9.0/stm32cubeide/plugins/com.st.stm32cube.ide.mcu.externaltools.gnu-tools-for-stm32.10.3-2021.10.win32_1.0.0.202111181127/tools/bin/../lib/gcc/arm-none-eabi/10.3.1/../../../../arm-none-eabi/lib/thumb/v7e-m+fp/hard\libc_nano.a(lib_a-strlen.o)
                0x00000000080002b0                strlen
 .text          0x00000000080002c0       0x30 c:/st/stm32cubeide_1.9.0/stm32cubeide/plugins/com.st.stm32cube.ide.mcu.externaltools.gnu-tools-for-stm32.10.3-2021.10.win32_1.0.0.202111181127/tools/bin/../lib/gcc/arm-none-eabi/10.3.1/thumb/v7e-m+fp/hard\libgcc.a(_aeabi_uldivmod.o)
                0x00000000080002c0                __aeabi_uldivmod
 .text          0x00000000080002f0      0x2d0 c:/st/stm32cubeide_1.9.0/stm32cubeide/plugins/com.st.stm32cube.ide.mcu.externaltools.gnu-tools-for-stm32.10.3-2021.10.win32_1.0.0.202111181127/tools/bin/../lib/gcc/arm-none-eabi/10.3.1/thumb/v7e-m+fp/hard\libgcc.a(_udivmoddi4.o)
                0x00000000080002f0                __udivmoddi4
 .text          0x00000000080005c0        0x4 c:/st/stm32cubeide_1.9.0/stm32cubeide/plugins/com.st.stm32cube.ide.mcu.externaltools.gnu-tools-for-stm32.10.3-2021.10.win32_1.0.0.202111181127/tools/bin/../lib/gcc/arm-none-eabi/10.3.1/thumb/v7e-m+fp/hard\libgcc.a(_dvmd_tls.o)
                0x00000000080005c0                __aeabi_idiv0
                0x00000000080005c0                __aeabi_ldiv0
 *(.text*)
 .text.MX_GPIO_Init
                0x00000000080005c4      0x670 ./Core/Src/main.o
 .text.Error_Handler
                0x0000000008000c34        0x4 ./Core/Src/main.o
                0x0000000008000c34                Error_Handler
 .text.MX_USART1_UART_Init
                0x0000000008000c38       0x38 ./Core/Src/main.o
 .text.SystemClock_Config
                0x0000000008000c70       0xa8 ./Core/Src/main.o
                0x0000000008000c70                SystemClock_Config
 .text.main     0x0000000008000d18       0x26 ./Core/Src/main.o
                0x0000000008000d18                main
 *fill*         0x0000000008000d3e        0x2 
 .text.HAL_MspInit
                0x0000000008000d40       0x30 ./Core/Src/stm32f7xx_hal_msp.o
                0x0000000008000d40                HAL_MspInit
 .text.HAL_UART_MspInit
                0x0000000008000d70       0xb4 ./Core/Src/stm32f7xx_hal_msp.o
                0x0000000008000d70                HAL_UART_MspInit
 .text.NMI_Handler
                0x0000000008000e24        0x2 ./Core/Src/stm32f7xx_it.o
                0x0000000008000e24                NMI_Handler
 .text.HardFault_Handler
                0x0000000008000e26        0x2 ./Core/Src/stm32f7xx_it.o
                0x0000000008000e26                HardFault_Handler
 .text.MemManage_Handler
                0x0000000008000e28        0x2 ./Core/Src/stm32f7xx_it.o
                0x0000000008000e28                MemManage_Handler
 .text.BusFault_Handler
                0x0000000008000e2a        0x2 ./Core/Src/stm32f7xx_it.o
                0x0000000008000e2a                BusFault_Handler
 .text.UsageFault_Handler
                0x0000000008000e2c        0x2 ./Core/Src/stm32f7xx_it.o
                0x0000000008000e2c                UsageFault_Handler
 .text.SVC_Handler
                0x0000000008000e2e        0x2 ./Core/Src/stm32f7xx_it.o
                0x0000000008000e2e                SVC_Handler
 .text.DebugMon_Handler
                0x0000000008000e30        0x2 ./Core/Src/stm32f7xx_it.o
                0x0000000008000e30                DebugMon_Handler
 .text.PendSV_Handler
                0x0000000008000e32        0x2 ./Core/Src/stm32f7xx_it.o
                0x0000000008000e32                PendSV_Handler
 .text.SysTick_Handler
                0x0000000008000e34       0x2a ./Core/Src/stm32f7xx_it.o
                0x0000000008000e34                SysTick_Handler
 *fill*         0x0000000008000e5e        0x2 
 .text.SystemInit
                0x0000000008000e60       0x1c ./Core/Src/system_stm32f7xx.o
                0x0000000008000e60                SystemInit
 .text.HAL_InitTick
                0x0000000008000e7c       0x48 ./Drivers/STM32F7xx_HAL_Driver/Src/stm32f7xx_hal.o
                0x0000000008000e7c                HAL_InitTick
 .text.HAL_Init
                0x0000000008000ec4       0x16 ./Drivers/STM32F7xx_HAL_Driver/Src/stm32f7xx_hal.o
                0x0000000008000ec4                HAL_Init
 *fill*         0x0000000008000eda        0x2 
 .text.HAL_IncTick
                0x0000000008000edc       0x18 ./Drivers/STM32F7xx_HAL_Driver/Src/stm32f7xx_hal.o
                0x0000000008000edc                HAL_IncTick
 .text.HAL_GetTick
                0x0000000008000ef4        0xc ./Drivers/STM32F7xx_HAL_Driver/Src/stm32f7xx_hal.o
                0x0000000008000ef4                HAL_GetTick
 .text.HAL_NVIC_SetPriorityGrouping
                0x0000000008000f00       0x24 ./Drivers/STM32F7xx_HAL_Driver/Src/stm32f7xx_hal_cortex.o
                0x0000000008000f00                HAL_NVIC_SetPriorityGrouping
 .text.HAL_NVIC_SetPriority
                0x0000000008000f24       0x6c ./Drivers/STM32F7xx_HAL_Driver/Src/stm32f7xx_hal_cortex.o
                0x0000000008000f24                HAL_NVIC_SetPriority
 .text.HAL_SYSTICK_Config
                0x0000000008000f90       0x28 ./Drivers/STM32F7xx_HAL_Driver/Src/stm32f7xx_hal_cortex.o
                0x0000000008000f90                HAL_SYSTICK_Config
 .text.DMA_SetConfig
                0x0000000008000fb8       0x2c ./Drivers/STM32F7xx_HAL_Driver/Src/stm32f7xx_hal_dma.o
 .text.HAL_DMA_Start_IT
                0x0000000008000fe4       0x74 ./Drivers/STM32F7xx_HAL_Driver/Src/stm32f7xx_hal_dma.o
                0x0000000008000fe4                HAL_DMA_Start_IT
 .text.HAL_GPIO_Init
                0x0000000008001058      0x1f8 ./Drivers/STM32F7xx_HAL_Driver/Src/stm32f7xx_hal_gpio.o
                0x0000000008001058                HAL_GPIO_Init
 .text.HAL_GPIO_WritePin
                0x0000000008001250        0xc ./Drivers/STM32F7xx_HAL_Driver/Src/stm32f7xx_hal_gpio.o
                0x0000000008001250                HAL_GPIO_WritePin
 .text.HAL_RCC_OscConfig
                0x000000000800125c      0x438 ./Drivers/STM32F7xx_HAL_Driver/Src/stm32f7xx_hal_rcc.o
                0x000000000800125c                HAL_RCC_OscConfig
 .text.HAL_RCC_GetSysClockFreq
                0x0000000008001694       0xa4 ./Drivers/STM32F7xx_HAL_Driver/Src/stm32f7xx_hal_rcc.o
                0x0000000008001694                HAL_RCC_GetSysClockFreq
 .text.HAL_RCC_ClockConfig
                0x0000000008001738      0x16c ./Drivers/STM32F7xx_HAL_Driver/Src/stm32f7xx_hal_rcc.o
                0x0000000008001738                HAL_RCC_ClockConfig
 .text.HAL_RCC_GetHCLKFreq
                0x00000000080018a4        0xc ./Drivers/STM32F7xx_HAL_Driver/Src/stm32f7xx_hal_rcc.o
                0x00000000080018a4                HAL_RCC_GetHCLKFreq
 .text.HAL_RCC_GetPCLK1Freq
                0x00000000080018b0       0x20 ./Drivers/STM32F7xx_HAL_Driver/Src/stm32f7xx_hal_rcc.o
                0x00000000080018b0                HAL_RCC_GetPCLK1Freq
 .text.HAL_RCC_GetPCLK2Freq
                0x00000000080018d0       0x20 ./Drivers/STM32F7xx_HAL_Driver/Src/stm32f7xx_hal_rcc.o
                0x00000000080018d0                HAL_RCC_GetPCLK2Freq
 .text.HAL_RCCEx_PeriphCLKConfig
                0x00000000080018f0      0x5ac ./Drivers/STM32F7xx_HAL_Driver/Src/stm32f7xx_hal_rcc_ex.o
                0x00000000080018f0                HAL_RCCEx_PeriphCLKConfig
 .text.UART_EndTxTransfer
                0x0000000008001e9c       0x18 ./Drivers/STM32F7xx_HAL_Driver/Src/stm32f7xx_hal_uart.o
 .text.UART_EndRxTransfer
                0x0000000008001eb4       0x50 ./Drivers/STM32F7xx_HAL_Driver/Src/stm32f7xx_hal_uart.o
 .text.HAL_UART_Transmit_DMA
                0x0000000008001f04       0xb4 ./Drivers/STM32F7xx_HAL_Driver/Src/stm32f7xx_hal_uart.o
                0x0000000008001f04                HAL_UART_Transmit_DMA
 .text.HAL_UART_TxCpltCallback
                0x0000000008001fb8        0x2 ./Drivers/STM32F7xx_HAL_Driver/Src/stm32f7xx_hal_uart.o
                0x0000000008001fb8                HAL_UART_TxCpltCallback
 .text.UART_DMATransmitCplt
                0x0000000008001fba       0x46 ./Drivers/STM32F7xx_HAL_Driver/Src/stm32f7xx_hal_uart.o
 .text.HAL_UART_TxHalfCpltCallback
                0x0000000008002000        0x2 ./Drivers/STM32F7xx_HAL_Driver/Src/stm32f7xx_hal_uart.o
                0x0000000008002000                HAL_UART_TxHalfCpltCallback
 .text.UART_DMATxHalfCplt
                0x0000000008002002        0xa ./Drivers/STM32F7xx_HAL_Driver/Src/stm32f7xx_hal_uart.o
 .text.HAL_UART_ErrorCallback
                0x000000000800200c        0x2 ./Drivers/STM32F7xx_HAL_Driver/Src/stm32f7xx_hal_uart.o
                0x000000000800200c                HAL_UART_ErrorCallback
 .text.UART_DMAError
                0x000000000800200e       0x54 ./Drivers/STM32F7xx_HAL_Driver/Src/stm32f7xx_hal_uart.o
 *fill*         0x0000000008002062        0x2 
 .text.UART_SetConfig
                0x0000000008002064      0x330 ./Drivers/STM32F7xx_HAL_Driver/Src/stm32f7xx_hal_uart.o
                0x0000000008002064                UART_SetConfig
 .text.UART_AdvFeatureConfig
                0x0000000008002394       0xca ./Drivers/STM32F7xx_HAL_Driver/Src/stm32f7xx_hal_uart.o
                0x0000000008002394                UART_AdvFeatureConfig
 .text.UART_WaitOnFlagUntilTimeout
                0x000000000800245e       0xd4 ./Drivers/STM32F7xx_HAL_Driver/Src/stm32f7xx_hal_uart.o
                0x000000000800245e                UART_WaitOnFlagUntilTimeout
 .text.HAL_UART_Transmit
                0x0000000008002532       0xd4 ./Drivers/STM32F7xx_HAL_Driver/Src/stm32f7xx_hal_uart.o
                0x0000000008002532                HAL_UART_Transmit
 .text.UART_CheckIdleState
                0x0000000008002606       0x48 ./Drivers/STM32F7xx_HAL_Driver/Src/stm32f7xx_hal_uart.o
                0x0000000008002606                UART_CheckIdleState
 .text.HAL_UART_Init
                0x000000000800264e       0x62 ./Drivers/STM32F7xx_HAL_Driver/Src/stm32f7xx_hal_uart.o
                0x000000000800264e                HAL_UART_Init
 .text._ZN14StateMachine01D2Ev
                0x00000000080026b0       0x2c ./app/statemachine01.o
                0x00000000080026b0                StateMachine01::~StateMachine01()
                0x00000000080026b0                StateMachine01::~StateMachine01()
 .text._ZN14StateMachine01D0Ev
                0x00000000080026dc       0x14 ./app/statemachine01.o
                0x00000000080026dc                StateMachine01::~StateMachine01()
 .text._ZNSt7__cxx1112basic_stringIcSt11char_traitsIcESaIcEE12_M_constructIPcEEvT_S7_St20forward_iterator_tag
                0x00000000080026f0       0x58 ./app/statemachine01.o
                0x00000000080026f0                void std::__cxx11::basic_string<char, std::char_traits<char>, std::allocator<char> >::_M_construct<char*>(char*, char*, std::forward_iterator_tag)
 .text._ZN14StateMachine0112processEventEv
                0x0000000008002748       0xb0 ./app/statemachine01.o
                0x0000000008002748                StateMachine01::processEvent()
 .text._ZN14StateMachine01C2EiNSt7__cxx1112basic_stringIcSt11char_traitsIcESaIcEEE
                0x00000000080027f8       0x38 ./app/statemachine01.o
                0x00000000080027f8                StateMachine01::StateMachine01(int, std::__cxx11::basic_string<char, std::char_traits<char>, std::allocator<char> >)
                0x00000000080027f8                StateMachine01::StateMachine01(int, std::__cxx11::basic_string<char, std::char_traits<char>, std::allocator<char> >)
 .text.Factory_initialize
                0x0000000008002830        0x2 ./app/testfactory01.o
                0x0000000008002830                Factory_initialize
 *fill*         0x0000000008002832        0x2 
 .text._ZN13TestFactory015buildEv
                0x0000000008002834       0x2c ./app/testfactory01.o
                0x0000000008002834                TestFactory01::build()
 .text.Factory_build
                0x0000000008002860        0x8 ./app/testfactory01.o
                0x0000000008002860                Factory_build
 .text._Z41__static_initialization_and_destruction_0ii
                0x0000000008002868       0x80 ./app/testfactory01.o
 .text._GLOBAL__sub_I_Factory_initialize
                0x00000000080028e8        0xe ./app/testfactory01.o
 .text._GLOBAL__sub_D_Factory_initialize
                0x00000000080028f6        0xe ./app/testfactory01.o
 .text._ZL10traceMutexv
                0x0000000008002904        0xc ./platform/f7-disco-gcc/board/trace.o
 .text._ZL14traceMutexLockv
                0x0000000008002910        0xe ./platform/f7-disco-gcc/board/trace.o
 .text._ZL16traceMutexUnlockv
                0x000000000800291e        0xe ./platform/f7-disco-gcc/board/trace.o
 .text._ZL17checkStringEndingPcm
                0x000000000800292c       0x42 ./platform/f7-disco-gcc/board/trace.o
 *fill*         0x000000000800296e        0x2 
 .text._ZN5Trace3outENSt7__cxx1112basic_stringIcSt11char_traitsIcESaIcEEE
                0x0000000008002970       0xa8 ./platform/f7-disco-gcc/board/trace.o
                0x0000000008002970                Trace::out(std::__cxx11::basic_string<char, std::char_traits<char>, std::allocator<char> >)
 .text._ZN5Trace3outEPKcz
                0x0000000008002a18       0x4c ./platform/f7-disco-gcc/board/trace.o
                0x0000000008002a18                Trace::out(char const*, ...)
 .text._Z41__static_initialization_and_destruction_0ii
                0x0000000008002a64       0x4c ./platform/f7-disco-gcc/board/trace.o
 .text._GLOBAL__sub_I_trace_initialize
                0x0000000008002ab0        0xe ./platform/f7-disco-gcc/board/trace.o
 .text._GLOBAL__sub_D_trace_initialize
                0x0000000008002abe        0xe ./platform/f7-disco-gcc/board/trace.o
 .text._Z5inISRv
                0x0000000008002acc        0xc ./platform/f7-disco-gcc/mcu/critical/critical.o
                0x0000000008002acc                inISR()
 .text._Z13enterCriticalv
                0x0000000008002ad8       0x20 ./platform/f7-disco-gcc/mcu/critical/critical.o
                0x0000000008002ad8                enterCritical()
 .text._Z12exitCriticalv
                0x0000000008002af8       0x1c ./platform/f7-disco-gcc/mcu/critical/critical.o
                0x0000000008002af8                exitCritical()
 .text._ZN4UartD2Ev
                0x0000000008002b14        0xc ./platform/f7-disco-gcc/mcu/hal/uart.o
                0x0000000008002b14                Uart::~Uart()
                0x0000000008002b14                Uart::~Uart()
 .text._ZN4UartD0Ev
                0x0000000008002b20       0x14 ./platform/f7-disco-gcc/mcu/hal/uart.o
                0x0000000008002b20                Uart::~Uart()
 .text._ZN4UartC2EhP20__UART_HandleTypeDefb
                0x0000000008002b34       0x58 ./platform/f7-disco-gcc/mcu/hal/uart.o
                0x0000000008002b34                Uart::Uart(unsigned char, __UART_HandleTypeDef*, bool)
                0x0000000008002b34                Uart::Uart(unsigned char, __UART_HandleTypeDef*, bool)
 .text._ZN4Uart13writeUsingDMAEPKhm
                0x0000000008002b8c       0x40 ./platform/f7-disco-gcc/mcu/hal/uart.o
                0x0000000008002b8c                Uart::writeUsingDMA(unsigned char const*, unsigned long)
 .text._ZN4Uart5writeEPKcj
                0x0000000008002bcc       0x2e ./platform/f7-disco-gcc/mcu/hal/uart.o
                0x0000000008002bcc                Uart::write(char const*, unsigned int)
 *fill*         0x0000000008002bfa        0x2 
 .text.Reset_Handler
                0x0000000008002bfc       0x50 ./startup/startup_stm32f746xx.o
                0x0000000008002bfc                Reset_Handler
 .text.Default_Handler
                0x0000000008002c4c        0x2 ./startup/startup_stm32f746xx.o
                0x0000000008002c4c                RTC_Alarm_IRQHandler
                0x0000000008002c4c                EXTI2_IRQHandler
                0x0000000008002c4c                TIM8_CC_IRQHandler
                0x0000000008002c4c                UART8_IRQHandler
                0x0000000008002c4c                SPI4_IRQHandler
                0x0000000008002c4c                TIM1_CC_IRQHandler
                0x0000000008002c4c                DMA2_Stream5_IRQHandler
                0x0000000008002c4c                DMA1_Stream5_IRQHandler
                0x0000000008002c4c                PVD_IRQHandler
                0x0000000008002c4c                TAMP_STAMP_IRQHandler
                0x0000000008002c4c                CAN2_RX1_IRQHandler
                0x0000000008002c4c                EXTI3_IRQHandler
                0x0000000008002c4c                TIM8_TRG_COM_TIM14_IRQHandler
                0x0000000008002c4c                TIM1_UP_TIM10_IRQHandler
                0x0000000008002c4c                TIM8_UP_TIM13_IRQHandler
                0x0000000008002c4c                I2C3_ER_IRQHandler
                0x0000000008002c4c                EXTI0_IRQHandler
                0x0000000008002c4c                I2C2_EV_IRQHandler
                0x0000000008002c4c                DMA1_Stream2_IRQHandler
                0x0000000008002c4c                CAN1_RX0_IRQHandler
                0x0000000008002c4c                FPU_IRQHandler
                0x0000000008002c4c                OTG_HS_WKUP_IRQHandler
                0x0000000008002c4c                LTDC_ER_IRQHandler
                0x0000000008002c4c                CAN2_SCE_IRQHandler
                0x0000000008002c4c                DMA2_Stream2_IRQHandler
                0x0000000008002c4c                SPI1_IRQHandler
                0x0000000008002c4c                TIM6_DAC_IRQHandler
                0x0000000008002c4c                TIM1_BRK_TIM9_IRQHandler
                0x0000000008002c4c                DCMI_IRQHandler
                0x0000000008002c4c                CAN2_RX0_IRQHandler
                0x0000000008002c4c                DMA2_Stream3_IRQHandler
                0x0000000008002c4c                SAI2_IRQHandler
                0x0000000008002c4c                USART6_IRQHandler
                0x0000000008002c4c                USART3_IRQHandler
                0x0000000008002c4c                CAN1_RX1_IRQHandler
                0x0000000008002c4c                UART5_IRQHandler
                0x0000000008002c4c                DMA2_Stream0_IRQHandler
                0x0000000008002c4c                TIM4_IRQHandler
                0x0000000008002c4c                QUADSPI_IRQHandler
                0x0000000008002c4c                I2C1_EV_IRQHandler
                0x0000000008002c4c                DMA1_Stream6_IRQHandler
                0x0000000008002c4c                DMA1_Stream1_IRQHandler
                0x0000000008002c4c                UART4_IRQHandler
                0x0000000008002c4c                TIM3_IRQHandler
                0x0000000008002c4c                RCC_IRQHandler
                0x0000000008002c4c                TIM8_BRK_TIM12_IRQHandler
                0x0000000008002c4c                Default_Handler
                0x0000000008002c4c                CEC_IRQHandler
                0x0000000008002c4c                EXTI15_10_IRQHandler
                0x0000000008002c4c                ADC_IRQHandler
                0x0000000008002c4c                DMA1_Stream7_IRQHandler
                0x0000000008002c4c                SPI5_IRQHandler
                0x0000000008002c4c                TIM7_IRQHandler
                0x0000000008002c4c                SDMMC1_IRQHandler
                0x0000000008002c4c                CAN2_TX_IRQHandler
                0x0000000008002c4c                TIM5_IRQHandler
                0x0000000008002c4c                DMA2_Stream7_IRQHandler
                0x0000000008002c4c                I2C3_EV_IRQHandler
                0x0000000008002c4c                EXTI9_5_IRQHandler
                0x0000000008002c4c                RTC_WKUP_IRQHandler
                0x0000000008002c4c                LTDC_IRQHandler
                0x0000000008002c4c                ETH_WKUP_IRQHandler
                0x0000000008002c4c                SPDIF_RX_IRQHandler
                0x0000000008002c4c                SPI2_IRQHandler
                0x0000000008002c4c                OTG_HS_EP1_IN_IRQHandler
                0x0000000008002c4c                DMA1_Stream0_IRQHandler
                0x0000000008002c4c                CAN1_TX_IRQHandler
                0x0000000008002c4c                EXTI4_IRQHandler
                0x0000000008002c4c                RNG_IRQHandler
                0x0000000008002c4c                ETH_IRQHandler
                0x0000000008002c4c                OTG_HS_EP1_OUT_IRQHandler
                0x0000000008002c4c                WWDG_IRQHandler
                0x0000000008002c4c                SPI6_IRQHandler
                0x0000000008002c4c                I2C4_EV_IRQHandler
                0x0000000008002c4c                TIM2_IRQHandler
                0x0000000008002c4c                OTG_FS_WKUP_IRQHandler
                0x0000000008002c4c                TIM1_TRG_COM_TIM11_IRQHandler
                0x0000000008002c4c                OTG_HS_IRQHandler
                0x0000000008002c4c                DMA2D_IRQHandler
                0x0000000008002c4c                EXTI1_IRQHandler
                0x0000000008002c4c                UART7_IRQHandler
                0x0000000008002c4c                USART2_IRQHandler
                0x0000000008002c4c                I2C2_ER_IRQHandler
                0x0000000008002c4c                DMA2_Stream1_IRQHandler
                0x0000000008002c4c                CAN1_SCE_IRQHandler
                0x0000000008002c4c                FLASH_IRQHandler
                0x0000000008002c4c                DMA2_Stream4_IRQHandler
                0x0000000008002c4c                USART1_IRQHandler
                0x0000000008002c4c                OTG_FS_IRQHandler
                0x0000000008002c4c                SPI3_IRQHandler
                0x0000000008002c4c                DMA1_Stream4_IRQHandler
                0x0000000008002c4c                I2C1_ER_IRQHandler
                0x0000000008002c4c                FMC_IRQHandler
                0x0000000008002c4c                LPTIM1_IRQHandler
                0x0000000008002c4c                I2C4_ER_IRQHandler
                0x0000000008002c4c                DMA2_Stream6_IRQHandler
                0x0000000008002c4c                SAI1_IRQHandler
                0x0000000008002c4c                DMA1_Stream3_IRQHandler
 .text._ZNK10XFBehavior17deleteOnTerminateEv
                0x0000000008002c4e        0x4 ./xf/core/behavior.o
                0x0000000008002c4e                XFBehavior::deleteOnTerminate() const
 .text._ZN10XFBehavior20setDeleteOnTerminateEb
                0x0000000008002c52        0x4 ./xf/core/behavior.o
                0x0000000008002c52                XFBehavior::setDeleteOnTerminate(bool)
 .text._ZN10XFBehavior13startBehaviorEv
                0x0000000008002c56       0x1c ./xf/core/behavior.o
                0x0000000008002c56                XFBehavior::startBehavior()
 *fill*         0x0000000008002c72        0x2 
 .text._ZN10XFBehaviorC2Ev
                0x0000000008002c74       0x18 ./xf/core/behavior.o
                0x0000000008002c74                XFBehavior::XFBehavior()
                0x0000000008002c74                XFBehavior::XFBehavior()
 .text._ZN10XFBehaviorD0Ev
                0x0000000008002c8c       0x14 ./xf/core/behavior.o
                0x0000000008002c8c                XFBehavior::~XFBehavior()
 .text._ZN10XFBehaviorD2Ev
                0x0000000008002ca0       0x28 ./xf/core/behavior.o
                0x0000000008002ca0                XFBehavior::~XFBehavior()
                0x0000000008002ca0                XFBehavior::~XFBehavior()
 .text._ZNK10XFBehavior15getCurrentEventEv
                0x0000000008002cc8        0x4 ./xf/core/behavior.o
                0x0000000008002cc8                XFBehavior::getCurrentEvent() const
 .text._ZN10XFBehavior13getDispatcherEv
                0x0000000008002ccc        0x8 ./xf/core/behavior.o
                0x0000000008002ccc                XFBehavior::getDispatcher()
 .text._ZN10XFBehavior9pushEventEP7XFEvent
                0x0000000008002cd4       0x1a ./xf/core/behavior.o
                0x0000000008002cd4                XFBehavior::pushEvent(XFEvent*)
 .text._ZN10XFBehavior17getCurrentTimeoutEv
                0x0000000008002cee        0xc ./xf/core/behavior.o
                0x0000000008002cee                XFBehavior::getCurrentTimeout()
 .text._ZN10XFBehavior15setCurrentEventEPK7XFEvent
                0x0000000008002cfa        0x4 ./xf/core/behavior.o
                0x0000000008002cfa                XFBehavior::setCurrentEvent(XFEvent const*)
 .text._ZN10XFBehavior7processEPK7XFEvent
                0x0000000008002cfe       0x44 ./xf/core/behavior.o
                0x0000000008002cfe                XFBehavior::process(XFEvent const*)
 *fill*         0x0000000008002d42        0x2 
 .text._ZN7XFEventD2Ev
                0x0000000008002d44        0xc ./xf/core/customevent.o
                0x0000000008002d44                XFEvent::~XFEvent()
                0x0000000008002d44                XFEvent::~XFEvent()
 .text._ZNK7XFEvent18deleteAfterConsumeEv
                0x0000000008002d50        0x4 ./xf/core/customevent.o
                0x0000000008002d50                XFEvent::deleteAfterConsume() const
 .text._ZN7XFEventD0Ev
                0x0000000008002d54       0x18 ./xf/core/customevent.o
                0x0000000008002d54                XFEvent::~XFEvent()
 .text._ZNK19XFDefaultTransition18deleteAfterConsumeEv
                0x0000000008002d6c        0x4 ./xf/core/defaulttransition.o
                0x0000000008002d6c                XFDefaultTransition::deleteAfterConsume() const
 .text._ZN19XFDefaultTransitionD2Ev
                0x0000000008002d70       0x14 ./xf/core/defaulttransition.o
                0x0000000008002d70                XFDefaultTransition::~XFDefaultTransition()
                0x0000000008002d70                XFDefaultTransition::~XFDefaultTransition()
 .text._ZN19XFDefaultTransitionD0Ev
                0x0000000008002d84       0x20 ./xf/core/defaulttransition.o
                0x0000000008002d84                XFDefaultTransition::~XFDefaultTransition()
 .text._ZN19XFDefaultTransitionC2Ev
                0x0000000008002da4       0x1c ./xf/core/defaulttransition.o
                0x0000000008002da4                XFDefaultTransition::XFDefaultTransition()
                0x0000000008002da4                XFDefaultTransition::XFDefaultTransition()
 .text._ZNK14XFInitialEvent18deleteAfterConsumeEv
                0x0000000008002dc0        0x4 ./xf/core/initialevent.o
                0x0000000008002dc0                XFInitialEvent::deleteAfterConsume() const
 .text._ZN14XFInitialEventD2Ev
                0x0000000008002dc4       0x14 ./xf/core/initialevent.o
                0x0000000008002dc4                XFInitialEvent::~XFInitialEvent()
                0x0000000008002dc4                XFInitialEvent::~XFInitialEvent()
 .text._ZN14XFInitialEventD0Ev
                0x0000000008002dd8       0x20 ./xf/core/initialevent.o
                0x0000000008002dd8                XFInitialEvent::~XFInitialEvent()
 .text._ZN14XFInitialEventC2Ev
                0x0000000008002df8       0x1c ./xf/core/initialevent.o
                0x0000000008002df8                XFInitialEvent::XFInitialEvent()
                0x0000000008002df8                XFInitialEvent::XFInitialEvent()
 .text._ZNK9XFTimeout18deleteAfterConsumeEv
                0x0000000008002e14        0x4 ./xf/core/timeout.o
                0x0000000008002e14                XFTimeout::deleteAfterConsume() const
 .text._ZN9XFTimeoutD2Ev
                0x0000000008002e18       0x14 ./xf/core/timeout.o
                0x0000000008002e18                XFTimeout::~XFTimeout()
                0x0000000008002e18                XFTimeout::~XFTimeout()
 .text._ZN9XFTimeoutD0Ev
                0x0000000008002e2c       0x20 ./xf/core/timeout.o
                0x0000000008002e2c                XFTimeout::~XFTimeout()
 .text._ZN9XFTimeoutC2EiiPN9interface10XFBehaviorE
                0x0000000008002e4c       0x28 ./xf/core/timeout.o
                0x0000000008002e4c                XFTimeout::XFTimeout(int, int, interface::XFBehavior*)
                0x0000000008002e4c                XFTimeout::XFTimeout(int, int, interface::XFBehavior*)
 .text._ZN12XFDispatcher7executeEPKv
                0x0000000008002e74        0xe ./xf/port/common/dispatcher.o
                0x0000000008002e74                XFDispatcher::execute(void const*)
 .text._ZNK12XFDispatcher13dispatchEventEPK7XFEvent
                0x0000000008002e82       0x1a ./xf/port/common/dispatcher.o
                0x0000000008002e82                XFDispatcher::dispatchEvent(XFEvent const*) const
 .text._ZN12XFDispatcher15scheduleTimeoutEiiPN9interface10XFBehaviorE
                0x0000000008002e9c       0x1a ./xf/port/common/dispatcher.o
                0x0000000008002e9c                XFDispatcher::scheduleTimeout(int, int, interface::XFBehavior*)
 .text._ZN12XFDispatcher17unscheduleTimeoutEiPN9interface10XFBehaviorE
                0x0000000008002eb6       0x16 ./xf/port/common/dispatcher.o
                0x0000000008002eb6                XFDispatcher::unscheduleTimeout(int, interface::XFBehavior*)
 .text._ZN12XFDispatcherC2Ev
                0x0000000008002ecc       0x20 ./xf/port/common/dispatcher.o
                0x0000000008002ecc                XFDispatcher::XFDispatcher()
                0x0000000008002ecc                XFDispatcher::XFDispatcher()
 .text._ZN9interface12XFDispatcher11getInstanceEv
                0x0000000008002eec       0x44 ./xf/port/common/dispatcher.o
                0x0000000008002eec                interface::XFDispatcher::getInstance()
 .text._ZN12XFDispatcherD2Ev
                0x0000000008002f30       0x20 ./xf/port/common/dispatcher.o
                0x0000000008002f30                XFDispatcher::~XFDispatcher()
                0x0000000008002f30                XFDispatcher::~XFDispatcher()
 .text.__tcf_0  0x0000000008002f50       0x10 ./xf/port/common/dispatcher.o
 .text._ZN12XFDispatcherD0Ev
                0x0000000008002f60       0x14 ./xf/port/common/dispatcher.o
                0x0000000008002f60                XFDispatcher::~XFDispatcher()
 .text._ZN12XFDispatcher9pushEventEP7XFEvent
                0x0000000008002f74        0xc ./xf/port/common/dispatcher.o
                0x0000000008002f74                XFDispatcher::pushEvent(XFEvent*)
 .text._ZN12XFDispatcher11executeOnceEv
                0x0000000008002f80       0x28 ./xf/port/common/dispatcher.o
                0x0000000008002f80                XFDispatcher::executeOnce()
 .text._ZN9interface16XFTimeoutManager10initializeEl
                0x0000000008002fa8        0x4 ./xf/port/common/timeoutmanager.o
                0x0000000008002fa8                interface::XFTimeoutManager::initialize(long)
 .text._ZNK9interface16XFTimeoutManager15getTickIntervalEv
                0x0000000008002fac        0x4 ./xf/port/common/timeoutmanager.o
                0x0000000008002fac                interface::XFTimeoutManager::getTickInterval() const
 .text._ZN16XFTimeoutManager15scheduleTimeoutEllPN9interface10XFBehaviorE
                0x0000000008002fb0       0x3a ./xf/port/common/timeoutmanager.o
                0x0000000008002fb0                XFTimeoutManager::scheduleTimeout(long, long, interface::XFBehavior*)
 *fill*         0x0000000008002fea        0x2 
 .text._ZN16XFTimeoutManagerC2Ev
                0x0000000008002fec       0x2c ./xf/port/common/timeoutmanager.o
                0x0000000008002fec                XFTimeoutManager::XFTimeoutManager()
                0x0000000008002fec                XFTimeoutManager::XFTimeoutManager()
 .text._ZN9interface16XFTimeoutManager11getInstanceEv
                0x0000000008003018       0x44 ./xf/port/common/timeoutmanager.o
                0x0000000008003018                interface::XFTimeoutManager::getInstance()
 .text._ZN16XFTimeoutManager13returnTimeoutEP9XFTimeout
                0x000000000800305c        0xc ./xf/port/common/timeoutmanager.o
                0x000000000800305c                XFTimeoutManager::returnTimeout(XFTimeout*)
 .text._ZNKSt8functionIFvmEEclEm
                0x0000000008003068       0x1a ./xf/port/common/timeoutmanager.o
                0x0000000008003068                std::function<void (unsigned long)>::operator()(unsigned long) const
 .text._ZN16XFTimeoutManager5startESt8functionIFvmEE
                0x0000000008003082        0xe ./xf/port/common/timeoutmanager.o
                0x0000000008003082                XFTimeoutManager::start(std::function<void (unsigned long)>)
 .text._ZNSt7__cxx114listIP9XFTimeoutSaIS2_EE5eraseESt20_List_const_iteratorIS2_E
                0x0000000008003090       0x1e ./xf/port/common/timeoutmanager.o
                0x0000000008003090                std::__cxx11::list<XFTimeout*, std::allocator<XFTimeout*> >::erase(std::_List_const_iterator<XFTimeout*>)
 .text._ZN16XFTimeoutManager17unscheduleTimeoutElPN9interface10XFBehaviorE
                0x00000000080030ae       0x38 ./xf/port/common/timeoutmanager.o
                0x00000000080030ae                XFTimeoutManager::unscheduleTimeout(long, interface::XFBehavior*)
 .text._ZN16XFTimeoutManager4tickEv
                0x00000000080030e6       0x4e ./xf/port/common/timeoutmanager.o
                0x00000000080030e6                XFTimeoutManager::tick()
 .text._ZNSt7__cxx114listIP9XFTimeoutSaIS2_EE6insertESt20_List_const_iteratorIS2_ERKS2_
                0x0000000008003134       0x30 ./xf/port/common/timeoutmanager.o
                0x0000000008003134                std::__cxx11::list<XFTimeout*, std::allocator<XFTimeout*> >::insert(std::_List_const_iterator<XFTimeout*>, XFTimeout* const&)
 .text._ZN16XFTimeoutManager10addTimeoutEP9XFTimeout
                0x0000000008003164       0x9e ./xf/port/common/timeoutmanager.o
                0x0000000008003164                XFTimeoutManager::addTimeout(XFTimeout*)
 .text._ZNSt7__cxx1110_List_baseIP9XFTimeoutSaIS2_EE8_M_clearEv
                0x0000000008003202       0x18 ./xf/port/common/timeoutmanager.o
                0x0000000008003202                std::__cxx11::_List_base<XFTimeout*, std::allocator<XFTimeout*> >::_M_clear()
 *fill*         0x000000000800321a        0x2 
 .text._ZN16XFTimeoutManagerD2Ev
                0x000000000800321c       0x20 ./xf/port/common/timeoutmanager.o
                0x000000000800321c                XFTimeoutManager::~XFTimeoutManager()
                0x000000000800321c                XFTimeoutManager::~XFTimeoutManager()
 .text.__tcf_0  0x000000000800323c       0x10 ./xf/port/common/timeoutmanager.o
 .text._ZN16XFTimeoutManagerD0Ev
                0x000000000800324c       0x14 ./xf/port/common/timeoutmanager.o
                0x000000000800324c                XFTimeoutManager::~XFTimeoutManager()
 .text.XF_tick  0x0000000008003260       0x28 ./xf/port/idf-stm32/c-wrapper-functions.o
                0x0000000008003260                XF_tick
 .text.XF_tickIntervalInMilliseconds
                0x0000000008003288        0xe ./xf/port/idf-stm32/c-wrapper-functions.o
                0x0000000008003288                XF_tickIntervalInMilliseconds
 .text.XF_isRunning
                0x0000000008003296        0x8 ./xf/port/idf-stm32/c-wrapper-functions.o
                0x0000000008003296                XF_isRunning
 .text._ZN12XFEventQueue4pendEv
                0x000000000800329e        0x4 ./xf/port/idf-stm32/eventqueue.o
                0x000000000800329e                XFEventQueue::pend()
 .text._ZNK12XFEventQueue5emptyEv
                0x00000000080032a2        0xe ./xf/port/idf-stm32/eventqueue.o
                0x00000000080032a2                XFEventQueue::empty() const
 .text._ZN12XFEventQueue5frontEv
                0x00000000080032b0       0x18 ./xf/port/idf-stm32/eventqueue.o
                0x00000000080032b0                XFEventQueue::front()
 .text._ZNSt11_Deque_baseIPK7XFEventSaIS2_EE16_M_destroy_nodesEPPS2_S6_
                0x00000000080032c8       0x1a ./xf/port/idf-stm32/eventqueue.o
                0x00000000080032c8                std::_Deque_base<XFEvent const*, std::allocator<XFEvent const*> >::_M_destroy_nodes(XFEvent const***, XFEvent const***)
 .text._ZNSt11_Deque_baseIPK7XFEventSaIS2_EED2Ev
                0x00000000080032e2       0x20 ./xf/port/idf-stm32/eventqueue.o
                0x00000000080032e2                std::_Deque_base<XFEvent const*, std::allocator<XFEvent const*> >::~_Deque_base()
                0x00000000080032e2                std::_Deque_base<XFEvent const*, std::allocator<XFEvent const*> >::~_Deque_base()
 *fill*         0x0000000008003302        0x2 
 .text._ZN12XFEventQueueD2Ev
                0x0000000008003304       0x54 ./xf/port/idf-stm32/eventqueue.o
                0x0000000008003304                XFEventQueue::~XFEventQueue()
                0x0000000008003304                XFEventQueue::~XFEventQueue()
 .text._ZN12XFEventQueueD0Ev
                0x0000000008003358       0x14 ./xf/port/idf-stm32/eventqueue.o
                0x0000000008003358                XFEventQueue::~XFEventQueue()
 .text._ZNSt5dequeIPK7XFEventSaIS2_EE16_M_pop_front_auxEv
                0x000000000800336c       0x22 ./xf/port/idf-stm32/eventqueue.o
                0x000000000800336c                std::deque<XFEvent const*, std::allocator<XFEvent const*> >::_M_pop_front_aux()
 .text._ZN12XFEventQueue3popEv
                0x000000000800338e       0x1a ./xf/port/idf-stm32/eventqueue.o
                0x000000000800338e                XFEventQueue::pop()
 .text._ZNSt11_Deque_baseIPK7XFEventSaIS2_EE15_M_create_nodesEPPS2_S6_
                0x00000000080033a8       0x1a ./xf/port/idf-stm32/eventqueue.o
                0x00000000080033a8                std::_Deque_base<XFEvent const*, std::allocator<XFEvent const*> >::_M_create_nodes(XFEvent const***, XFEvent const***)
 .text._ZNSt11_Deque_baseIPK7XFEventSaIS2_EE17_M_initialize_mapEj
                0x00000000080033c2       0x82 ./xf/port/idf-stm32/eventqueue.o
                0x00000000080033c2                std::_Deque_base<XFEvent const*, std::allocator<XFEvent const*> >::_M_initialize_map(unsigned int)
 .text._ZN12XFEventQueueC2Ev
                0x0000000008003444       0x54 ./xf/port/idf-stm32/eventqueue.o
                0x0000000008003444                XFEventQueue::XFEventQueue()
                0x0000000008003444                XFEventQueue::XFEventQueue()
 .text._ZNSt5dequeIPK7XFEventSaIS2_EE17_M_reallocate_mapEjb
                0x0000000008003498       0xea ./xf/port/idf-stm32/eventqueue.o
                0x0000000008003498                std::deque<XFEvent const*, std::allocator<XFEvent const*> >::_M_reallocate_map(unsigned int, bool)
 *fill*         0x0000000008003582        0x2 
 .text._ZNSt5dequeIPK7XFEventSaIS2_EE16_M_push_back_auxIJRKS2_EEEvDpOT_
                0x0000000008003584       0x7c ./xf/port/idf-stm32/eventqueue.o
                0x0000000008003584                void std::deque<XFEvent const*, std::allocator<XFEvent const*> >::_M_push_back_aux<XFEvent const* const&>(XFEvent const* const&)
 .text._ZN12XFEventQueue4pushEPK7XFEventb
                0x0000000008003600       0x44 ./xf/port/idf-stm32/eventqueue.o
                0x0000000008003600                XFEventQueue::push(XFEvent const*, bool)
 .text._ZN7XFMutex7tryLockEl
                0x0000000008003644        0x4 ./xf/port/idf-stm32/mutex.o
                0x0000000008003644                XFMutex::tryLock(long)
 .text._ZN7XFMutexD2Ev
                0x0000000008003648       0x14 ./xf/port/idf-stm32/mutex.o
                0x0000000008003648                XFMutex::~XFMutex()
                0x0000000008003648                XFMutex::~XFMutex()
 .text._ZN7XFMutex4lockEv
                0x000000000800365c        0x8 ./xf/port/idf-stm32/mutex.o
                0x000000000800365c                XFMutex::lock()
 .text._ZN7XFMutex6unlockEv
                0x0000000008003664        0x8 ./xf/port/idf-stm32/mutex.o
                0x0000000008003664                XFMutex::unlock()
 .text._ZN7XFMutexD0Ev
                0x000000000800366c       0x20 ./xf/port/idf-stm32/mutex.o
                0x000000000800366c                XFMutex::~XFMutex()
 .text._ZN9interface7XFMutex6createEv
                0x000000000800368c       0x1c ./xf/port/idf-stm32/mutex.o
                0x000000000800368c                interface::XFMutex::create()
 .text._ZN2XF10initializeEiiPPc
                0x00000000080036a8       0x1c ./xf/port/idf-stm32/xf.o
                0x00000000080036a8                XF::initialize(int, int, char**)
 .text.XF_initialize
                0x00000000080036c4        0xc ./xf/port/idf-stm32/xf.o
                0x00000000080036c4                XF_initialize
 .text._ZN2XF8execOnceEv
                0x00000000080036d0       0x1c ./xf/port/idf-stm32/xf.o
                0x00000000080036d0                XF::execOnce()
 .text.XF_execOnce
                0x00000000080036ec        0x8 ./xf/port/idf-stm32/xf.o
                0x00000000080036ec                XF_execOnce
 .text._ZN2XF9isRunningEv
                0x00000000080036f4        0xc ./xf/port/idf-stm32/xf.o
                0x00000000080036f4                XF::isRunning()
 .text._ZdlPvj  0x0000000008003700        0x4 c:/st/stm32cubeide_1.9.0/stm32cubeide/plugins/com.st.stm32cube.ide.mcu.externaltools.gnu-tools-for-stm32.10.3-2021.10.win32_1.0.0.202111181127/tools/bin/../lib/gcc/arm-none-eabi/10.3.1/../../../../arm-none-eabi/lib/thumb/v7e-m+fp/hard\libstdc++_nano.a(del_ops.o)
                0x0000000008003700                operator delete(void*, unsigned int)
 .text.__cxa_guard_acquire
                0x0000000008003704       0x18 c:/st/stm32cubeide_1.9.0/stm32cubeide/plugins/com.st.stm32cube.ide.mcu.externaltools.gnu-tools-for-stm32.10.3-2021.10.win32_1.0.0.202111181127/tools/bin/../lib/gcc/arm-none-eabi/10.3.1/../../../../arm-none-eabi/lib/thumb/v7e-m+fp/hard\libstdc++_nano.a(guard.o)
                0x0000000008003704                __cxa_guard_acquire
 .text.__cxa_guard_release
                0x000000000800371c        0x6 c:/st/stm32cubeide_1.9.0/stm32cubeide/plugins/com.st.stm32cube.ide.mcu.externaltools.gnu-tools-for-stm32.10.3-2021.10.win32_1.0.0.202111181127/tools/bin/../lib/gcc/arm-none-eabi/10.3.1/../../../../arm-none-eabi/lib/thumb/v7e-m+fp/hard\libstdc++_nano.a(guard.o)
                0x000000000800371c                __cxa_guard_release
 .text._Znwj    0x0000000008003722       0x22 c:/st/stm32cubeide_1.9.0/stm32cubeide/plugins/com.st.stm32cube.ide.mcu.externaltools.gnu-tools-for-stm32.10.3-2021.10.win32_1.0.0.202111181127/tools/bin/../lib/gcc/arm-none-eabi/10.3.1/../../../../arm-none-eabi/lib/thumb/v7e-m+fp/hard\libstdc++_nano.a(new_op.o)
                0x0000000008003722                operator new(unsigned int)
 .text.__cxa_pure_virtual
                0x0000000008003744        0x6 c:/st/stm32cubeide_1.9.0/stm32cubeide/plugins/com.st.stm32cube.ide.mcu.externaltools.gnu-tools-for-stm32.10.3-2021.10.win32_1.0.0.202111181127/tools/bin/../lib/gcc/arm-none-eabi/10.3.1/../../../../arm-none-eabi/lib/thumb/v7e-m+fp/hard\libstdc++_nano.a(pure.o)
                0x0000000008003744                __cxa_pure_virtual
 .text._ZNSt8__detail15_List_node_base7_M_hookEPS0_
                0x000000000800374a        0xe c:/st/stm32cubeide_1.9.0/stm32cubeide/plugins/com.st.stm32cube.ide.mcu.externaltools.gnu-tools-for-stm32.10.3-2021.10.win32_1.0.0.202111181127/tools/bin/../lib/gcc/arm-none-eabi/10.3.1/../../../../arm-none-eabi/lib/thumb/v7e-m+fp/hard\libstdc++_nano.a(list.o)
                0x000000000800374a                std::__detail::_List_node_base::_M_hook(std::__detail::_List_node_base*)
 .text._ZNSt8__detail15_List_node_base9_M_unhookEv
                0x0000000008003758        0xa c:/st/stm32cubeide_1.9.0/stm32cubeide/plugins/com.st.stm32cube.ide.mcu.externaltools.gnu-tools-for-stm32.10.3-2021.10.win32_1.0.0.202111181127/tools/bin/../lib/gcc/arm-none-eabi/10.3.1/../../../../arm-none-eabi/lib/thumb/v7e-m+fp/hard\libstdc++_nano.a(list.o)
                0x0000000008003758                std::__detail::_List_node_base::_M_unhook()
 .text.unlikely._ZSt17__throw_bad_allocv
                0x0000000008003762        0x6 c:/st/stm32cubeide_1.9.0/stm32cubeide/plugins/com.st.stm32cube.ide.mcu.externaltools.gnu-tools-for-stm32.10.3-2021.10.win32_1.0.0.202111181127/tools/bin/../lib/gcc/arm-none-eabi/10.3.1/../../../../arm-none-eabi/lib/thumb/v7e-m+fp/hard\libstdc++_nano.a(functexcept.o)
                0x0000000008003762                std::__throw_bad_alloc()
 .text.unlikely._ZSt19__throw_logic_errorPKc
                0x0000000008003768        0x6 c:/st/stm32cubeide_1.9.0/stm32cubeide/plugins/com.st.stm32cube.ide.mcu.externaltools.gnu-tools-for-stm32.10.3-2021.10.win32_1.0.0.202111181127/tools/bin/../lib/gcc/arm-none-eabi/10.3.1/../../../../arm-none-eabi/lib/thumb/v7e-m+fp/hard\libstdc++_nano.a(functexcept.o)
                0x0000000008003768                std::__throw_logic_error(char const*)
 .text.unlikely._ZSt20__throw_length_errorPKc
                0x000000000800376e        0x6 c:/st/stm32cubeide_1.9.0/stm32cubeide/plugins/com.st.stm32cube.ide.mcu.externaltools.gnu-tools-for-stm32.10.3-2021.10.win32_1.0.0.202111181127/tools/bin/../lib/gcc/arm-none-eabi/10.3.1/../../../../arm-none-eabi/lib/thumb/v7e-m+fp/hard\libstdc++_nano.a(functexcept.o)
                0x000000000800376e                std::__throw_length_error(char const*)
 .text._ZSt24__throw_out_of_range_fmtPKcz
                0x0000000008003774       0x38 c:/st/stm32cubeide_1.9.0/stm32cubeide/plugins/com.st.stm32cube.ide.mcu.externaltools.gnu-tools-for-stm32.10.3-2021.10.win32_1.0.0.202111181127/tools/bin/../lib/gcc/arm-none-eabi/10.3.1/../../../../arm-none-eabi/lib/thumb/v7e-m+fp/hard\libstdc++_nano.a(functexcept.o)
                0x0000000008003774                std::__throw_out_of_range_fmt(char const*, ...)
 .text.unlikely._ZSt25__throw_bad_function_callv
                0x00000000080037ac        0x6 c:/st/stm32cubeide_1.9.0/stm32cubeide/plugins/com.st.stm32cube.ide.mcu.externaltools.gnu-tools-for-stm32.10.3-2021.10.win32_1.0.0.202111181127/tools/bin/../lib/gcc/arm-none-eabi/10.3.1/../../../../arm-none-eabi/lib/thumb/v7e-m+fp/hard\libstdc++_nano.a(functional.o)
                0x00000000080037ac                std::__throw_bad_function_call()
 *fill*         0x00000000080037b2        0x2 
 .text._ZN9__gnu_cxx26__throw_insufficient_spaceEPKcS1_
                0x00000000080037b4       0x4c c:/st/stm32cubeide_1.9.0/stm32cubeide/plugins/com.st.stm32cube.ide.mcu.externaltools.gnu-tools-for-stm32.10.3-2021.10.win32_1.0.0.202111181127/tools/bin/../lib/gcc/arm-none-eabi/10.3.1/../../../../arm-none-eabi/lib/thumb/v7e-m+fp/hard\libstdc++_nano.a(snprintf_lite.o)
                0x00000000080037b4                __gnu_cxx::__throw_insufficient_space(char const*, char const*)
 .text._ZN9__gnu_cxx15__concat_size_tEPcjj
                0x0000000008003800       0x58 c:/st/stm32cubeide_1.9.0/stm32cubeide/plugins/com.st.stm32cube.ide.mcu.externaltools.gnu-tools-for-stm32.10.3-2021.10.win32_1.0.0.202111181127/tools/bin/../lib/gcc/arm-none-eabi/10.3.1/../../../../arm-none-eabi/lib/thumb/v7e-m+fp/hard\libstdc++_nano.a(snprintf_lite.o)
                0x0000000008003800                __gnu_cxx::__concat_size_t(char*, unsigned int, unsigned int)
 .text._ZN9__gnu_cxx15__snprintf_liteEPcjPKcSt9__va_list
                0x0000000008003858       0x82 c:/st/stm32cubeide_1.9.0/stm32cubeide/plugins/com.st.stm32cube.ide.mcu.externaltools.gnu-tools-for-stm32.10.3-2021.10.win32_1.0.0.202111181127/tools/bin/../lib/gcc/arm-none-eabi/10.3.1/../../../../arm-none-eabi/lib/thumb/v7e-m+fp/hard\libstdc++_nano.a(snprintf_lite.o)
                0x0000000008003858                __gnu_cxx::__snprintf_lite(char*, unsigned int, char const*, std::__va_list)
 .text._ZNSt11char_traitsIcE4copyEPcPKcj.isra.0
                0x00000000080038da        0x8 c:/st/stm32cubeide_1.9.0/stm32cubeide/plugins/com.st.stm32cube.ide.mcu.externaltools.gnu-tools-for-stm32.10.3-2021.10.win32_1.0.0.202111181127/tools/bin/../lib/gcc/arm-none-eabi/10.3.1/../../../../arm-none-eabi/lib/thumb/v7e-m+fp/hard\libstdc++_nano.a(string-inst.o)
 *fill*         0x00000000080038e2        0x2 
 .text._ZNSt7__cxx1112basic_stringIcSt11char_traitsIcESaIcEE9_M_createERjj
                0x00000000080038e4       0x44 c:/st/stm32cubeide_1.9.0/stm32cubeide/plugins/com.st.stm32cube.ide.mcu.externaltools.gnu-tools-for-stm32.10.3-2021.10.win32_1.0.0.202111181127/tools/bin/../lib/gcc/arm-none-eabi/10.3.1/../../../../arm-none-eabi/lib/thumb/v7e-m+fp/hard\libstdc++_nano.a(string-inst.o)
                0x00000000080038e4                std::__cxx11::basic_string<char, std::char_traits<char>, std::allocator<char> >::_M_create(unsigned int&, unsigned int)
 .text._ZNSt7__cxx1112basic_stringIcSt11char_traitsIcESaIcEE10_M_disposeEv
                0x0000000008003928       0x10 c:/st/stm32cubeide_1.9.0/stm32cubeide/plugins/com.st.stm32cube.ide.mcu.externaltools.gnu-tools-for-stm32.10.3-2021.10.win32_1.0.0.202111181127/tools/bin/../lib/gcc/arm-none-eabi/10.3.1/../../../../arm-none-eabi/lib/thumb/v7e-m+fp/hard\libstdc++_nano.a(string-inst.o)
                0x0000000008003928                std::__cxx11::basic_string<char, std::char_traits<char>, std::allocator<char> >::_M_dispose()
 .text._ZNKSt7__cxx1112basic_stringIcSt11char_traitsIcESaIcEE15_M_check_lengthEjjPKc
                0x0000000008003938       0x18 c:/st/stm32cubeide_1.9.0/stm32cubeide/plugins/com.st.stm32cube.ide.mcu.externaltools.gnu-tools-for-stm32.10.3-2021.10.win32_1.0.0.202111181127/tools/bin/../lib/gcc/arm-none-eabi/10.3.1/../../../../arm-none-eabi/lib/thumb/v7e-m+fp/hard\libstdc++_nano.a(string-inst.o)
                0x0000000008003938                std::__cxx11::basic_string<char, std::char_traits<char>, std::allocator<char> >::_M_check_length(unsigned int, unsigned int, char const*) const
 .text._ZNKSt7__cxx1112basic_stringIcSt11char_traitsIcESaIcEE11_M_disjunctEPKc
                0x0000000008003950       0x18 c:/st/stm32cubeide_1.9.0/stm32cubeide/plugins/com.st.stm32cube.ide.mcu.externaltools.gnu-tools-for-stm32.10.3-2021.10.win32_1.0.0.202111181127/tools/bin/../lib/gcc/arm-none-eabi/10.3.1/../../../../arm-none-eabi/lib/thumb/v7e-m+fp/hard\libstdc++_nano.a(string-inst.o)
                0x0000000008003950                std::__cxx11::basic_string<char, std::char_traits<char>, std::allocator<char> >::_M_disjunct(char const*) const
 .text._ZNSt7__cxx1112basic_stringIcSt11char_traitsIcESaIcEE7_S_copyEPcPKcj
                0x0000000008003968       0x18 c:/st/stm32cubeide_1.9.0/stm32cubeide/plugins/com.st.stm32cube.ide.mcu.externaltools.gnu-tools-for-stm32.10.3-2021.10.win32_1.0.0.202111181127/tools/bin/../lib/gcc/arm-none-eabi/10.3.1/../../../../arm-none-eabi/lib/thumb/v7e-m+fp/hard\libstdc++_nano.a(string-inst.o)
                0x0000000008003968                std::__cxx11::basic_string<char, std::char_traits<char>, std::allocator<char> >::_S_copy(char*, char const*, unsigned int)
 .text._ZNSt7__cxx1112basic_stringIcSt11char_traitsIcESaIcEE7_S_moveEPcPKcj
                0x0000000008003980       0x18 c:/st/stm32cubeide_1.9.0/stm32cubeide/plugins/com.st.stm32cube.ide.mcu.externaltools.gnu-tools-for-stm32.10.3-2021.10.win32_1.0.0.202111181127/tools/bin/../lib/gcc/arm-none-eabi/10.3.1/../../../../arm-none-eabi/lib/thumb/v7e-m+fp/hard\libstdc++_nano.a(string-inst.o)
                0x0000000008003980                std::__cxx11::basic_string<char, std::char_traits<char>, std::allocator<char> >::_S_move(char*, char const*, unsigned int)
 .text._ZNSt7__cxx1112basic_stringIcSt11char_traitsIcESaIcEE13_S_copy_charsEPcPKcS7_
                0x0000000008003998        0xa c:/st/stm32cubeide_1.9.0/stm32cubeide/plugins/com.st.stm32cube.ide.mcu.externaltools.gnu-tools-for-stm32.10.3-2021.10.win32_1.0.0.202111181127/tools/bin/../lib/gcc/arm-none-eabi/10.3.1/../../../../arm-none-eabi/lib/thumb/v7e-m+fp/hard\libstdc++_nano.a(string-inst.o)
                0x0000000008003998                std::__cxx11::basic_string<char, std::char_traits<char>, std::allocator<char> >::_S_copy_chars(char*, char const*, char const*)
 .text._ZNSt7__cxx1112basic_stringIcSt11char_traitsIcESaIcEE9_M_mutateEjjPKcj
                0x00000000080039a2       0x78 c:/st/stm32cubeide_1.9.0/stm32cubeide/plugins/com.st.stm32cube.ide.mcu.externaltools.gnu-tools-for-stm32.10.3-2021.10.win32_1.0.0.202111181127/tools/bin/../lib/gcc/arm-none-eabi/10.3.1/../../../../arm-none-eabi/lib/thumb/v7e-m+fp/hard\libstdc++_nano.a(string-inst.o)
                0x00000000080039a2                std::__cxx11::basic_string<char, std::char_traits<char>, std::allocator<char> >::_M_mutate(unsigned int, unsigned int, char const*, unsigned int)
 *fill*         0x0000000008003a1a        0x2 
 .text._ZNSt7__cxx1112basic_stringIcSt11char_traitsIcESaIcEE10_M_replaceEjjPKcj
                0x0000000008003a1c       0xfc c:/st/stm32cubeide_1.9.0/stm32cubeide/plugins/com.st.stm32cube.ide.mcu.externaltools.gnu-tools-for-stm32.10.3-2021.10.win32_1.0.0.202111181127/tools/bin/../lib/gcc/arm-none-eabi/10.3.1/../../../../arm-none-eabi/lib/thumb/v7e-m+fp/hard\libstdc++_nano.a(string-inst.o)
                0x0000000008003a1c                std::__cxx11::basic_string<char, std::char_traits<char>, std::allocator<char> >::_M_replace(unsigned int, unsigned int, char const*, unsigned int)
 .text._ZNSt7__cxx1112basic_stringIcSt11char_traitsIcESaIcEE12_M_constructIPKcEEvT_S8_St20forward_iterator_tag
                0x0000000008003b18       0x48 c:/st/stm32cubeide_1.9.0/stm32cubeide/plugins/com.st.stm32cube.ide.mcu.externaltools.gnu-tools-for-stm32.10.3-2021.10.win32_1.0.0.202111181127/tools/bin/../lib/gcc/arm-none-eabi/10.3.1/../../../../arm-none-eabi/lib/thumb/v7e-m+fp/hard\libstdc++_nano.a(string-inst.o)
                0x0000000008003b18                void std::__cxx11::basic_string<char, std::char_traits<char>, std::allocator<char> >::_M_construct<char const*>(char const*, char const*, std::forward_iterator_tag)
 .text._ZNSt7__cxx1112basic_stringIcSt11char_traitsIcESaIcEEC2EPKcRKS3_
                0x0000000008003b60       0x2a c:/st/stm32cubeide_1.9.0/stm32cubeide/plugins/com.st.stm32cube.ide.mcu.externaltools.gnu-tools-for-stm32.10.3-2021.10.win32_1.0.0.202111181127/tools/bin/../lib/gcc/arm-none-eabi/10.3.1/../../../../arm-none-eabi/lib/thumb/v7e-m+fp/hard\libstdc++_nano.a(string-inst.o)
                0x0000000008003b60                std::__cxx11::basic_string<char, std::char_traits<char>, std::allocator<char> >::basic_string(char const*, std::allocator<char> const&)
                0x0000000008003b60                std::__cxx11::basic_string<char, std::char_traits<char>, std::allocator<char> >::basic_string(char const*, std::allocator<char> const&)
 .text._ZdlPv   0x0000000008003b8a        0x4 c:/st/stm32cubeide_1.9.0/stm32cubeide/plugins/com.st.stm32cube.ide.mcu.externaltools.gnu-tools-for-stm32.10.3-2021.10.win32_1.0.0.202111181127/tools/bin/../lib/gcc/arm-none-eabi/10.3.1/../../../../arm-none-eabi/lib/thumb/v7e-m+fp/hard\libstdc++_nano.a(del_op.o)
                0x0000000008003b8a                operator delete(void*)
 .text._ZN10__cxxabiv111__terminateEPFvvE
                0x0000000008003b8e        0x8 c:/st/stm32cubeide_1.9.0/stm32cubeide/plugins/com.st.stm32cube.ide.mcu.externaltools.gnu-tools-for-stm32.10.3-2021.10.win32_1.0.0.202111181127/tools/bin/../lib/gcc/arm-none-eabi/10.3.1/../../../../arm-none-eabi/lib/thumb/v7e-m+fp/hard\libstdc++_nano.a(eh_terminate.o)
                0x0000000008003b8e                __cxxabiv1::__terminate(void (*)())
 *fill*         0x0000000008003b96        0x2 
 .text._ZSt13get_terminatev
                0x0000000008003b98       0x10 c:/st/stm32cubeide_1.9.0/stm32cubeide/plugins/com.st.stm32cube.ide.mcu.externaltools.gnu-tools-for-stm32.10.3-2021.10.win32_1.0.0.202111181127/tools/bin/../lib/gcc/arm-none-eabi/10.3.1/../../../../arm-none-eabi/lib/thumb/v7e-m+fp/hard\libstdc++_nano.a(eh_terminate.o)
                0x0000000008003b98                std::get_terminate()
 .text._ZSt9terminatev
                0x0000000008003ba8        0xa c:/st/stm32cubeide_1.9.0/stm32cubeide/plugins/com.st.stm32cube.ide.mcu.externaltools.gnu-tools-for-stm32.10.3-2021.10.win32_1.0.0.202111181127/tools/bin/../lib/gcc/arm-none-eabi/10.3.1/../../../../arm-none-eabi/lib/thumb/v7e-m+fp/hard\libstdc++_nano.a(eh_terminate.o)
                0x0000000008003ba8                std::terminate()
 *fill*         0x0000000008003bb2        0x2 
 .text._ZSt15get_new_handlerv
                0x0000000008003bb4       0x10 c:/st/stm32cubeide_1.9.0/stm32cubeide/plugins/com.st.stm32cube.ide.mcu.externaltools.gnu-tools-for-stm32.10.3-2021.10.win32_1.0.0.202111181127/tools/bin/../lib/gcc/arm-none-eabi/10.3.1/../../../../arm-none-eabi/lib/thumb/v7e-m+fp/hard\libstdc++_nano.a(new_handler.o)
                0x0000000008003bb4                std::get_new_handler()
 .text.abort    0x0000000008003bc4        0xe c:/st/stm32cubeide_1.9.0/stm32cubeide/plugins/com.st.stm32cube.ide.mcu.externaltools.gnu-tools-for-stm32.10.3-2021.10.win32_1.0.0.202111181127/tools/bin/../lib/gcc/arm-none-eabi/10.3.1/../../../../arm-none-eabi/lib/thumb/v7e-m+fp/hard\libc_nano.a(lib_a-abort.o)
                0x0000000008003bc4                abort
 *fill*         0x0000000008003bd2        0x2 
 .text.__assert_func
                0x0000000008003bd4       0x3c c:/st/stm32cubeide_1.9.0/stm32cubeide/plugins/com.st.stm32cube.ide.mcu.externaltools.gnu-tools-for-stm32.10.3-2021.10.win32_1.0.0.202111181127/tools/bin/../lib/gcc/arm-none-eabi/10.3.1/../../../../arm-none-eabi/lib/thumb/v7e-m+fp/hard\libc_nano.a(lib_a-assert.o)
                0x0000000008003bd4                __assert_func
 .text.atexit   0x0000000008003c10        0xc c:/st/stm32cubeide_1.9.0/stm32cubeide/plugins/com.st.stm32cube.ide.mcu.externaltools.gnu-tools-for-stm32.10.3-2021.10.win32_1.0.0.202111181127/tools/bin/../lib/gcc/arm-none-eabi/10.3.1/../../../../arm-none-eabi/lib/thumb/v7e-m+fp/hard\libc_nano.a(lib_a-atexit.o)
                0x0000000008003c10                atexit
 .text.fprintf  0x0000000008003c1c       0x24 c:/st/stm32cubeide_1.9.0/stm32cubeide/plugins/com.st.stm32cube.ide.mcu.externaltools.gnu-tools-for-stm32.10.3-2021.10.win32_1.0.0.202111181127/tools/bin/../lib/gcc/arm-none-eabi/10.3.1/../../../../arm-none-eabi/lib/thumb/v7e-m+fp/hard\libc_nano.a(lib_a-fprintf.o)
                0x0000000008003c1c                fiprintf
                0x0000000008003c1c                fprintf
 .text.__libc_init_array
                0x0000000008003c40       0x48 c:/st/stm32cubeide_1.9.0/stm32cubeide/plugins/com.st.stm32cube.ide.mcu.externaltools.gnu-tools-for-stm32.10.3-2021.10.win32_1.0.0.202111181127/tools/bin/../lib/gcc/arm-none-eabi/10.3.1/../../../../arm-none-eabi/lib/thumb/v7e-m+fp/hard\libc_nano.a(lib_a-init.o)
                0x0000000008003c40                __libc_init_array
 .text.malloc   0x0000000008003c88       0x10 c:/st/stm32cubeide_1.9.0/stm32cubeide/plugins/com.st.stm32cube.ide.mcu.externaltools.gnu-tools-for-stm32.10.3-2021.10.win32_1.0.0.202111181127/tools/bin/../lib/gcc/arm-none-eabi/10.3.1/../../../../arm-none-eabi/lib/thumb/v7e-m+fp/hard\libc_nano.a(lib_a-malloc.o)
                0x0000000008003c88                malloc
 .text.free     0x0000000008003c98       0x10 c:/st/stm32cubeide_1.9.0/stm32cubeide/plugins/com.st.stm32cube.ide.mcu.externaltools.gnu-tools-for-stm32.10.3-2021.10.win32_1.0.0.202111181127/tools/bin/../lib/gcc/arm-none-eabi/10.3.1/../../../../arm-none-eabi/lib/thumb/v7e-m+fp/hard\libc_nano.a(lib_a-malloc.o)
                0x0000000008003c98                free
 .text.memcpy   0x0000000008003ca8       0x1c c:/st/stm32cubeide_1.9.0/stm32cubeide/plugins/com.st.stm32cube.ide.mcu.externaltools.gnu-tools-for-stm32.10.3-2021.10.win32_1.0.0.202111181127/tools/bin/../lib/gcc/arm-none-eabi/10.3.1/../../../../arm-none-eabi/lib/thumb/v7e-m+fp/hard\libc_nano.a(lib_a-memcpy-stub.o)
                0x0000000008003ca8                memcpy
 .text.memmove  0x0000000008003cc4       0x34 c:/st/stm32cubeide_1.9.0/stm32cubeide/plugins/com.st.stm32cube.ide.mcu.externaltools.gnu-tools-for-stm32.10.3-2021.10.win32_1.0.0.202111181127/tools/bin/../lib/gcc/arm-none-eabi/10.3.1/../../../../arm-none-eabi/lib/thumb/v7e-m+fp/hard\libc_nano.a(lib_a-memmove.o)
                0x0000000008003cc4                memmove
 .text.memset   0x0000000008003cf8       0x10 c:/st/stm32cubeide_1.9.0/stm32cubeide/plugins/com.st.stm32cube.ide.mcu.externaltools.gnu-tools-for-stm32.10.3-2021.10.win32_1.0.0.202111181127/tools/bin/../lib/gcc/arm-none-eabi/10.3.1/../../../../arm-none-eabi/lib/thumb/v7e-m+fp/hard\libc_nano.a(lib_a-memset.o)
                0x0000000008003cf8                memset
 .text._free_r  0x0000000008003d08       0x98 c:/st/stm32cubeide_1.9.0/stm32cubeide/plugins/com.st.stm32cube.ide.mcu.externaltools.gnu-tools-for-stm32.10.3-2021.10.win32_1.0.0.202111181127/tools/bin/../lib/gcc/arm-none-eabi/10.3.1/../../../../arm-none-eabi/lib/thumb/v7e-m+fp/hard\libc_nano.a(lib_a-nano-freer.o)
                0x0000000008003d08                _free_r
 .text.sbrk_aligned
                0x0000000008003da0       0x40 c:/st/stm32cubeide_1.9.0/stm32cubeide/plugins/com.st.stm32cube.ide.mcu.externaltools.gnu-tools-for-stm32.10.3-2021.10.win32_1.0.0.202111181127/tools/bin/../lib/gcc/arm-none-eabi/10.3.1/../../../../arm-none-eabi/lib/thumb/v7e-m+fp/hard\libc_nano.a(lib_a-nano-mallocr.o)
 .text._malloc_r
                0x0000000008003de0       0xe8 c:/st/stm32cubeide_1.9.0/stm32cubeide/plugins/com.st.stm32cube.ide.mcu.externaltools.gnu-tools-for-stm32.10.3-2021.10.win32_1.0.0.202111181127/tools/bin/../lib/gcc/arm-none-eabi/10.3.1/../../../../arm-none-eabi/lib/thumb/v7e-m+fp/hard\libc_nano.a(lib_a-nano-mallocr.o)
                0x0000000008003de0                _malloc_r
 .text.__sfputc_r
                0x0000000008003ec8       0x2e c:/st/stm32cubeide_1.9.0/stm32cubeide/plugins/com.st.stm32cube.ide.mcu.externaltools.gnu-tools-for-stm32.10.3-2021.10.win32_1.0.0.202111181127/tools/bin/../lib/gcc/arm-none-eabi/10.3.1/../../../../arm-none-eabi/lib/thumb/v7e-m+fp/hard\libc_nano.a(lib_a-nano-vfprintf.o)
 .text.__sfputs_r
                0x0000000008003ef6       0x24 c:/st/stm32cubeide_1.9.0/stm32cubeide/plugins/com.st.stm32cube.ide.mcu.externaltools.gnu-tools-for-stm32.10.3-2021.10.win32_1.0.0.202111181127/tools/bin/../lib/gcc/arm-none-eabi/10.3.1/../../../../arm-none-eabi/lib/thumb/v7e-m+fp/hard\libc_nano.a(lib_a-nano-vfprintf.o)
                0x0000000008003ef6                __sfputs_r
 *fill*         0x0000000008003f1a        0x2 
 .text._vfprintf_r
                0x0000000008003f1c      0x260 c:/st/stm32cubeide_1.9.0/stm32cubeide/plugins/com.st.stm32cube.ide.mcu.externaltools.gnu-tools-for-stm32.10.3-2021.10.win32_1.0.0.202111181127/tools/bin/../lib/gcc/arm-none-eabi/10.3.1/../../../../arm-none-eabi/lib/thumb/v7e-m+fp/hard\libc_nano.a(lib_a-nano-vfprintf.o)
                0x0000000008003f1c                _vfprintf_r
                0x0000000008003f1c                _vfiprintf_r
 .text._printf_common
                0x000000000800417c       0xda c:/st/stm32cubeide_1.9.0/stm32cubeide/plugins/com.st.stm32cube.ide.mcu.externaltools.gnu-tools-for-stm32.10.3-2021.10.win32_1.0.0.202111181127/tools/bin/../lib/gcc/arm-none-eabi/10.3.1/../../../../arm-none-eabi/lib/thumb/v7e-m+fp/hard\libc_nano.a(lib_a-nano-vfprintf_i.o)
                0x000000000800417c                _printf_common
 *fill*         0x0000000008004256        0x2 
 .text._printf_i
                0x0000000008004258      0x24c c:/st/stm32cubeide_1.9.0/stm32cubeide/plugins/com.st.stm32cube.ide.mcu.externaltools.gnu-tools-for-stm32.10.3-2021.10.win32_1.0.0.202111181127/tools/bin/../lib/gcc/arm-none-eabi/10.3.1/../../../../arm-none-eabi/lib/thumb/v7e-m+fp/hard\libc_nano.a(lib_a-nano-vfprintf_i.o)
                0x0000000008004258                _printf_i
 .text._sbrk_r  0x00000000080044a4       0x20 c:/st/stm32cubeide_1.9.0/stm32cubeide/plugins/com.st.stm32cube.ide.mcu.externaltools.gnu-tools-for-stm32.10.3-2021.10.win32_1.0.0.202111181127/tools/bin/../lib/gcc/arm-none-eabi/10.3.1/../../../../arm-none-eabi/lib/thumb/v7e-m+fp/hard\libc_nano.a(lib_a-sbrkr.o)
                0x00000000080044a4                _sbrk_r
 .text._raise_r
                0x00000000080044c4       0x50 c:/st/stm32cubeide_1.9.0/stm32cubeide/plugins/com.st.stm32cube.ide.mcu.externaltools.gnu-tools-for-stm32.10.3-2021.10.win32_1.0.0.202111181127/tools/bin/../lib/gcc/arm-none-eabi/10.3.1/../../../../arm-none-eabi/lib/thumb/v7e-m+fp/hard\libc_nano.a(lib_a-signal.o)
                0x00000000080044c4                _raise_r
 .text.raise    0x0000000008004514       0x10 c:/st/stm32cubeide_1.9.0/stm32cubeide/plugins/com.st.stm32cube.ide.mcu.externaltools.gnu-tools-for-stm32.10.3-2021.10.win32_1.0.0.202111181127/tools/bin/../lib/gcc/arm-none-eabi/10.3.1/../../../../arm-none-eabi/lib/thumb/v7e-m+fp/hard\libc_nano.a(lib_a-signal.o)
                0x0000000008004514                raise
 .text._kill_r  0x0000000008004524       0x24 c:/st/stm32cubeide_1.9.0/stm32cubeide/plugins/com.st.stm32cube.ide.mcu.externaltools.gnu-tools-for-stm32.10.3-2021.10.win32_1.0.0.202111181127/tools/bin/../lib/gcc/arm-none-eabi/10.3.1/../../../../arm-none-eabi/lib/thumb/v7e-m+fp/hard\libc_nano.a(lib_a-signalr.o)
                0x0000000008004524                _kill_r
 .text._getpid_r
                0x0000000008004548        0x4 c:/st/stm32cubeide_1.9.0/stm32cubeide/plugins/com.st.stm32cube.ide.mcu.externaltools.gnu-tools-for-stm32.10.3-2021.10.win32_1.0.0.202111181127/tools/bin/../lib/gcc/arm-none-eabi/10.3.1/../../../../arm-none-eabi/lib/thumb/v7e-m+fp/hard\libc_nano.a(lib_a-signalr.o)
                0x0000000008004548                _getpid_r
 .text._vsprintf_r
                0x000000000800454c       0x2c c:/st/stm32cubeide_1.9.0/stm32cubeide/plugins/com.st.stm32cube.ide.mcu.externaltools.gnu-tools-for-stm32.10.3-2021.10.win32_1.0.0.202111181127/tools/bin/../lib/gcc/arm-none-eabi/10.3.1/../../../../arm-none-eabi/lib/thumb/v7e-m+fp/hard\libc_nano.a(lib_a-vsprintf.o)
                0x000000000800454c                _vsprintf_r
                0x000000000800454c                _vsiprintf_r
 .text.vsprintf
                0x0000000008004578       0x14 c:/st/stm32cubeide_1.9.0/stm32cubeide/plugins/com.st.stm32cube.ide.mcu.externaltools.gnu-tools-for-stm32.10.3-2021.10.win32_1.0.0.202111181127/tools/bin/../lib/gcc/arm-none-eabi/10.3.1/../../../../arm-none-eabi/lib/thumb/v7e-m+fp/hard\libc_nano.a(lib_a-vsprintf.o)
                0x0000000008004578                vsiprintf
                0x0000000008004578                vsprintf
 .text.__swbuf_r
                0x000000000800458c       0xa4 c:/st/stm32cubeide_1.9.0/stm32cubeide/plugins/com.st.stm32cube.ide.mcu.externaltools.gnu-tools-for-stm32.10.3-2021.10.win32_1.0.0.202111181127/tools/bin/../lib/gcc/arm-none-eabi/10.3.1/../../../../arm-none-eabi/lib/thumb/v7e-m+fp/hard\libc_nano.a(lib_a-wbuf.o)
                0x000000000800458c                __swbuf_r
 .text.__swsetup_r
                0x0000000008004630       0xdc c:/st/stm32cubeide_1.9.0/stm32cubeide/plugins/com.st.stm32cube.ide.mcu.externaltools.gnu-tools-for-stm32.10.3-2021.10.win32_1.0.0.202111181127/tools/bin/../lib/gcc/arm-none-eabi/10.3.1/../../../../arm-none-eabi/lib/thumb/v7e-m+fp/hard\libc_nano.a(lib_a-wsetup.o)
                0x0000000008004630                __swsetup_r
 .text.__register_exitproc
                0x000000000800470c       0xc4 c:/st/stm32cubeide_1.9.0/stm32cubeide/plugins/com.st.stm32cube.ide.mcu.externaltools.gnu-tools-for-stm32.10.3-2021.10.win32_1.0.0.202111181127/tools/bin/../lib/gcc/arm-none-eabi/10.3.1/../../../../arm-none-eabi/lib/thumb/v7e-m+fp/hard\libc_nano.a(lib_a-__atexit.o)
                0x000000000800470c                __register_exitproc
 .text.__sflush_r
                0x00000000080047d0      0x10c c:/st/stm32cubeide_1.9.0/stm32cubeide/plugins/com.st.stm32cube.ide.mcu.externaltools.gnu-tools-for-stm32.10.3-2021.10.win32_1.0.0.202111181127/tools/bin/../lib/gcc/arm-none-eabi/10.3.1/../../../../arm-none-eabi/lib/thumb/v7e-m+fp/hard\libc_nano.a(lib_a-fflush.o)
                0x00000000080047d0                __sflush_r
 .text._fflush_r
                0x00000000080048dc       0x78 c:/st/stm32cubeide_1.9.0/stm32cubeide/plugins/com.st.stm32cube.ide.mcu.externaltools.gnu-tools-for-stm32.10.3-2021.10.win32_1.0.0.202111181127/tools/bin/../lib/gcc/arm-none-eabi/10.3.1/../../../../arm-none-eabi/lib/thumb/v7e-m+fp/hard\libc_nano.a(lib_a-fflush.o)
                0x00000000080048dc                _fflush_r
 .text.std      0x0000000008004954       0x48 c:/st/stm32cubeide_1.9.0/stm32cubeide/plugins/com.st.stm32cube.ide.mcu.externaltools.gnu-tools-for-stm32.10.3-2021.10.win32_1.0.0.202111181127/tools/bin/../lib/gcc/arm-none-eabi/10.3.1/../../../../arm-none-eabi/lib/thumb/v7e-m+fp/hard\libc_nano.a(lib_a-findfp.o)
 .text._cleanup_r
                0x000000000800499c        0xc c:/st/stm32cubeide_1.9.0/stm32cubeide/plugins/com.st.stm32cube.ide.mcu.externaltools.gnu-tools-for-stm32.10.3-2021.10.win32_1.0.0.202111181127/tools/bin/../lib/gcc/arm-none-eabi/10.3.1/../../../../arm-none-eabi/lib/thumb/v7e-m+fp/hard\libc_nano.a(lib_a-findfp.o)
                0x000000000800499c                _cleanup_r
 .text.__sfmoreglue
                0x00000000080049a8       0x2c c:/st/stm32cubeide_1.9.0/stm32cubeide/plugins/com.st.stm32cube.ide.mcu.externaltools.gnu-tools-for-stm32.10.3-2021.10.win32_1.0.0.202111181127/tools/bin/../lib/gcc/arm-none-eabi/10.3.1/../../../../arm-none-eabi/lib/thumb/v7e-m+fp/hard\libc_nano.a(lib_a-findfp.o)
                0x00000000080049a8                __sfmoreglue
 .text.__sfp_lock_acquire
                0x00000000080049d4        0xc c:/st/stm32cubeide_1.9.0/stm32cubeide/plugins/com.st.stm32cube.ide.mcu.externaltools.gnu-tools-for-stm32.10.3-2021.10.win32_1.0.0.202111181127/tools/bin/../lib/gcc/arm-none-eabi/10.3.1/../../../../arm-none-eabi/lib/thumb/v7e-m+fp/hard\libc_nano.a(lib_a-findfp.o)
                0x00000000080049d4                __sfp_lock_acquire
 .text.__sfp_lock_release
                0x00000000080049e0        0xc c:/st/stm32cubeide_1.9.0/stm32cubeide/plugins/com.st.stm32cube.ide.mcu.externaltools.gnu-tools-for-stm32.10.3-2021.10.win32_1.0.0.202111181127/tools/bin/../lib/gcc/arm-none-eabi/10.3.1/../../../../arm-none-eabi/lib/thumb/v7e-m+fp/hard\libc_nano.a(lib_a-findfp.o)
                0x00000000080049e0                __sfp_lock_release
 .text.__sinit_lock_acquire
                0x00000000080049ec        0xc c:/st/stm32cubeide_1.9.0/stm32cubeide/plugins/com.st.stm32cube.ide.mcu.externaltools.gnu-tools-for-stm32.10.3-2021.10.win32_1.0.0.202111181127/tools/bin/../lib/gcc/arm-none-eabi/10.3.1/../../../../arm-none-eabi/lib/thumb/v7e-m+fp/hard\libc_nano.a(lib_a-findfp.o)
                0x00000000080049ec                __sinit_lock_acquire
 .text.__sinit_lock_release
                0x00000000080049f8        0xc c:/st/stm32cubeide_1.9.0/stm32cubeide/plugins/com.st.stm32cube.ide.mcu.externaltools.gnu-tools-for-stm32.10.3-2021.10.win32_1.0.0.202111181127/tools/bin/../lib/gcc/arm-none-eabi/10.3.1/../../../../arm-none-eabi/lib/thumb/v7e-m+fp/hard\libc_nano.a(lib_a-findfp.o)
                0x00000000080049f8                __sinit_lock_release
 .text.__sinit  0x0000000008004a04       0x70 c:/st/stm32cubeide_1.9.0/stm32cubeide/plugins/com.st.stm32cube.ide.mcu.externaltools.gnu-tools-for-stm32.10.3-2021.10.win32_1.0.0.202111181127/tools/bin/../lib/gcc/arm-none-eabi/10.3.1/../../../../arm-none-eabi/lib/thumb/v7e-m+fp/hard\libc_nano.a(lib_a-findfp.o)
                0x0000000008004a04                __sinit
 .text.__sfp    0x0000000008004a74       0x8c c:/st/stm32cubeide_1.9.0/stm32cubeide/plugins/com.st.stm32cube.ide.mcu.externaltools.gnu-tools-for-stm32.10.3-2021.10.win32_1.0.0.202111181127/tools/bin/../lib/gcc/arm-none-eabi/10.3.1/../../../../arm-none-eabi/lib/thumb/v7e-m+fp/hard\libc_nano.a(lib_a-findfp.o)
                0x0000000008004a74                __sfp
 .text._fwalk_reent
                0x0000000008004b00       0x3e c:/st/stm32cubeide_1.9.0/stm32cubeide/plugins/com.st.stm32cube.ide.mcu.externaltools.gnu-tools-for-stm32.10.3-2021.10.win32_1.0.0.202111181127/tools/bin/../lib/gcc/arm-none-eabi/10.3.1/../../../../arm-none-eabi/lib/thumb/v7e-m+fp/hard\libc_nano.a(lib_a-fwalk.o)
                0x0000000008004b00                _fwalk_reent
 .text.__retarget_lock_init_recursive
                0x0000000008004b3e        0x2 c:/st/stm32cubeide_1.9.0/stm32cubeide/plugins/com.st.stm32cube.ide.mcu.externaltools.gnu-tools-for-stm32.10.3-2021.10.win32_1.0.0.202111181127/tools/bin/../lib/gcc/arm-none-eabi/10.3.1/../../../../arm-none-eabi/lib/thumb/v7e-m+fp/hard\libc_nano.a(lib_a-lock.o)
                0x0000000008004b3e                __retarget_lock_init_recursive
 .text.__retarget_lock_acquire_recursive
                0x0000000008004b40        0x2 c:/st/stm32cubeide_1.9.0/stm32cubeide/plugins/com.st.stm32cube.ide.mcu.externaltools.gnu-tools-for-stm32.10.3-2021.10.win32_1.0.0.202111181127/tools/bin/../lib/gcc/arm-none-eabi/10.3.1/../../../../arm-none-eabi/lib/thumb/v7e-m+fp/hard\libc_nano.a(lib_a-lock.o)
                0x0000000008004b40                __retarget_lock_acquire_recursive
 .text.__retarget_lock_release
                0x0000000008004b42        0x2 c:/st/stm32cubeide_1.9.0/stm32cubeide/plugins/com.st.stm32cube.ide.mcu.externaltools.gnu-tools-for-stm32.10.3-2021.10.win32_1.0.0.202111181127/tools/bin/../lib/gcc/arm-none-eabi/10.3.1/../../../../arm-none-eabi/lib/thumb/v7e-m+fp/hard\libc_nano.a(lib_a-lock.o)
                0x0000000008004b42                __retarget_lock_release
 .text.__retarget_lock_release_recursive
                0x0000000008004b44        0x2 c:/st/stm32cubeide_1.9.0/stm32cubeide/plugins/com.st.stm32cube.ide.mcu.externaltools.gnu-tools-for-stm32.10.3-2021.10.win32_1.0.0.202111181127/tools/bin/../lib/gcc/arm-none-eabi/10.3.1/../../../../arm-none-eabi/lib/thumb/v7e-m+fp/hard\libc_nano.a(lib_a-lock.o)
                0x0000000008004b44                __retarget_lock_release_recursive
 .text.__swhatbuf_r
                0x0000000008004b46       0x4a c:/st/stm32cubeide_1.9.0/stm32cubeide/plugins/com.st.stm32cube.ide.mcu.externaltools.gnu-tools-for-stm32.10.3-2021.10.win32_1.0.0.202111181127/tools/bin/../lib/gcc/arm-none-eabi/10.3.1/../../../../arm-none-eabi/lib/thumb/v7e-m+fp/hard\libc_nano.a(lib_a-makebuf.o)
                0x0000000008004b46                __swhatbuf_r
 .text.__smakebuf_r
                0x0000000008004b90       0x80 c:/st/stm32cubeide_1.9.0/stm32cubeide/plugins/com.st.stm32cube.ide.mcu.externaltools.gnu-tools-for-stm32.10.3-2021.10.win32_1.0.0.202111181127/tools/bin/../lib/gcc/arm-none-eabi/10.3.1/../../../../arm-none-eabi/lib/thumb/v7e-m+fp/hard\libc_nano.a(lib_a-makebuf.o)
                0x0000000008004b90                __smakebuf_r
 .text.__malloc_lock
                0x0000000008004c10        0xc c:/st/stm32cubeide_1.9.0/stm32cubeide/plugins/com.st.stm32cube.ide.mcu.externaltools.gnu-tools-for-stm32.10.3-2021.10.win32_1.0.0.202111181127/tools/bin/../lib/gcc/arm-none-eabi/10.3.1/../../../../arm-none-eabi/lib/thumb/v7e-m+fp/hard\libc_nano.a(lib_a-mlock.o)
                0x0000000008004c10                __malloc_lock
 .text.__malloc_unlock
                0x0000000008004c1c        0xc c:/st/stm32cubeide_1.9.0/stm32cubeide/plugins/com.st.stm32cube.ide.mcu.externaltools.gnu-tools-for-stm32.10.3-2021.10.win32_1.0.0.202111181127/tools/bin/../lib/gcc/arm-none-eabi/10.3.1/../../../../arm-none-eabi/lib/thumb/v7e-m+fp/hard\libc_nano.a(lib_a-mlock.o)
                0x0000000008004c1c                __malloc_unlock
 .text._realloc_r
                0x0000000008004c28       0x5e c:/st/stm32cubeide_1.9.0/stm32cubeide/plugins/com.st.stm32cube.ide.mcu.externaltools.gnu-tools-for-stm32.10.3-2021.10.win32_1.0.0.202111181127/tools/bin/../lib/gcc/arm-none-eabi/10.3.1/../../../../arm-none-eabi/lib/thumb/v7e-m+fp/hard\libc_nano.a(lib_a-nano-reallocr.o)
                0x0000000008004c28                _realloc_r
 .text.__ssputs_r
                0x0000000008004c86       0xb6 c:/st/stm32cubeide_1.9.0/stm32cubeide/plugins/com.st.stm32cube.ide.mcu.externaltools.gnu-tools-for-stm32.10.3-2021.10.win32_1.0.0.202111181127/tools/bin/../lib/gcc/arm-none-eabi/10.3.1/../../../../arm-none-eabi/lib/thumb/v7e-m+fp/hard\libc_nano.a(lib_a-nano-svfprintf.o)
                0x0000000008004c86                __ssputs_r
 .text._svfprintf_r
                0x0000000008004d3c      0x200 c:/st/stm32cubeide_1.9.0/stm32cubeide/plugins/com.st.stm32cube.ide.mcu.externaltools.gnu-tools-for-stm32.10.3-2021.10.win32_1.0.0.202111181127/tools/bin/../lib/gcc/arm-none-eabi/10.3.1/../../../../arm-none-eabi/lib/thumb/v7e-m+fp/hard\libc_nano.a(lib_a-nano-svfprintf.o)
                0x0000000008004d3c                _svfiprintf_r
                0x0000000008004d3c                _svfprintf_r
 .text.__sread  0x0000000008004f3c       0x22 c:/st/stm32cubeide_1.9.0/stm32cubeide/plugins/com.st.stm32cube.ide.mcu.externaltools.gnu-tools-for-stm32.10.3-2021.10.win32_1.0.0.202111181127/tools/bin/../lib/gcc/arm-none-eabi/10.3.1/../../../../arm-none-eabi/lib/thumb/v7e-m+fp/hard\libc_nano.a(lib_a-stdio.o)
                0x0000000008004f3c                __sread
 .text.__swrite
                0x0000000008004f5e       0x38 c:/st/stm32cubeide_1.9.0/stm32cubeide/plugins/com.st.stm32cube.ide.mcu.externaltools.gnu-tools-for-stm32.10.3-2021.10.win32_1.0.0.202111181127/tools/bin/../lib/gcc/arm-none-eabi/10.3.1/../../../../arm-none-eabi/lib/thumb/v7e-m+fp/hard\libc_nano.a(lib_a-stdio.o)
                0x0000000008004f5e                __swrite
 .text.__sseek  0x0000000008004f96       0x24 c:/st/stm32cubeide_1.9.0/stm32cubeide/plugins/com.st.stm32cube.ide.mcu.externaltools.gnu-tools-for-stm32.10.3-2021.10.win32_1.0.0.202111181127/tools/bin/../lib/gcc/arm-none-eabi/10.3.1/../../../../arm-none-eabi/lib/thumb/v7e-m+fp/hard\libc_nano.a(lib_a-stdio.o)
                0x0000000008004f96                __sseek
 .text.__sclose
                0x0000000008004fba        0x8 c:/st/stm32cubeide_1.9.0/stm32cubeide/plugins/com.st.stm32cube.ide.mcu.externaltools.gnu-tools-for-stm32.10.3-2021.10.win32_1.0.0.202111181127/tools/bin/../lib/gcc/arm-none-eabi/10.3.1/../../../../arm-none-eabi/lib/thumb/v7e-m+fp/hard\libc_nano.a(lib_a-stdio.o)
                0x0000000008004fba                __sclose
 *fill*         0x0000000008004fc2        0x2 
 .text._write_r
                0x0000000008004fc4       0x24 c:/st/stm32cubeide_1.9.0/stm32cubeide/plugins/com.st.stm32cube.ide.mcu.externaltools.gnu-tools-for-stm32.10.3-2021.10.win32_1.0.0.202111181127/tools/bin/../lib/gcc/arm-none-eabi/10.3.1/../../../../arm-none-eabi/lib/thumb/v7e-m+fp/hard\libc_nano.a(lib_a-writer.o)
                0x0000000008004fc4                _write_r
 .text._close_r
                0x0000000008004fe8       0x20 c:/st/stm32cubeide_1.9.0/stm32cubeide/plugins/com.st.stm32cube.ide.mcu.externaltools.gnu-tools-for-stm32.10.3-2021.10.win32_1.0.0.202111181127/tools/bin/../lib/gcc/arm-none-eabi/10.3.1/../../../../arm-none-eabi/lib/thumb/v7e-m+fp/hard\libc_nano.a(lib_a-closer.o)
                0x0000000008004fe8                _close_r
 .text._fstat_r
                0x0000000008005008       0x24 c:/st/stm32cubeide_1.9.0/stm32cubeide/plugins/com.st.stm32cube.ide.mcu.externaltools.gnu-tools-for-stm32.10.3-2021.10.win32_1.0.0.202111181127/tools/bin/../lib/gcc/arm-none-eabi/10.3.1/../../../../arm-none-eabi/lib/thumb/v7e-m+fp/hard\libc_nano.a(lib_a-fstatr.o)
                0x0000000008005008                _fstat_r
 .text._isatty_r
                0x000000000800502c       0x20 c:/st/stm32cubeide_1.9.0/stm32cubeide/plugins/com.st.stm32cube.ide.mcu.externaltools.gnu-tools-for-stm32.10.3-2021.10.win32_1.0.0.202111181127/tools/bin/../lib/gcc/arm-none-eabi/10.3.1/../../../../arm-none-eabi/lib/thumb/v7e-m+fp/hard\libc_nano.a(lib_a-isattyr.o)
                0x000000000800502c                _isatty_r
 .text._lseek_r
                0x000000000800504c       0x24 c:/st/stm32cubeide_1.9.0/stm32cubeide/plugins/com.st.stm32cube.ide.mcu.externaltools.gnu-tools-for-stm32.10.3-2021.10.win32_1.0.0.202111181127/tools/bin/../lib/gcc/arm-none-eabi/10.3.1/../../../../arm-none-eabi/lib/thumb/v7e-m+fp/hard\libc_nano.a(lib_a-lseekr.o)
                0x000000000800504c                _lseek_r
 .text._malloc_usable_size_r
                0x0000000008005070       0x10 c:/st/stm32cubeide_1.9.0/stm32cubeide/plugins/com.st.stm32cube.ide.mcu.externaltools.gnu-tools-for-stm32.10.3-2021.10.win32_1.0.0.202111181127/tools/bin/../lib/gcc/arm-none-eabi/10.3.1/../../../../arm-none-eabi/lib/thumb/v7e-m+fp/hard\libc_nano.a(lib_a-nano-msizer.o)
                0x0000000008005070                _malloc_usable_size_r
 .text._read_r  0x0000000008005080       0x24 c:/st/stm32cubeide_1.9.0/stm32cubeide/plugins/com.st.stm32cube.ide.mcu.externaltools.gnu-tools-for-stm32.10.3-2021.10.win32_1.0.0.202111181127/tools/bin/../lib/gcc/arm-none-eabi/10.3.1/../../../../arm-none-eabi/lib/thumb/v7e-m+fp/hard\libc_nano.a(lib_a-readr.o)
                0x0000000008005080                _read_r
 .text._close   0x00000000080050a4       0x10 c:/st/stm32cubeide_1.9.0/stm32cubeide/plugins/com.st.stm32cube.ide.mcu.externaltools.gnu-tools-for-stm32.10.3-2021.10.win32_1.0.0.202111181127/tools/bin/../lib/gcc/arm-none-eabi/10.3.1/../../../../arm-none-eabi/lib/thumb/v7e-m+fp/hard\libnosys.a(close.o)
                0x00000000080050a4                _close
 .text._fstat   0x00000000080050b4       0x10 c:/st/stm32cubeide_1.9.0/stm32cubeide/plugins/com.st.stm32cube.ide.mcu.externaltools.gnu-tools-for-stm32.10.3-2021.10.win32_1.0.0.202111181127/tools/bin/../lib/gcc/arm-none-eabi/10.3.1/../../../../arm-none-eabi/lib/thumb/v7e-m+fp/hard\libnosys.a(fstat.o)
                0x00000000080050b4                _fstat
 .text._getpid  0x00000000080050c4       0x10 c:/st/stm32cubeide_1.9.0/stm32cubeide/plugins/com.st.stm32cube.ide.mcu.externaltools.gnu-tools-for-stm32.10.3-2021.10.win32_1.0.0.202111181127/tools/bin/../lib/gcc/arm-none-eabi/10.3.1/../../../../arm-none-eabi/lib/thumb/v7e-m+fp/hard\libnosys.a(getpid.o)
                0x00000000080050c4                _getpid
 .text._isatty  0x00000000080050d4       0x10 c:/st/stm32cubeide_1.9.0/stm32cubeide/plugins/com.st.stm32cube.ide.mcu.externaltools.gnu-tools-for-stm32.10.3-2021.10.win32_1.0.0.202111181127/tools/bin/../lib/gcc/arm-none-eabi/10.3.1/../../../../arm-none-eabi/lib/thumb/v7e-m+fp/hard\libnosys.a(isatty.o)
                0x00000000080050d4                _isatty
 .text._kill    0x00000000080050e4       0x10 c:/st/stm32cubeide_1.9.0/stm32cubeide/plugins/com.st.stm32cube.ide.mcu.externaltools.gnu-tools-for-stm32.10.3-2021.10.win32_1.0.0.202111181127/tools/bin/../lib/gcc/arm-none-eabi/10.3.1/../../../../arm-none-eabi/lib/thumb/v7e-m+fp/hard\libnosys.a(kill.o)
                0x00000000080050e4                _kill
 .text._lseek   0x00000000080050f4       0x10 c:/st/stm32cubeide_1.9.0/stm32cubeide/plugins/com.st.stm32cube.ide.mcu.externaltools.gnu-tools-for-stm32.10.3-2021.10.win32_1.0.0.202111181127/tools/bin/../lib/gcc/arm-none-eabi/10.3.1/../../../../arm-none-eabi/lib/thumb/v7e-m+fp/hard\libnosys.a(lseek.o)
                0x00000000080050f4                _lseek
 .text._read    0x0000000008005104       0x10 c:/st/stm32cubeide_1.9.0/stm32cubeide/plugins/com.st.stm32cube.ide.mcu.externaltools.gnu-tools-for-stm32.10.3-2021.10.win32_1.0.0.202111181127/tools/bin/../lib/gcc/arm-none-eabi/10.3.1/../../../../arm-none-eabi/lib/thumb/v7e-m+fp/hard\libnosys.a(read.o)
                0x0000000008005104                _read
 .text._sbrk    0x0000000008005114       0x1c c:/st/stm32cubeide_1.9.0/stm32cubeide/plugins/com.st.stm32cube.ide.mcu.externaltools.gnu-tools-for-stm32.10.3-2021.10.win32_1.0.0.202111181127/tools/bin/../lib/gcc/arm-none-eabi/10.3.1/../../../../arm-none-eabi/lib/thumb/v7e-m+fp/hard\libnosys.a(sbrk.o)
                0x0000000008005114                _sbrk
 .text._write   0x0000000008005130       0x10 c:/st/stm32cubeide_1.9.0/stm32cubeide/plugins/com.st.stm32cube.ide.mcu.externaltools.gnu-tools-for-stm32.10.3-2021.10.win32_1.0.0.202111181127/tools/bin/../lib/gcc/arm-none-eabi/10.3.1/../../../../arm-none-eabi/lib/thumb/v7e-m+fp/hard\libnosys.a(write.o)
                0x0000000008005130                _write
 .text._exit    0x0000000008005140        0x2 c:/st/stm32cubeide_1.9.0/stm32cubeide/plugins/com.st.stm32cube.ide.mcu.externaltools.gnu-tools-for-stm32.10.3-2021.10.win32_1.0.0.202111181127/tools/bin/../lib/gcc/arm-none-eabi/10.3.1/../../../../arm-none-eabi/lib/thumb/v7e-m+fp/hard\libnosys.a(_exit.o)
                0x0000000008005140                _exit
 *(.glue_7)
 .glue_7        0x0000000008005142        0x0 linker stubs
 *(.glue_7t)
 .glue_7t       0x0000000008005142        0x0 linker stubs
 *(.eh_frame)
 *fill*         0x0000000008005142        0x2 
 .eh_frame      0x0000000008005144        0x0 c:/st/stm32cubeide_1.9.0/stm32cubeide/plugins/com.st.stm32cube.ide.mcu.externaltools.gnu-tools-for-stm32.10.3-2021.10.win32_1.0.0.202111181127/tools/bin/../lib/gcc/arm-none-eabi/10.3.1/thumb/v7e-m+fp/hard/crtbegin.o
 *(.init)
 .init          0x0000000008005144        0x4 c:/st/stm32cubeide_1.9.0/stm32cubeide/plugins/com.st.stm32cube.ide.mcu.externaltools.gnu-tools-for-stm32.10.3-2021.10.win32_1.0.0.202111181127/tools/bin/../lib/gcc/arm-none-eabi/10.3.1/thumb/v7e-m+fp/hard/crti.o
                0x0000000008005144                _init
 .init          0x0000000008005148        0x8 c:/st/stm32cubeide_1.9.0/stm32cubeide/plugins/com.st.stm32cube.ide.mcu.externaltools.gnu-tools-for-stm32.10.3-2021.10.win32_1.0.0.202111181127/tools/bin/../lib/gcc/arm-none-eabi/10.3.1/thumb/v7e-m+fp/hard/crtn.o
 *(.fini)
 .fini          0x0000000008005150        0x4 c:/st/stm32cubeide_1.9.0/stm32cubeide/plugins/com.st.stm32cube.ide.mcu.externaltools.gnu-tools-for-stm32.10.3-2021.10.win32_1.0.0.202111181127/tools/bin/../lib/gcc/arm-none-eabi/10.3.1/thumb/v7e-m+fp/hard/crti.o
                0x0000000008005150                _fini