Archive member included to satisfy reference by file (symbol)

c:/st/stm32cubeide_1.9.0/stm32cubeide/plugins/com.st.stm32cube.ide.mcu.externaltools.gnu-tools-for-stm32.10.3-2021.10.win32_1.0.0.202111181127/tools/bin/../lib/gcc/arm-none-eabi/10.3.1/../../../../arm-none-eabi/lib/thumb/v7e-m+fp/hard\libstdc++_nano.a(del_ops.o)
                              ./app/statemachine01.o (operator delete(void*, unsigned int))
c:/st/stm32cubeide_1.9.0/stm32cubeide/plugins/com.st.stm32cube.ide.mcu.externaltools.gnu-tools-for-stm32.10.3-2021.10.win32_1.0.0.202111181127/tools/bin/../lib/gcc/arm-none-eabi/10.3.1/../../../../arm-none-eabi/lib/thumb/v7e-m+fp/hard\libstdc++_nano.a(guard.o)
                              ./xf/port/common/dispatcher.o (__cxa_guard_acquire)
c:/st/stm32cubeide_1.9.0/stm32cubeide/plugins/com.st.stm32cube.ide.mcu.externaltools.gnu-tools-for-stm32.10.3-2021.10.win32_1.0.0.202111181127/tools/bin/../lib/gcc/arm-none-eabi/10.3.1/../../../../arm-none-eabi/lib/thumb/v7e-m+fp/hard\libstdc++_nano.a(new_op.o)
                              ./app/statemachine01.o (operator new(unsigned int))
c:/st/stm32cubeide_1.9.0/stm32cubeide/plugins/com.st.stm32cube.ide.mcu.externaltools.gnu-tools-for-stm32.10.3-2021.10.win32_1.0.0.202111181127/tools/bin/../lib/gcc/arm-none-eabi/10.3.1/../../../../arm-none-eabi/lib/thumb/v7e-m+fp/hard\libstdc++_nano.a(pure.o)
                              ./xf/core/behavior.o (__cxa_pure_virtual)
c:/st/stm32cubeide_1.9.0/stm32cubeide/plugins/com.st.stm32cube.ide.mcu.externaltools.gnu-tools-for-stm32.10.3-2021.10.win32_1.0.0.202111181127/tools/bin/../lib/gcc/arm-none-eabi/10.3.1/../../../../arm-none-eabi/lib/thumb/v7e-m+fp/hard\libstdc++_nano.a(list.o)
                              ./xf/port/common/timeoutmanager.o (std::__detail::_List_node_base::_M_hook(std::__detail::_List_node_base*))
c:/st/stm32cubeide_1.9.0/stm32cubeide/plugins/com.st.stm32cube.ide.mcu.externaltools.gnu-tools-for-stm32.10.3-2021.10.win32_1.0.0.202111181127/tools/bin/../lib/gcc/arm-none-eabi/10.3.1/../../../../arm-none-eabi/lib/thumb/v7e-m+fp/hard\libstdc++_nano.a(functexcept.o)
                              ./app/statemachine01.o (std::__throw_logic_error(char const*))
c:/st/stm32cubeide_1.9.0/stm32cubeide/plugins/com.st.stm32cube.ide.mcu.externaltools.gnu-tools-for-stm32.10.3-2021.10.win32_1.0.0.202111181127/tools/bin/../lib/gcc/arm-none-eabi/10.3.1/../../../../arm-none-eabi/lib/thumb/v7e-m+fp/hard\libstdc++_nano.a(functional.o)
                              ./xf/port/common/timeoutmanager.o (std::__throw_bad_function_call())
c:/st/stm32cubeide_1.9.0/stm32cubeide/plugins/com.st.stm32cube.ide.mcu.externaltools.gnu-tools-for-stm32.10.3-2021.10.win32_1.0.0.202111181127/tools/bin/../lib/gcc/arm-none-eabi/10.3.1/../../../../arm-none-eabi/lib/thumb/v7e-m+fp/hard\libstdc++_nano.a(snprintf_lite.o)
                              c:/st/stm32cubeide_1.9.0/stm32cubeide/plugins/com.st.stm32cube.ide.mcu.externaltools.gnu-tools-for-stm32.10.3-2021.10.win32_1.0.0.202111181127/tools/bin/../lib/gcc/arm-none-eabi/10.3.1/../../../../arm-none-eabi/lib/thumb/v7e-m+fp/hard\libstdc++_nano.a(functexcept.o) (__gnu_cxx::__snprintf_lite(char*, unsigned int, char const*, std::__va_list))
c:/st/stm32cubeide_1.9.0/stm32cubeide/plugins/com.st.stm32cube.ide.mcu.externaltools.gnu-tools-for-stm32.10.3-2021.10.win32_1.0.0.202111181127/tools/bin/../lib/gcc/arm-none-eabi/10.3.1/../../../../arm-none-eabi/lib/thumb/v7e-m+fp/hard\libstdc++_nano.a(string-inst.o)
                              ./app/statemachine01.o (std::__cxx11::basic_string<char, std::char_traits<char>, std::allocator<char> >::_M_create(unsigned int&, unsigned int))
c:/st/stm32cubeide_1.9.0/stm32cubeide/plugins/com.st.stm32cube.ide.mcu.externaltools.gnu-tools-for-stm32.10.3-2021.10.win32_1.0.0.202111181127/tools/bin/../lib/gcc/arm-none-eabi/10.3.1/../../../../arm-none-eabi/lib/thumb/v7e-m+fp/hard\libstdc++_nano.a(del_op.o)
                              c:/st/stm32cubeide_1.9.0/stm32cubeide/plugins/com.st.stm32cube.ide.mcu.externaltools.gnu-tools-for-stm32.10.3-2021.10.win32_1.0.0.202111181127/tools/bin/../lib/gcc/arm-none-eabi/10.3.1/../../../../arm-none-eabi/lib/thumb/v7e-m+fp/hard\libstdc++_nano.a(del_ops.o) (operator delete(void*))
c:/st/stm32cubeide_1.9.0/stm32cubeide/plugins/com.st.stm32cube.ide.mcu.externaltools.gnu-tools-for-stm32.10.3-2021.10.win32_1.0.0.202111181127/tools/bin/../lib/gcc/arm-none-eabi/10.3.1/../../../../arm-none-eabi/lib/thumb/v7e-m+fp/hard\libstdc++_nano.a(eh_exception.o)
                              c:/st/stm32cubeide_1.9.0/stm32cubeide/plugins/com.st.stm32cube.ide.mcu.externaltools.gnu-tools-for-stm32.10.3-2021.10.win32_1.0.0.202111181127/tools/bin/../lib/gcc/arm-none-eabi/10.3.1/../../../../arm-none-eabi/lib/thumb/v7e-m+fp/hard\libstdc++_nano.a(functional.o) (std::exception::~exception())
[...]
Memory Configuration

Name             Origin             Length             Attributes
RAM              0x0000000020000000 0x0000000000050000 xrw
FLASH            0x0000000008000000 0x0000000000100000 xr
*default*        0x0000000000000000 0xffffffffffffffff

Linker script and memory map

LOAD c:/st/stm32cubeide_1.9.0/stm32cubeide/plugins/com.st.stm32cube.ide.mcu.externaltools.gnu-tools-for-stm32.10.3-2021.10.win32_1.0.0.202111181127/tools/bin/../lib/gcc/arm-none-eabi/10.3.1/thumb/v7e-m+fp/hard/crti.o
LOAD c:/st/stm32cubeide_1.9.0/stm32cubeide/plugins/com.st.stm32cube.ide.mcu.externaltools.gnu-tools-for-stm32.10.3-2021.10.win32_1.0.0.202111181127/tools/bin/../lib/gcc/arm-none-eabi/10.3.1/thumb/v7e-m+fp/hard/crtbegin.o
LOAD c:/st/stm32cubeide_1.9.0/stm32cubeide/plugins/com.st.stm32cube.ide.mcu.externaltools.gnu-tools-for-stm32.10.3-2021.10.win32_1.0.0.202111181127/tools/bin/../lib/gcc/arm-none-eabi/10.3.1/../../../../arm-none-eabi/lib/thumb/v7e-m+fp/hard/crt0.o
LOAD ./Core/Src/main.o
LOAD ./Core/Src/stm32f7xx_hal_msp.o
LOAD ./Core/Src/stm32f7xx_it.o
LOAD ./Core/Src/system_stm32f7xx.o
LOAD ./Drivers/STM32F7xx_HAL_Driver/Src/stm32f7xx_hal.o
LOAD ./Drivers/STM32F7xx_HAL_Driver/Src/stm32f7xx_hal_cortex.o
LOAD ./Drivers/STM32F7xx_HAL_Driver/Src/stm32f7xx_hal_dma.o
LOAD ./Drivers/STM32F7xx_HAL_Driver/Src/stm32f7xx_hal_dma_ex.o
LOAD ./Drivers/STM32F7xx_HAL_Driver/Src/stm32f7xx_hal_exti.o
LOAD ./Drivers/STM32F7xx_HAL_Driver/Src/stm32f7xx_hal_flash.o
LOAD ./Drivers/STM32F7xx_HAL_Driver/Src/stm32f7xx_hal_flash_ex.o
LOAD ./Drivers/STM32F7xx_HAL_Driver/Src/stm32f7xx_hal_gpio.o
LOAD ./Drivers/STM32F7xx_HAL_Driver/Src/stm32f7xx_hal_i2c.o
LOAD ./Drivers/STM32F7xx_HAL_Driver/Src/stm32f7xx_hal_i2c_ex.o
LOAD ./Drivers/STM32F7xx_HAL_Driver/Src/stm32f7xx_hal_pwr.o
LOAD ./Drivers/STM32F7xx_HAL_Driver/Src/stm32f7xx_hal_pwr_ex.o
LOAD ./Drivers/STM32F7xx_HAL_Driver/Src/stm32f7xx_hal_rcc.o
LOAD ./Drivers/STM32F7xx_HAL_Driver/Src/stm32f7xx_hal_rcc_ex.o
LOAD ./Drivers/STM32F7xx_HAL_Driver/Src/stm32f7xx_hal_tim.o
LOAD ./Drivers/STM32F7xx_HAL_Driver/Src/stm32f7xx_hal_tim_ex.o
LOAD ./Drivers/STM32F7xx_HAL_Driver/Src/stm32f7xx_hal_uart.o
LOAD ./Drivers/STM32F7xx_HAL_Driver/Src/stm32f7xx_hal_uart_ex.o
LOAD ./app/statemachine01.o
LOAD ./app/testfactory01.o
LOAD ./mdw/trace/examples/trace-example01.o
LOAD ./platform/f7-disco-gcc/board/ledcontroller.o
LOAD ./platform/f7-disco-gcc/board/trace.o
LOAD ./platform/f7-disco-gcc/mcu/critical/critical.o
LOAD ./platform/f7-disco-gcc/mcu/hal/uart.o
LOAD ./startup/startup_stm32f746xx.o
LOAD ./xf/core/behavior.o
LOAD ./xf/core/customevent.o
LOAD ./xf/core/defaulttransition.o
LOAD ./xf/core/initialevent.o
LOAD ./xf/core/timeout.o
LOAD ./xf/port/common/dispatcher.o
LOAD ./xf/port/common/timeoutmanager.o
LOAD ./xf/port/idf-stm32/c-wrapper-functions.o
LOAD ./xf/port/idf-stm32/eventqueue.o
LOAD ./xf/port/idf-stm32/mutex.o
LOAD ./xf/port/idf-stm32/xf.o
START GROUP
LOAD c:/st/stm32cubeide_1.9.0/stm32cubeide/plugins/com.st.stm32cube.ide.mcu.externaltools.gnu-tools-for-stm32.10.3-2021.10.win32_1.0.0.202111181127/tools/bin/../lib/gcc/arm-none-eabi/10.3.1/../../../../arm-none-eabi/lib/thumb/v7e-m+fp/hard\libstdc++_nano.a
LOAD c:/st/stm32cubeide_1.9.0/stm32cubeide/plugins/com.st.stm32cube.ide.mcu.externaltools.gnu-tools-for-stm32.10.3-2021.10.win32_1.0.0.202111181127/tools/bin/../lib/gcc/arm-none-eabi/10.3.1/../../../../arm-none-eabi/lib/thumb/v7e-m+fp/hard\libsupc++_nano.a
END GROUP
LOAD c:/st/stm32cubeide_1.9.0/stm32cubeide/plugins/com.st.stm32cube.ide.mcu.externaltools.gnu-tools-for-stm32.10.3-2021.10.win32_1.0.0.202111181127/tools/bin/../lib/gcc/arm-none-eabi/10.3.1/../../../../arm-none-eabi/lib/thumb/v7e-m+fp/hard\libstdc++_nano.a
LOAD c:/st/stm32cubeide_1.9.0/stm32cubeide/plugins/com.st.stm32cube.ide.mcu.externaltools.gnu-tools-for-stm32.10.3-2021.10.win32_1.0.0.202111181127/tools/bin/../lib/gcc/arm-none-eabi/10.3.1/../../../../arm-none-eabi/lib/thumb/v7e-m+fp/hard\libm.a
LOAD c:/st/stm32cubeide_1.9.0/stm32cubeide/plugins/com.st.stm32cube.ide.mcu.externaltools.gnu-tools-for-stm32.10.3-2021.10.win32_1.0.0.202111181127/tools/bin/../lib/gcc/arm-none-eabi/10.3.1/../../../../arm-none-eabi/lib/thumb/v7e-m+fp/hard\libc_nano.a
START GROUP
LOAD c:/st/stm32cubeide_1.9.0/stm32cubeide/plugins/com.st.stm32cube.ide.mcu.externaltools.gnu-tools-for-stm32.10.3-2021.10.win32_1.0.0.202111181127/tools/bin/../lib/gcc/arm-none-eabi/10.3.1/thumb/v7e-m+fp/hard\libgcc.a
LOAD c:/st/stm32cubeide_1.9.0/stm32cubeide/plugins/com.st.stm32cube.ide.mcu.externaltools.gnu-tools-for-stm32.10.3-2021.10.win32_1.0.0.202111181127/tools/bin/../lib/gcc/arm-none-eabi/10.3.1/../../../../arm-none-eabi/lib/thumb/v7e-m+fp/hard\libc_nano.a
END GROUP
START GROUP
LOAD c:/st/stm32cubeide_1.9.0/stm32cubeide/plugins/com.st.stm32cube.ide.mcu.externaltools.gnu-tools-for-stm32.10.3-2021.10.win32_1.0.0.202111181127/tools/bin/../lib/gcc/arm-none-eabi/10.3.1/thumb/v7e-m+fp/hard\libgcc.a
LOAD c:/st/stm32cubeide_1.9.0/stm32cubeide/plugins/com.st.stm32cube.ide.mcu.externaltools.gnu-tools-for-stm32.10.3-2021.10.win32_1.0.0.202111181127/tools/bin/../lib/gcc/arm-none-eabi/10.3.1/../../../../arm-none-eabi/lib/thumb/v7e-m+fp/hard\libc_nano.a
LOAD c:/st/stm32cubeide_1.9.0/stm32cubeide/plugins/com.st.stm32cube.ide.mcu.externaltools.gnu-tools-for-stm32.10.3-2021.10.win32_1.0.0.202111181127/tools/bin/../lib/gcc/arm-none-eabi/10.3.1/../../../../arm-none-eabi/lib/thumb/v7e-m+fp/hard\libnosys.a
END GROUP
START GROUP
LOAD c:/st/stm32cubeide_1.9.0/stm32cubeide/plugins/com.st.stm32cube.ide.mcu.externaltools.gnu-tools-for-stm32.10.3-2021.10.win32_1.0.0.202111181127/tools/bin/../lib/gcc/arm-none-eabi/10.3.1/thumb/v7e-m+fp/hard\libgcc.a
LOAD c:/st/stm32cubeide_1.9.0/stm32cubeide/plugins/com.st.stm32cube.ide.mcu.externaltools.gnu-tools-for-stm32.10.3-2021.10.win32_1.0.0.202111181127/tools/bin/../lib/gcc/arm-none-eabi/10.3.1/../../../../arm-none-eabi/lib/thumb/v7e-m+fp/hard\libc_nano.a
LOAD c:/st/stm32cubeide_1.9.0/stm32cubeide/plugins/com.st.stm32cube.ide.mcu.externaltools.gnu-tools-for-stm32.10.3-2021.10.win32_1.0.0.202111181127/tools/bin/../lib/gcc/arm-none-eabi/10.3.1/../../../../arm-none-eabi/lib/thumb/v7e-m+fp/hard\libnosys.a
END GROUP
LOAD c:/st/stm32cubeide_1.9.0/stm32cubeide/plugins/com.st.stm32cube.ide.mcu.externaltools.gnu-tools-for-stm32.10.3-2021.10.win32_1.0.0.202111181127/tools/bin/../lib/gcc/arm-none-eabi/10.3.1/thumb/v7e-m+fp/hard/crtend.o
LOAD c:/st/stm32cubeide_1.9.0/stm32cubeide/plugins/com.st.stm32cube.ide.mcu.externaltools.gnu-tools-for-stm32.10.3-2021.10.win32_1.0.0.202111181127/tools/bin/../lib/gcc/arm-none-eabi/10.3.1/thumb/v7e-m+fp/hard/crtn.o
                0x0000000020050000                _estack = 0x20050000
                0x0000000000001000                _Min_Heap_Size = 0x1000
                0x0000000000001000                _Min_Stack_Size = 0x1000

.isr_vector     0x0000000008000000      0x1c8
                0x0000000008000000                . = ALIGN (0x4)
 *(.isr_vector)
 .isr_vector    0x0000000008000000      0x1c8 ./startup/startup_stm32f746xx.o
                0x0000000008000000                g_pfnVectors
                0x00000000080001c8                . = ALIGN (0x4)

.text           0x00000000080001d0     0x4f30
                0x00000000080001d0                . = ALIGN (0x4)
 *(.text)
 .text          0x00000000080001d0       0x40 c:/st/stm32cubeide_1.9.0/stm32cubeide/plugins/com.st.stm32cube.ide.mcu.externaltools.gnu-tools-for-stm32.10.3-2021.10.win32_1.0.0.202111181127/tools/bin/../lib/gcc/arm-none-eabi/10.3.1/thumb/v7e-m+fp/hard/crtbegin.o
 .text          0x0000000008000210       0xa0 c:/st/stm32cubeide_1.9.0/stm32cubeide/plugins/com.st.stm32cube.ide.mcu.externaltools.gnu-tools-for-stm32.10.3-2021.10.win32_1.0.0.202111181127/tools/bin/../lib/gcc/arm-none-eabi/10.3.1/../../../../arm-none-eabi/lib/thumb/v7e-m+fp/hard\libc_nano.a(lib_a-memchr.o)
                0x0000000008000210                memchr
 .text          0x00000000080002b0       0x10 c:/st/stm32cubeide_1.9.0/stm32cubeide/plugins/com.st.stm32cube.ide.mcu.externaltools.gnu-tools-for-stm32.10.3-2021.10.win32_1.0.0.202111181127/tools/bin/../lib/gcc/arm-none-eabi/10.3.1/../../../../arm-none-eabi/lib/thumb/v7e-m+fp/hard\libc_nano.a(lib_a-strlen.o)
                0x00000000080002b0                strlen
 .text          0x00000000080002c0       0x30 c:/st/stm32cubeide_1.9.0/stm32cubeide/plugins/com.st.stm32cube.ide.mcu.externaltools.gnu-tools-for-stm32.10.3-2021.10.win32_1.0.0.202111181127/tools/bin/../lib/gcc/arm-none-eabi/10.3.1/thumb/v7e-m+fp/hard\libgcc.a(_aeabi_uldivmod.o)
                0x00000000080002c0                __aeabi_uldivmod
 .text          0x00000000080002f0      0x2d0 c:/st/stm32cubeide_1.9.0/stm32cubeide/plugins/com.st.stm32cube.ide.mcu.externaltools.gnu-tools-for-stm32.10.3-2021.10.win32_1.0.0.202111181127/tools/bin/../lib/gcc/arm-none-eabi/10.3.1/thumb/v7e-m+fp/hard\libgcc.a(_udivmoddi4.o)
                0x00000000080002f0                __udivmoddi4
 .text          0x00000000080005c0        0x4 c:/st/stm32cubeide_1.9.0/stm32cubeide/plugins/com.st.stm32cube.ide.mcu.externaltools.gnu-tools-for-stm32.10.3-2021.10.win32_1.0.0.202111181127/tools/bin/../lib/gcc/arm-none-eabi/10.3.1/thumb/v7e-m+fp/hard\libgcc.a(_dvmd_tls.o)
                0x00000000080005c0                __aeabi_idiv0
                0x00000000080005c0                __aeabi_ldiv0
 *(.text*)
 .text.MX_GPIO_Init
                0x00000000080005c4      0x670 ./Core/Src/main.o
 .text.Error_Handler
                0x0000000008000c34        0x4 ./Core/Src/main.o
                0x0000000008000c34                Error_Handler
 .text.MX_USART1_UART_Init
                0x0000000008000c38       0x38 ./Core/Src/main.o
 .text.SystemClock_Config
                0x0000000008000c70       0xa8 ./Core/Src/main.o
                0x0000000008000c70                SystemClock_Config
 .text.main     0x0000000008000d18       0x26 ./Core/Src/main.o
                0x0000000008000d18                main
 *fill*         0x0000000008000d3e        0x2 
 .text.HAL_MspInit
                0x0000000008000d40       0x30 ./Core/Src/stm32f7xx_hal_msp.o
                0x0000000008000d40                HAL_MspInit
 .text.HAL_UART_MspInit
                0x0000000008000d70       0xb4 ./Core/Src/stm32f7xx_hal_msp.o
                0x0000000008000d70                HAL_UART_MspInit
 .text.NMI_Handler
                0x0000000008000e24        0x2 ./Core/Src/stm32f7xx_it.o
                0x0000000008000e24                NMI_Handler
 .text.HardFault_Handler
                0x0000000008000e26        0x2 ./Core/Src/stm32f7xx_it.o
                0x0000000008000e26                HardFault_Handler
 .text.MemManage_Handler
                0x0000000008000e28        0x2 ./Core/Src/stm32f7xx_it.o
                0x0000000008000e28                MemManage_Handler
 .text.BusFault_Handler
                0x0000000008000e2a        0x2 ./Core/Src/stm32f7xx_it.o
                0x0000000008000e2a                BusFault_Handler
 .text.UsageFault_Handler
                0x0000000008000e2c        0x2 ./Core/Src/stm32f7xx_it.o
                0x0000000008000e2c                UsageFault_Handler
 .text.SVC_Handler
                0x0000000008000e2e        0x2 ./Core/Src/stm32f7xx_it.o
                0x0000000008000e2e                SVC_Handler
 .text.DebugMon_Handler
                0x0000000008000e30        0x2 ./Core/Src/stm32f7xx_it.o
                0x0000000008000e30                DebugMon_Handler
 .text.PendSV_Handler
                0x0000000008000e32        0x2 ./Core/Src/stm32f7xx_it.o
                0x0000000008000e32                PendSV_Handler
 .text.SysTick_Handler
                0x0000000008000e34       0x2a ./Core/Src/stm32f7xx_it.o
                0x0000000008000e34                SysTick_Handler
 *fill*         0x0000000008000e5e        0x2 
 .text.SystemInit
                0x0000000008000e60       0x1c ./Core/Src/system_stm32f7xx.o
                0x0000000008000e60                SystemInit
 .text.HAL_InitTick
                0x0000000008000e7c       0x48 ./Drivers/STM32F7xx_HAL_Driver/Src/stm32f7xx_hal.o
                0x0000000008000e7c                HAL_InitTick
 .text.HAL_Init
                0x0000000008000ec4       0x16 ./Drivers/STM32F7xx_HAL_Driver/Src/stm32f7xx_hal.o
                0x0000000008000ec4                HAL_Init
 *fill*         0x0000000008000eda        0x2 
 .text.HAL_IncTick
                0x0000000008000edc       0x18 ./Drivers/STM32F7xx_HAL_Driver/Src/stm32f7xx_hal.o
                0x0000000008000edc                HAL_IncTick
 .text.HAL_GetTick
                0x0000000008000ef4        0xc ./Drivers/STM32F7xx_HAL_Driver/Src/stm32f7xx_hal.o
                0x0000000008000ef4                HAL_GetTick
 .text.HAL_NVIC_SetPriorityGrouping
                0x0000000008000f00       0x24 ./Drivers/STM32F7xx_HAL_Driver/Src/stm32f7xx_hal_cortex.o
                0x0000000008000f00                HAL_NVIC_SetPriorityGrouping
 .text.HAL_NVIC_SetPriority
                0x0000000008000f24       0x6c ./Drivers/STM32F7xx_HAL_Driver/Src/stm32f7xx_hal_cortex.o
                0x0000000008000f24                HAL_NVIC_SetPriority
 .text.HAL_SYSTICK_Config
                0x0000000008000f90       0x28 ./Drivers/STM32F7xx_HAL_Driver/Src/stm32f7xx_hal_cortex.o
                0x0000000008000f90                HAL_SYSTICK_Config
 .text.DMA_SetConfig
                0x0000000008000fb8       0x2c ./Drivers/STM32F7xx_HAL_Driver/Src/stm32f7xx_hal_dma.o
 .text.HAL_DMA_Start_IT
                0x0000000008000fe4       0x74 ./Drivers/STM32F7xx_HAL_Driver/Src/stm32f7xx_hal_dma.o
                0x0000000008000fe4                HAL_DMA_Start_IT
 .text.HAL_GPIO_Init
                0x0000000008001058      0x1f8 ./Drivers/STM32F7xx_HAL_Driver/Src/stm32f7xx_hal_gpio.o
                0x0000000008001058                HAL_GPIO_Init
 .text.HAL_GPIO_WritePin
                0x0000000008001250        0xc ./Drivers/STM32F7xx_HAL_Driver/Src/stm32f7xx_hal_gpio.o
                0x0000000008001250                HAL_GPIO_WritePin
 .text.HAL_RCC_OscConfig
                0x000000000800125c      0x438 ./Drivers/STM32F7xx_HAL_Driver/Src/stm32f7xx_hal_rcc.o
                0x000000000800125c                HAL_RCC_OscConfig
 .text.HAL_RCC_GetSysClockFreq
                0x0000000008001694       0xa4 ./Drivers/STM32F7xx_HAL_Driver/Src/stm32f7xx_hal_rcc.o
                0x0000000008001694                HAL_RCC_GetSysClockFreq
 .text.HAL_RCC_ClockConfig
                0x0000000008001738      0x16c ./Drivers/STM32F7xx_HAL_Driver/Src/stm32f7xx_hal_rcc.o
                0x0000000008001738                HAL_RCC_ClockConfig
 .text.HAL_RCC_GetHCLKFreq
                0x00000000080018a4        0xc ./Drivers/STM32F7xx_HAL_Driver/Src/stm32f7xx_hal_rcc.o
                0x00000000080018a4                HAL_RCC_GetHCLKFreq
 .text.HAL_RCC_GetPCLK1Freq
                0x00000000080018b0       0x20 ./Drivers/STM32F7xx_HAL_Driver/Src/stm32f7xx_hal_rcc.o
                0x00000000080018b0                HAL_RCC_GetPCLK1Freq
 .text.HAL_RCC_GetPCLK2Freq
                0x00000000080018d0       0x20 ./Drivers/STM32F7xx_HAL_Driver/Src/stm32f7xx_hal_rcc.o
                0x00000000080018d0                HAL_RCC_GetPCLK2Freq
 .text.HAL_RCCEx_PeriphCLKConfig
                0x00000000080018f0      0x5ac ./Drivers/STM32F7xx_HAL_Driver/Src/stm32f7xx_hal_rcc_ex.o
                0x00000000080018f0                HAL_RCCEx_PeriphCLKConfig
 .text.UART_EndTxTransfer
                0x0000000008001e9c       0x18 ./Drivers/STM32F7xx_HAL_Driver/Src/stm32f7xx_hal_uart.o
 .text.UART_EndRxTransfer
                0x0000000008001eb4       0x50 ./Drivers/STM32F7xx_HAL_Driver/Src/stm32f7xx_hal_uart.o
 .text.HAL_UART_Transmit_DMA
                0x0000000008001f04       0xb4 ./Drivers/STM32F7xx_HAL_Driver/Src/stm32f7xx_hal_uart.o
                0x0000000008001f04                HAL_UART_Transmit_DMA
 .text.HAL_UART_TxCpltCallback
                0x0000000008001fb8        0x2 ./Drivers/STM32F7xx_HAL_Driver/Src/stm32f7xx_hal_uart.o
                0x0000000008001fb8                HAL_UART_TxCpltCallback
 .text.UART_DMATransmitCplt
                0x0000000008001fba       0x46 ./Drivers/STM32F7xx_HAL_Driver/Src/stm32f7xx_hal_uart.o
 .text.HAL_UART_TxHalfCpltCallback
                0x0000000008002000        0x2 ./Drivers/STM32F7xx_HAL_Driver/Src/stm32f7xx_hal_uart.o
                0x0000000008002000                HAL_UART_TxHalfCpltCallback
 .text.UART_DMATxHalfCplt
                0x0000000008002002        0xa ./Drivers/STM32F7xx_HAL_Driver/Src/stm32f7xx_hal_uart.o
 .text.HAL_UART_ErrorCallback
                0x000000000800200c        0x2 ./Drivers/STM32F7xx_HAL_Driver/Src/stm32f7xx_hal_uart.o
                0x000000000800200c                HAL_UART_ErrorCallback
 .text.UART_DMAError
                0x000000000800200e       0x54 ./Drivers/STM32F7xx_HAL_Driver/Src/stm32f7xx_hal_uart.o
 *fill*         0x0000000008002062        0x2 
 .text.UART_SetConfig
                0x0000000008002064      0x330 ./Drivers/STM32F7xx_HAL_Driver/Src/stm32f7xx_hal_uart.o
                0x0000000008002064                UART_SetConfig
 .text.UART_AdvFeatureConfig
                0x0000000008002394       0xca ./Drivers/STM32F7xx_HAL_Driver/Src/stm32f7xx_hal_uart.o
                0x0000000008002394                UART_AdvFeatureConfig
 .text.UART_WaitOnFlagUntilTimeout
                0x000000000800245e       0xd4 ./Drivers/STM32F7xx_HAL_Driver/Src/stm32f7xx_hal_uart.o
                0x000000000800245e                UART_WaitOnFlagUntilTimeout
 .text.HAL_UART_Transmit
                0x0000000008002532       0xd4 ./Drivers/STM32F7xx_HAL_Driver/Src/stm32f7xx_hal_uart.o
                0x0000000008002532                HAL_UART_Transmit
 .text.UART_CheckIdleState
                0x0000000008002606       0x48 ./Drivers/STM32F7xx_HAL_Driver/Src/stm32f7xx_hal_uart.o
                0x0000000008002606                UART_CheckIdleState
 .text.HAL_UART_Init
                0x000000000800264e       0x62 ./Drivers/STM32F7xx_HAL_Driver/Src/stm32f7xx_hal_uart.o
                0x000000000800264e                HAL_UART_Init
 .text._ZN14StateMachine01D2Ev
                0x00000000080026b0       0x2c ./app/statemachine01.o
                0x00000000080026b0                StateMachine01::~StateMachine01()
                0x00000000080026b0                StateMachine01::~StateMachine01()
 .text._ZN14StateMachine01D0Ev
                0x00000000080026dc       0x14 ./app/statemachine01.o
                0x00000000080026dc                StateMachine01::~StateMachine01()
 .text._ZNSt8__detail18__to_chars_10_implIjEEvPcjT_
                0x00000000080026f0       0x64 ./app/statemachine01.o
                0x00000000080026f0                void std::__detail::__to_chars_10_impl<unsigned int>(char*, unsigned int, unsigned int)
 .text._ZNSt7__cxx1112basic_stringIcSt11char_traitsIcESaIcEE12_M_constructIPcEEvT_S7_St20forward_iterator_tag
                0x0000000008002754       0x58 ./app/statemachine01.o
                0x0000000008002754                void std::__cxx11::basic_string<char, std::char_traits<char>, std::allocator<char> >::_M_construct<char*>(char*, char*, std::forward_iterator_tag)
 .text._ZN14StateMachine0112processEventEv
                0x00000000080027ac      0x310 ./app/statemachine01.o
                0x00000000080027ac                StateMachine01::processEvent()
 .text._ZN14StateMachine01C2EiNSt7__cxx1112basic_stringIcSt11char_traitsIcESaIcEEE
                0x0000000008002abc       0x38 ./app/statemachine01.o
                0x0000000008002abc                StateMachine01::StateMachine01(int, std::__cxx11::basic_string<char, std::char_traits<char>, std::allocator<char> >)
                0x0000000008002abc                StateMachine01::StateMachine01(int, std::__cxx11::basic_string<char, std::char_traits<char>, std::allocator<char> >)
 .text.Factory_initialize
                0x0000000008002af4        0x2 ./app/testfactory01.o
                0x0000000008002af4                Factory_initialize
 *fill*         0x0000000008002af6        0x2 
 .text._ZN13TestFactory015buildEv
                0x0000000008002af8       0x24 ./app/testfactory01.o
                0x0000000008002af8                TestFactory01::build()
 .text.Factory_build
                0x0000000008002b1c        0x8 ./app/testfactory01.o
                0x0000000008002b1c                Factory_build
 .text._Z41__static_initialization_and_destruction_0ii
                0x0000000008002b24       0x80 ./app/testfactory01.o
 .text._GLOBAL__sub_I_Factory_initialize
                0x0000000008002ba4        0xe ./app/testfactory01.o
 .text._GLOBAL__sub_D_Factory_initialize
                0x0000000008002bb2        0xe ./app/testfactory01.o
 .text._ZL10traceMutexv
                0x0000000008002bc0        0xc ./platform/f7-disco-gcc/board/trace.o
 .text._ZL14traceMutexLockv
                0x0000000008002bcc        0xe ./platform/f7-disco-gcc/board/trace.o
 .text._ZL16traceMutexUnlockv
                0x0000000008002bda        0xe ./platform/f7-disco-gcc/board/trace.o
 .text._ZL17checkStringEndingPcm
                0x0000000008002be8       0x42 ./platform/f7-disco-gcc/board/trace.o
 *fill*         0x0000000008002c2a        0x2 
 .text._ZN5Trace3outENSt7__cxx1112basic_stringIcSt11char_traitsIcESaIcEEE
                0x0000000008002c2c       0xa8 ./platform/f7-disco-gcc/board/trace.o
                0x0000000008002c2c                Trace::out(std::__cxx11::basic_string<char, std::char_traits<char>, std::allocator<char> >)
 .text._ZN5Trace3outEPKcz
                0x0000000008002cd4       0x4c ./platform/f7-disco-gcc/board/trace.o
                0x0000000008002cd4                Trace::out(char const*, ...)
 .text._Z41__static_initialization_and_destruction_0ii
                0x0000000008002d20       0x4c ./platform/f7-disco-gcc/board/trace.o
 .text._GLOBAL__sub_I_trace_initialize
                0x0000000008002d6c        0xe ./platform/f7-disco-gcc/board/trace.o
 .text._GLOBAL__sub_D_trace_initialize
                0x0000000008002d7a        0xe ./platform/f7-disco-gcc/board/trace.o
 .text._ZN4UartD2Ev
                0x0000000008002d88        0xc ./platform/f7-disco-gcc/mcu/hal/uart.o
                0x0000000008002d88                Uart::~Uart()
                0x0000000008002d88                Uart::~Uart()
 .text._ZN4UartD0Ev
                0x0000000008002d94       0x14 ./platform/f7-disco-gcc/mcu/hal/uart.o
                0x0000000008002d94                Uart::~Uart()
 .text._ZN4UartC2EhP20__UART_HandleTypeDefb
                0x0000000008002da8       0x58 ./platform/f7-disco-gcc/mcu/hal/uart.o
                0x0000000008002da8                Uart::Uart(unsigned char, __UART_HandleTypeDef*, bool)
                0x0000000008002da8                Uart::Uart(unsigned char, __UART_HandleTypeDef*, bool)
 .text._ZN4Uart13writeUsingDMAEPKhm
                0x0000000008002e00       0x40 ./platform/f7-disco-gcc/mcu/hal/uart.o
                0x0000000008002e00                Uart::writeUsingDMA(unsigned char const*, unsigned long)
 .text._ZN4Uart5writeEPKcj
                0x0000000008002e40       0x2e ./platform/f7-disco-gcc/mcu/hal/uart.o
                0x0000000008002e40                Uart::write(char const*, unsigned int)
 *fill*         0x0000000008002e6e        0x2 
 .text.Reset_Handler
                0x0000000008002e70       0x50 ./startup/startup_stm32f746xx.o
                0x0000000008002e70                Reset_Handler
 .text.Default_Handler
                0x0000000008002ec0        0x2 ./startup/startup_stm32f746xx.o
                0x0000000008002ec0                RTC_Alarm_IRQHandler
                0x0000000008002ec0                EXTI2_IRQHandler
                0x0000000008002ec0                TIM8_CC_IRQHandler
                0x0000000008002ec0                UART8_IRQHandler
                0x0000000008002ec0                SPI4_IRQHandler
                0x0000000008002ec0                TIM1_CC_IRQHandler
                0x0000000008002ec0                DMA2_Stream5_IRQHandler
                0x0000000008002ec0                DMA1_Stream5_IRQHandler
                0x0000000008002ec0                PVD_IRQHandler
                0x0000000008002ec0                TAMP_STAMP_IRQHandler
                0x0000000008002ec0                CAN2_RX1_IRQHandler
                0x0000000008002ec0                EXTI3_IRQHandler
                0x0000000008002ec0                TIM8_TRG_COM_TIM14_IRQHandler
                0x0000000008002ec0                TIM1_UP_TIM10_IRQHandler
                0x0000000008002ec0                TIM8_UP_TIM13_IRQHandler
                0x0000000008002ec0                I2C3_ER_IRQHandler
                0x0000000008002ec0                EXTI0_IRQHandler
                0x0000000008002ec0                I2C2_EV_IRQHandler
                0x0000000008002ec0                DMA1_Stream2_IRQHandler
                0x0000000008002ec0                CAN1_RX0_IRQHandler
                0x0000000008002ec0                FPU_IRQHandler
                0x0000000008002ec0                OTG_HS_WKUP_IRQHandler
                0x0000000008002ec0                LTDC_ER_IRQHandler
                0x0000000008002ec0                CAN2_SCE_IRQHandler
                0x0000000008002ec0                DMA2_Stream2_IRQHandler
                0x0000000008002ec0                SPI1_IRQHandler
                0x0000000008002ec0                TIM6_DAC_IRQHandler
                0x0000000008002ec0                TIM1_BRK_TIM9_IRQHandler
                0x0000000008002ec0                DCMI_IRQHandler
                0x0000000008002ec0                CAN2_RX0_IRQHandler
                0x0000000008002ec0                DMA2_Stream3_IRQHandler
                0x0000000008002ec0                SAI2_IRQHandler
                0x0000000008002ec0                USART6_IRQHandler
                0x0000000008002ec0                USART3_IRQHandler
                0x0000000008002ec0                CAN1_RX1_IRQHandler
                0x0000000008002ec0                UART5_IRQHandler
                0x0000000008002ec0                DMA2_Stream0_IRQHandler
                0x0000000008002ec0                TIM4_IRQHandler
                0x0000000008002ec0                QUADSPI_IRQHandler
                0x0000000008002ec0                I2C1_EV_IRQHandler
                0x0000000008002ec0                DMA1_Stream6_IRQHandler
                0x0000000008002ec0                DMA1_Stream1_IRQHandler
                0x0000000008002ec0                UART4_IRQHandler
                0x0000000008002ec0                TIM3_IRQHandler
                0x0000000008002ec0                RCC_IRQHandler
                0x0000000008002ec0                TIM8_BRK_TIM12_IRQHandler
                0x0000000008002ec0                Default_Handler
                0x0000000008002ec0                CEC_IRQHandler
                0x0000000008002ec0                EXTI15_10_IRQHandler
                0x0000000008002ec0                ADC_IRQHandler
                0x0000000008002ec0                DMA1_Stream7_IRQHandler
                0x0000000008002ec0                SPI5_IRQHandler
                0x0000000008002ec0                TIM7_IRQHandler
                0x0000000008002ec0                SDMMC1_IRQHandler
                0x0000000008002ec0                CAN2_TX_IRQHandler
                0x0000000008002ec0                TIM5_IRQHandler
                0x0000000008002ec0                DMA2_Stream7_IRQHandler
                0x0000000008002ec0                I2C3_EV_IRQHandler
                0x0000000008002ec0                EXTI9_5_IRQHandler
                0x0000000008002ec0                RTC_WKUP_IRQHandler
                0x0000000008002ec0                LTDC_IRQHandler
                0x0000000008002ec0                ETH_WKUP_IRQHandler
                0x0000000008002ec0                SPDIF_RX_IRQHandler
                0x0000000008002ec0                SPI2_IRQHandler
                0x0000000008002ec0                OTG_HS_EP1_IN_IRQHandler
                0x0000000008002ec0                DMA1_Stream0_IRQHandler
                0x0000000008002ec0                CAN1_TX_IRQHandler
                0x0000000008002ec0                EXTI4_IRQHandler
                0x0000000008002ec0                RNG_IRQHandler
                0x0000000008002ec0                ETH_IRQHandler
                0x0000000008002ec0                OTG_HS_EP1_OUT_IRQHandler
                0x0000000008002ec0                WWDG_IRQHandler
                0x0000000008002ec0                SPI6_IRQHandler
                0x0000000008002ec0                I2C4_EV_IRQHandler
                0x0000000008002ec0                TIM2_IRQHandler
                0x0000000008002ec0                OTG_FS_WKUP_IRQHandler
                0x0000000008002ec0                TIM1_TRG_COM_TIM11_IRQHandler
                0x0000000008002ec0                OTG_HS_IRQHandler
                0x0000000008002ec0                DMA2D_IRQHandler
                0x0000000008002ec0                EXTI1_IRQHandler
                0x0000000008002ec0                UART7_IRQHandler
                0x0000000008002ec0                USART2_IRQHandler
                0x0000000008002ec0                I2C2_ER_IRQHandler
                0x0000000008002ec0                DMA2_Stream1_IRQHandler
                0x0000000008002ec0                CAN1_SCE_IRQHandler
                0x0000000008002ec0                FLASH_IRQHandler
                0x0000000008002ec0                DMA2_Stream4_IRQHandler
                0x0000000008002ec0                USART1_IRQHandler
                0x0000000008002ec0                OTG_FS_IRQHandler
                0x0000000008002ec0                SPI3_IRQHandler
                0x0000000008002ec0                DMA1_Stream4_IRQHandler
                0x0000000008002ec0                I2C1_ER_IRQHandler
                0x0000000008002ec0                FMC_IRQHandler
                0x0000000008002ec0                LPTIM1_IRQHandler
                0x0000000008002ec0                I2C4_ER_IRQHandler
                0x0000000008002ec0                DMA2_Stream6_IRQHandler
                0x0000000008002ec0                SAI1_IRQHandler
                0x0000000008002ec0                DMA1_Stream3_IRQHandler
 .text._ZNK10XFBehavior17deleteOnTerminateEv
                0x0000000008002ec2        0x4 ./xf/core/behavior.o
                0x0000000008002ec2                XFBehavior::deleteOnTerminate() const
 .text._ZN10XFBehavior20setDeleteOnTerminateEb
                0x0000000008002ec6        0x4 ./xf/core/behavior.o
                0x0000000008002ec6                XFBehavior::setDeleteOnTerminate(bool)
 .text._ZN10XFBehavior13startBehaviorEv
                0x0000000008002eca       0x1c ./xf/core/behavior.o
                0x0000000008002eca                XFBehavior::startBehavior()
 *fill*         0x0000000008002ee6        0x2 
 .text._ZN10XFBehaviorC2Ev
                0x0000000008002ee8       0x18 ./xf/core/behavior.o
                0x0000000008002ee8                XFBehavior::XFBehavior()
                0x0000000008002ee8                XFBehavior::XFBehavior()
 .text._ZN10XFBehaviorD2Ev
                0x0000000008002f00       0x14 ./xf/core/behavior.o
                0x0000000008002f00                XFBehavior::~XFBehavior()
                0x0000000008002f00                XFBehavior::~XFBehavior()
 .text._ZNK10XFBehavior15getCurrentEventEv
                0x0000000008002f14        0x4 ./xf/core/behavior.o
                0x0000000008002f14                XFBehavior::getCurrentEvent() const
 .text._ZN10XFBehavior13getDispatcherEv
                0x0000000008002f18        0x8 ./xf/core/behavior.o
                0x0000000008002f18                XFBehavior::getDispatcher()
 .text._ZN10XFBehavior9pushEventEP7XFEvent
                0x0000000008002f20       0x24 ./xf/core/behavior.o
                0x0000000008002f20                XFBehavior::pushEvent(XFEvent*)
 .text._ZN10XFBehavior17getCurrentTimeoutEv
                0x0000000008002f44        0x0 ./xf/core/behavior.o
                0x0000000008002f44                XFBehavior::getCurrentTimeout()
 .text._ZN10XFBehavior15setCurrentEventEPK7XFEvent
                0x0000000008002f44        0x4 ./xf/core/behavior.o
                0x0000000008002f44                XFBehavior::setCurrentEvent(XFEvent const*)
 .text._ZN10XFBehavior7processEPK7XFEvent
                0x0000000008002f48       0x10 ./xf/core/behavior.o
                0x0000000008002f48                XFBehavior::process(XFEvent const*)
 .text._ZN7XFEventD2Ev
                0x0000000008002f58        0xc ./xf/core/customevent.o
                0x0000000008002f58                XFEvent::~XFEvent()
                0x0000000008002f58                XFEvent::~XFEvent()
 .text._ZNK7XFEvent18deleteAfterConsumeEv
                0x0000000008002f64        0x4 ./xf/core/customevent.o
                0x0000000008002f64                XFEvent::deleteAfterConsume() const
 .text._ZN7XFEventD0Ev
                0x0000000008002f68       0x18 ./xf/core/customevent.o
                0x0000000008002f68                XFEvent::~XFEvent()
 .text._ZN19XFDefaultTransitionD2Ev
                0x0000000008002f80       0x14 ./xf/core/defaulttransition.o
                0x0000000008002f80                XFDefaultTransition::~XFDefaultTransition()
                0x0000000008002f80                XFDefaultTransition::~XFDefaultTransition()
 .text._ZN19XFDefaultTransitionD0Ev
                0x0000000008002f94       0x20 ./xf/core/defaulttransition.o
                0x0000000008002f94                XFDefaultTransition::~XFDefaultTransition()
 .text._ZNK19XFDefaultTransition18deleteAfterConsumeEv
                0x0000000008002fb4        0x0 ./xf/core/defaulttransition.o
                0x0000000008002fb4                XFDefaultTransition::deleteAfterConsume() const
 .text._ZN19XFDefaultTransitionC2Ev
                0x0000000008002fb4       0x1c ./xf/core/defaulttransition.o
                0x0000000008002fb4                XFDefaultTransition::XFDefaultTransition()
                0x0000000008002fb4                XFDefaultTransition::XFDefaultTransition()
 .text._ZN14XFInitialEventD2Ev
                0x0000000008002fd0       0x14 ./xf/core/initialevent.o
                0x0000000008002fd0                XFInitialEvent::~XFInitialEvent()
                0x0000000008002fd0                XFInitialEvent::~XFInitialEvent()
 .text._ZN14XFInitialEventD0Ev
                0x0000000008002fe4       0x20 ./xf/core/initialevent.o
                0x0000000008002fe4                XFInitialEvent::~XFInitialEvent()
 .text._ZNK14XFInitialEvent18deleteAfterConsumeEv
                0x0000000008003004        0x0 ./xf/core/initialevent.o
                0x0000000008003004                XFInitialEvent::deleteAfterConsume() const
 .text._ZN14XFInitialEventC2Ev
                0x0000000008003004       0x1c ./xf/core/initialevent.o
                0x0000000008003004                XFInitialEvent::XFInitialEvent()
                0x0000000008003004                XFInitialEvent::XFInitialEvent()
 .text._ZN9XFTimeoutD2Ev
                0x0000000008003020       0x14 ./xf/core/timeout.o
                0x0000000008003020                XFTimeout::~XFTimeout()
                0x0000000008003020                XFTimeout::~XFTimeout()
 .text._ZN9XFTimeoutD0Ev
                0x0000000008003034       0x20 ./xf/core/timeout.o
                0x0000000008003034                XFTimeout::~XFTimeout()
 .text._ZNK9XFTimeout18deleteAfterConsumeEv
                0x0000000008003054        0x0 ./xf/core/timeout.o
                0x0000000008003054                XFTimeout::deleteAfterConsume() const
 .text._ZN9XFTimeoutC2EiiPN9interface10XFBehaviorE
                0x0000000008003054       0x28 ./xf/core/timeout.o
                0x0000000008003054                XFTimeout::XFTimeout(int, int, interface::XFBehavior*)
                0x0000000008003054                XFTimeout::XFTimeout(int, int, interface::XFBehavior*)
 .text._ZN12XFDispatcher7executeEPKv
                0x000000000800307c        0xe ./xf/port/common/dispatcher.o
                0x000000000800307c                XFDispatcher::execute(void const*)
 .text._ZNK12XFDispatcher13dispatchEventEPK7XFEvent
                0x000000000800308a       0x22 ./xf/port/common/dispatcher.o
                0x000000000800308a                XFDispatcher::dispatchEvent(XFEvent const*) const
 .text._ZN12XFDispatcher15scheduleTimeoutEiiPN9interface10XFBehaviorE
                0x00000000080030ac       0x1a ./xf/port/common/dispatcher.o
                0x00000000080030ac                XFDispatcher::scheduleTimeout(int, int, interface::XFBehavior*)
 .text._ZN12XFDispatcher17unscheduleTimeoutEiPN9interface10XFBehaviorE
                0x00000000080030c6       0x16 ./xf/port/common/dispatcher.o
                0x00000000080030c6                XFDispatcher::unscheduleTimeout(int, interface::XFBehavior*)
 .text._ZN12XFDispatcherC2Ev
                0x00000000080030dc       0x20 ./xf/port/common/dispatcher.o
                0x00000000080030dc                XFDispatcher::XFDispatcher()
                0x00000000080030dc                XFDispatcher::XFDispatcher()
 .text._ZN9interface12XFDispatcher11getInstanceEv
                0x00000000080030fc       0x44 ./xf/port/common/dispatcher.o
                0x00000000080030fc                interface::XFDispatcher::getInstance()
 .text._ZN12XFDispatcherD2Ev
                0x0000000008003140       0x20 ./xf/port/common/dispatcher.o
                0x0000000008003140                XFDispatcher::~XFDispatcher()
                0x0000000008003140                XFDispatcher::~XFDispatcher()
 .text.__tcf_0  0x0000000008003160       0x10 ./xf/port/common/dispatcher.o
 .text._ZN12XFDispatcherD0Ev
                0x0000000008003170       0x14 ./xf/port/common/dispatcher.o
                0x0000000008003170                XFDispatcher::~XFDispatcher()
 .text._ZN12XFDispatcher9pushEventEP7XFEvent
                0x0000000008003184        0xc ./xf/port/common/dispatcher.o
                0x0000000008003184                XFDispatcher::pushEvent(XFEvent*)
 .text._ZN12XFDispatcher11executeOnceEv
                0x0000000008003190       0xf4 ./xf/port/common/dispatcher.o
                0x0000000008003190                XFDispatcher::executeOnce()
 .text._ZN9interface16XFTimeoutManager10initializeEl
                0x0000000008003284        0x4 ./xf/port/common/timeoutmanager.o
                0x0000000008003284                interface::XFTimeoutManager::initialize(long)
 .text._ZNK9interface16XFTimeoutManager15getTickIntervalEv
                0x0000000008003288        0x4 ./xf/port/common/timeoutmanager.o
                0x0000000008003288                interface::XFTimeoutManager::getTickInterval() const
 .text._ZN16XFTimeoutManager15scheduleTimeoutEllPN9interface10XFBehaviorE
                0x000000000800328c       0x38 ./xf/port/common/timeoutmanager.o
                0x000000000800328c                XFTimeoutManager::scheduleTimeout(long, long, interface::XFBehavior*)
 .text._ZN16XFTimeoutManager10addTimeoutEP9XFTimeout
                0x00000000080032c4       0x2c ./xf/port/common/timeoutmanager.o
                0x00000000080032c4                XFTimeoutManager::addTimeout(XFTimeout*)
 .text._ZN16XFTimeoutManagerC2Ev
                0x00000000080032f0       0x28 ./xf/port/common/timeoutmanager.o
                0x00000000080032f0                XFTimeoutManager::XFTimeoutManager()
                0x00000000080032f0                XFTimeoutManager::XFTimeoutManager()
 .text._ZN9interface16XFTimeoutManager11getInstanceEv
                0x0000000008003318       0x44 ./xf/port/common/timeoutmanager.o
                0x0000000008003318                interface::XFTimeoutManager::getInstance()
 .text._ZNKSt8functionIFvmEEclEm
                0x000000000800335c       0x1a ./xf/port/common/timeoutmanager.o
                0x000000000800335c                std::function<void (unsigned long)>::operator()(unsigned long) const
 *fill*         0x0000000008003376        0x2 
 .text._ZN16XFTimeoutManager5startESt8functionIFvmEE
                0x0000000008003378       0x1c ./xf/port/common/timeoutmanager.o
                0x0000000008003378                XFTimeoutManager::start(std::function<void (unsigned long)>)
 .text._ZNSt7__cxx114listIP9XFTimeoutSaIS2_EE6removeERKS2_
                0x0000000008003394       0x5a ./xf/port/common/timeoutmanager.o
                0x0000000008003394                std::__cxx11::list<XFTimeout*, std::allocator<XFTimeout*> >::remove(XFTimeout* const&)
 .text._ZN16XFTimeoutManager17unscheduleTimeoutElPN9interface10XFBehaviorE
                0x00000000080033ee       0x24 ./xf/port/common/timeoutmanager.o
                0x00000000080033ee                XFTimeoutManager::unscheduleTimeout(long, interface::XFBehavior*)
 .text._ZNSt7__cxx114listIP9XFTimeoutSaIS2_EE5eraseESt20_List_const_iteratorIS2_E
                0x0000000008003412       0x1e ./xf/port/common/timeoutmanager.o
                0x0000000008003412                std::__cxx11::list<XFTimeout*, std::allocator<XFTimeout*> >::erase(std::_List_const_iterator<XFTimeout*>)
 .text._ZN16XFTimeoutManager4tickEv
                0x0000000008003430      0x110 ./xf/port/common/timeoutmanager.o
                0x0000000008003430                XFTimeoutManager::tick()
 .text._ZNSt7__cxx1110_List_baseIP9XFTimeoutSaIS2_EE8_M_clearEv
                0x0000000008003540       0x18 ./xf/port/common/timeoutmanager.o
                0x0000000008003540                std::__cxx11::_List_base<XFTimeout*, std::allocator<XFTimeout*> >::_M_clear()
 .text._ZN16XFTimeoutManagerD2Ev
                0x0000000008003558       0x20 ./xf/port/common/timeoutmanager.o
                0x0000000008003558                XFTimeoutManager::~XFTimeoutManager()
                0x0000000008003558                XFTimeoutManager::~XFTimeoutManager()
 .text.__tcf_0  0x0000000008003578       0x10 ./xf/port/common/timeoutmanager.o
 .text._ZN16XFTimeoutManagerD0Ev
                0x0000000008003588       0x14 ./xf/port/common/timeoutmanager.o
                0x0000000008003588                XFTimeoutManager::~XFTimeoutManager()
 .text.XF_tick  0x000000000800359c       0x28 ./xf/port/idf-stm32/c-wrapper-functions.o
                0x000000000800359c                XF_tick
 .text.XF_tickIntervalInMilliseconds
                0x00000000080035c4        0xe ./xf/port/idf-stm32/c-wrapper-functions.o
                0x00000000080035c4                XF_tickIntervalInMilliseconds
 .text.XF_isRunning
                0x00000000080035d2        0x8 ./xf/port/idf-stm32/c-wrapper-functions.o
                0x00000000080035d2                XF_isRunning
 *fill*         0x00000000080035da        0x2 
 .text._ZN9interface7XFMutex6createEv
                0x00000000080035dc       0x1c ./xf/port/idf-stm32/mutex.o
                0x00000000080035dc                interface::XFMutex::create()
 .text.XF_initialize
                0x00000000080035f8        0xc ./xf/port/idf-stm32/xf.o
                0x00000000080035f8                XF_initialize
 .text.XF_execOnce
                0x0000000008003604        0x8 ./xf/port/idf-stm32/xf.o
                0x0000000008003604                XF_execOnce
 .text._ZdlPvj  0x000000000800360c        0x4 c:/st/stm32cubeide_1.9.0/stm32cubeide/plugins/com.st.stm32cube.ide.mcu.externaltools.gnu-tools-for-stm32.10.3-2021.10.win32_1.0.0.202111181127/tools/bin/../lib/gcc/arm-none-eabi/10.3.1/../../../../arm-none-eabi/lib/thumb/v7e-m+fp/hard\libstdc++_nano.a(del_ops.o)
                0x000000000800360c                operator delete(void*, unsigned int)
 .text.__cxa_guard_acquire
                0x0000000008003610       0x18 c:/st/stm32cubeide_1.9.0/stm32cubeide/plugins/com.st.stm32cube.ide.mcu.externaltools.gnu-tools-for-stm32.10.3-2021.10.win32_1.0.0.202111181127/tools/bin/../lib/gcc/arm-none-eabi/10.3.1/../../../../arm-none-eabi/lib/thumb/v7e-m+fp/hard\libstdc++_nano.a(guard.o)
                0x0000000008003610                __cxa_guard_acquire
 .text.__cxa_guard_release
                0x0000000008003628        0x6 c:/st/stm32cubeide_1.9.0/stm32cubeide/plugins/com.st.stm32cube.ide.mcu.externaltools.gnu-tools-for-stm32.10.3-2021.10.win32_1.0.0.202111181127/tools/bin/../lib/gcc/arm-none-eabi/10.3.1/../../../../arm-none-eabi/lib/thumb/v7e-m+fp/hard\libstdc++_nano.a(guard.o)
                0x0000000008003628                __cxa_guard_release
 .text._Znwj    0x000000000800362e       0x22 c:/st/stm32cubeide_1.9.0/stm32cubeide/plugins/com.st.stm32cube.ide.mcu.externaltools.gnu-tools-for-stm32.10.3-2021.10.win32_1.0.0.202111181127/tools/bin/../lib/gcc/arm-none-eabi/10.3.1/../../../../arm-none-eabi/lib/thumb/v7e-m+fp/hard\libstdc++_nano.a(new_op.o)
                0x000000000800362e                operator new(unsigned int)
 .text.__cxa_pure_virtual
                0x0000000008003650        0x6 c:/st/stm32cubeide_1.9.0/stm32cubeide/plugins/com.st.stm32cube.ide.mcu.externaltools.gnu-tools-for-stm32.10.3-2021.10.win32_1.0.0.202111181127/tools/bin/../lib/gcc/arm-none-eabi/10.3.1/../../../../arm-none-eabi/lib/thumb/v7e-m+fp/hard\libstdc++_nano.a(pure.o)
                0x0000000008003650                __cxa_pure_virtual
 .text._ZNSt8__detail15_List_node_base7_M_hookEPS0_
                0x0000000008003656        0xe c:/st/stm32cubeide_1.9.0/stm32cubeide/plugins/com.st.stm32cube.ide.mcu.externaltools.gnu-tools-for-stm32.10.3-2021.10.win32_1.0.0.202111181127/tools/bin/../lib/gcc/arm-none-eabi/10.3.1/../../../../arm-none-eabi/lib/thumb/v7e-m+fp/hard\libstdc++_nano.a(list.o)
                0x0000000008003656                std::__detail::_List_node_base::_M_hook(std::__detail::_List_node_base*)
 .text._ZNSt8__detail15_List_node_base9_M_unhookEv
                0x0000000008003664        0xa c:/st/stm32cubeide_1.9.0/stm32cubeide/plugins/com.st.stm32cube.ide.mcu.externaltools.gnu-tools-for-stm32.10.3-2021.10.win32_1.0.0.202111181127/tools/bin/../lib/gcc/arm-none-eabi/10.3.1/../../../../arm-none-eabi/lib/thumb/v7e-m+fp/hard\libstdc++_nano.a(list.o)
                0x0000000008003664                std::__detail::_List_node_base::_M_unhook()
 .text.unlikely._ZSt17__throw_bad_allocv
                0x000000000800366e        0x6 c:/st/stm32cubeide_1.9.0/stm32cubeide/plugins/com.st.stm32cube.ide.mcu.externaltools.gnu-tools-for-stm32.10.3-2021.10.win32_1.0.0.202111181127/tools/bin/../lib/gcc/arm-none-eabi/10.3.1/../../../../arm-none-eabi/lib/thumb/v7e-m+fp/hard\libstdc++_nano.a(functexcept.o)
                0x000000000800366e                std::__throw_bad_alloc()
 .text.unlikely._ZSt19__throw_logic_errorPKc
                0x0000000008003674        0x6 c:/st/stm32cubeide_1.9.0/stm32cubeide/plugins/com.st.stm32cube.ide.mcu.externaltools.gnu-tools-for-stm32.10.3-2021.10.win32_1.0.0.202111181127/tools/bin/../lib/gcc/arm-none-eabi/10.3.1/../../../../arm-none-eabi/lib/thumb/v7e-m+fp/hard\libstdc++_nano.a(functexcept.o)
                0x0000000008003674                std::__throw_logic_error(char const*)
 .text.unlikely._ZSt20__throw_length_errorPKc
                0x000000000800367a        0x6 c:/st/stm32cubeide_1.9.0/stm32cubeide/plugins/com.st.stm32cube.ide.mcu.externaltools.gnu-tools-for-stm32.10.3-2021.10.win32_1.0.0.202111181127/tools/bin/../lib/gcc/arm-none-eabi/10.3.1/../../../../arm-none-eabi/lib/thumb/v7e-m+fp/hard\libstdc++_nano.a(functexcept.o)
                0x000000000800367a                std::__throw_length_error(char const*)
 .text._ZSt24__throw_out_of_range_fmtPKcz
                0x0000000008003680       0x38 c:/st/stm32cubeide_1.9.0/stm32cubeide/plugins/com.st.stm32cube.ide.mcu.externaltools.gnu-tools-for-stm32.10.3-2021.10.win32_1.0.0.202111181127/tools/bin/../lib/gcc/arm-none-eabi/10.3.1/../../../../arm-none-eabi/lib/thumb/v7e-m+fp/hard\libstdc++_nano.a(functexcept.o)
                0x0000000008003680                std::__throw_out_of_range_fmt(char const*, ...)
 .text.unlikely._ZSt25__throw_bad_function_callv
                0x00000000080036b8        0x6 c:/st/stm32cubeide_1.9.0/stm32cubeide/plugins/com.st.stm32cube.ide.mcu.externaltools.gnu-tools-for-stm32.10.3-2021.10.win32_1.0.0.202111181127/tools/bin/../lib/gcc/arm-none-eabi/10.3.1/../../../../arm-none-eabi/lib/thumb/v7e-m+fp/hard\libstdc++_nano.a(functional.o)
                0x00000000080036b8                std::__throw_bad_function_call()
 *fill*         0x00000000080036be        0x2 
 .text._ZN9__gnu_cxx26__throw_insufficient_spaceEPKcS1_
                0x00000000080036c0       0x4c c:/st/stm32cubeide_1.9.0/stm32cubeide/plugins/com.st.stm32cube.ide.mcu.externaltools.gnu-tools-for-stm32.10.3-2021.10.win32_1.0.0.202111181127/tools/bin/../lib/gcc/arm-none-eabi/10.3.1/../../../../arm-none-eabi/lib/thumb/v7e-m+fp/hard\libstdc++_nano.a(snprintf_lite.o)
                0x00000000080036c0                __gnu_cxx::__throw_insufficient_space(char const*, char const*)
 .text._ZN9__gnu_cxx15__concat_size_tEPcjj
                0x000000000800370c       0x58 c:/st/stm32cubeide_1.9.0/stm32cubeide/plugins/com.st.stm32cube.ide.mcu.externaltools.gnu-tools-for-stm32.10.3-2021.10.win32_1.0.0.202111181127/tools/bin/../lib/gcc/arm-none-eabi/10.3.1/../../../../arm-none-eabi/lib/thumb/v7e-m+fp/hard\libstdc++_nano.a(snprintf_lite.o)
                0x000000000800370c                __gnu_cxx::__concat_size_t(char*, unsigned int, unsigned int)
 .text._ZN9__gnu_cxx15__snprintf_liteEPcjPKcSt9__va_list
                0x0000000008003764       0x82 c:/st/stm32cubeide_1.9.0/stm32cubeide/plugins/com.st.stm32cube.ide.mcu.externaltools.gnu-tools-for-stm32.10.3-2021.10.win32_1.0.0.202111181127/tools/bin/../lib/gcc/arm-none-eabi/10.3.1/../../../../arm-none-eabi/lib/thumb/v7e-m+fp/hard\libstdc++_nano.a(snprintf_lite.o)
                0x0000000008003764                __gnu_cxx::__snprintf_lite(char*, unsigned int, char const*, std::__va_list)
 .text._ZNSt11char_traitsIcE4copyEPcPKcj.isra.0
                0x00000000080037e6        0x8 c:/st/stm32cubeide_1.9.0/stm32cubeide/plugins/com.st.stm32cube.ide.mcu.externaltools.gnu-tools-for-stm32.10.3-2021.10.win32_1.0.0.202111181127/tools/bin/../lib/gcc/arm-none-eabi/10.3.1/../../../../arm-none-eabi/lib/thumb/v7e-m+fp/hard\libstdc++_nano.a(string-inst.o)
 *fill*         0x00000000080037ee        0x2 
 .text._ZNSt7__cxx1112basic_stringIcSt11char_traitsIcESaIcEE9_M_createERjj
                0x00000000080037f0       0x44 c:/st/stm32cubeide_1.9.0/stm32cubeide/plugins/com.st.stm32cube.ide.mcu.externaltools.gnu-tools-for-stm32.10.3-2021.10.win32_1.0.0.202111181127/tools/bin/../lib/gcc/arm-none-eabi/10.3.1/../../../../arm-none-eabi/lib/thumb/v7e-m+fp/hard\libstdc++_nano.a(string-inst.o)
                0x00000000080037f0                std::__cxx11::basic_string<char, std::char_traits<char>, std::allocator<char> >::_M_create(unsigned int&, unsigned int)
 .text._ZNSt7__cxx1112basic_stringIcSt11char_traitsIcESaIcEE10_M_disposeEv
                0x0000000008003834       0x10 c:/st/stm32cubeide_1.9.0/stm32cubeide/plugins/com.st.stm32cube.ide.mcu.externaltools.gnu-tools-for-stm32.10.3-2021.10.win32_1.0.0.202111181127/tools/bin/../lib/gcc/arm-none-eabi/10.3.1/../../../../arm-none-eabi/lib/thumb/v7e-m+fp/hard\libstdc++_nano.a(string-inst.o)
                0x0000000008003834                std::__cxx11::basic_string<char, std::char_traits<char>, std::allocator<char> >::_M_dispose()
 .text._ZNKSt7__cxx1112basic_stringIcSt11char_traitsIcESaIcEE15_M_check_lengthEjjPKc
                0x0000000008003844       0x18 c:/st/stm32cubeide_1.9.0/stm32cubeide/plugins/com.st.stm32cube.ide.mcu.externaltools.gnu-tools-for-stm32.10.3-2021.10.win32_1.0.0.202111181127/tools/bin/../lib/gcc/arm-none-eabi/10.3.1/../../../../arm-none-eabi/lib/thumb/v7e-m+fp/hard\libstdc++_nano.a(string-inst.o)
                0x0000000008003844                std::__cxx11::basic_string<char, std::char_traits<char>, std::allocator<char> >::_M_check_length(unsigned int, unsigned int, char const*) const
 .text._ZNKSt7__cxx1112basic_stringIcSt11char_traitsIcESaIcEE11_M_disjunctEPKc
                0x000000000800385c       0x18 c:/st/stm32cubeide_1.9.0/stm32cubeide/plugins/com.st.stm32cube.ide.mcu.externaltools.gnu-tools-for-stm32.10.3-2021.10.win32_1.0.0.202111181127/tools/bin/../lib/gcc/arm-none-eabi/10.3.1/../../../../arm-none-eabi/lib/thumb/v7e-m+fp/hard\libstdc++_nano.a(string-inst.o)
                0x000000000800385c                std::__cxx11::basic_string<char, std::char_traits<char>, std::allocator<char> >::_M_disjunct(char const*) const
 .text._ZNSt7__cxx1112basic_stringIcSt11char_traitsIcESaIcEE7_S_copyEPcPKcj
                0x0000000008003874       0x18 c:/st/stm32cubeide_1.9.0/stm32cubeide/plugins/com.st.stm32cube.ide.mcu.externaltools.gnu-tools-for-stm32.10.3-2021.10.win32_1.0.0.202111181127/tools/bin/../lib/gcc/arm-none-eabi/10.3.1/../../../../arm-none-eabi/lib/thumb/v7e-m+fp/hard\libstdc++_nano.a(string-inst.o)
                0x0000000008003874                std::__cxx11::basic_string<char, std::char_traits<char>, std::allocator<char> >::_S_copy(char*, char const*, unsigned int)
 .text._ZNSt7__cxx1112basic_stringIcSt11char_traitsIcESaIcEE7_S_moveEPcPKcj
                0x000000000800388c       0x18 c:/st/stm32cubeide_1.9.0/stm32cubeide/plugins/com.st.stm32cube.ide.mcu.externaltools.gnu-tools-for-stm32.10.3-2021.10.win32_1.0.0.202111181127/tools/bin/../lib/gcc/arm-none-eabi/10.3.1/../../../../arm-none-eabi/lib/thumb/v7e-m+fp/hard\libstdc++_nano.a(string-inst.o)
                0x000000000800388c                std::__cxx11::basic_string<char, std::char_traits<char>, std::allocator<char> >::_S_move(char*, char const*, unsigned int)
 .text._ZNSt7__cxx1112basic_stringIcSt11char_traitsIcESaIcEE9_S_assignEPcjc
                0x00000000080038a4       0x22 c:/st/stm32cubeide_1.9.0/stm32cubeide/plugins/com.st.stm32cube.ide.mcu.externaltools.gnu-tools-for-stm32.10.3-2021.10.win32_1.0.0.202111181127/tools/bin/../lib/gcc/arm-none-eabi/10.3.1/../../../../arm-none-eabi/lib/thumb/v7e-m+fp/hard\libstdc++_nano.a(string-inst.o)
                0x00000000080038a4                std::__cxx11::basic_string<char, std::char_traits<char>, std::allocator<char> >::_S_assign(char*, unsigned int, char)
 .text._ZNSt7__cxx1112basic_stringIcSt11char_traitsIcESaIcEE12_M_constructEjc
                0x00000000080038c6       0x34 c:/st/stm32cubeide_1.9.0/stm32cubeide/plugins/com.st.stm32cube.ide.mcu.externaltools.gnu-tools-for-stm32.10.3-2021.10.win32_1.0.0.202111181127/tools/bin/../lib/gcc/arm-none-eabi/10.3.1/../../../../arm-none-eabi/lib/thumb/v7e-m+fp/hard\libstdc++_nano.a(string-inst.o)
                0x00000000080038c6                std::__cxx11::basic_string<char, std::char_traits<char>, std::allocator<char> >::_M_construct(unsigned int, char)
 .text._ZNSt7__cxx1112basic_stringIcSt11char_traitsIcESaIcEE13_S_copy_charsEPcPKcS7_
                0x00000000080038fa        0xa c:/st/stm32cubeide_1.9.0/stm32cubeide/plugins/com.st.stm32cube.ide.mcu.externaltools.gnu-tools-for-stm32.10.3-2021.10.win32_1.0.0.202111181127/tools/bin/../lib/gcc/arm-none-eabi/10.3.1/../../../../arm-none-eabi/lib/thumb/v7e-m+fp/hard\libstdc++_nano.a(string-inst.o)
                0x00000000080038fa                std::__cxx11::basic_string<char, std::char_traits<char>, std::allocator<char> >::_S_copy_chars(char*, char const*, char const*)
 .text._ZNSt7__cxx1112basic_stringIcSt11char_traitsIcESaIcEE9_M_mutateEjjPKcj
                0x0000000008003904       0x78 c:/st/stm32cubeide_1.9.0/stm32cubeide/plugins/com.st.stm32cube.ide.mcu.externaltools.gnu-tools-for-stm32.10.3-2021.10.win32_1.0.0.202111181127/tools/bin/../lib/gcc/arm-none-eabi/10.3.1/../../../../arm-none-eabi/lib/thumb/v7e-m+fp/hard\libstdc++_nano.a(string-inst.o)
                0x0000000008003904                std::__cxx11::basic_string<char, std::char_traits<char>, std::allocator<char> >::_M_mutate(unsigned int, unsigned int, char const*, unsigned int)
 .text._ZNSt7__cxx1112basic_stringIcSt11char_traitsIcESaIcEE10_M_replaceEjjPKcj
                0x000000000800397c       0xfc c:/st/stm32cubeide_1.9.0/stm32cubeide/plugins/com.st.stm32cube.ide.mcu.externaltools.gnu-tools-for-stm32.10.3-2021.10.win32_1.0.0.202111181127/tools/bin/../lib/gcc/arm-none-eabi/10.3.1/../../../../arm-none-eabi/lib/thumb/v7e-m+fp/hard\libstdc++_nano.a(string-inst.o)
                0x000000000800397c                std::__cxx11::basic_string<char, std::char_traits<char>, std::allocator<char> >::_M_replace(unsigned int, unsigned int, char const*, unsigned int)
 .text._ZNSt7__cxx1112basic_stringIcSt11char_traitsIcESaIcEE9_M_appendEPKcj
                0x0000000008003a78       0x44 c:/st/stm32cubeide_1.9.0/stm32cubeide/plugins/com.st.stm32cube.ide.mcu.externaltools.gnu-tools-for-stm32.10.3-2021.10.win32_1.0.0.202111181127/tools/bin/../lib/gcc/arm-none-eabi/10.3.1/../../../../arm-none-eabi/lib/thumb/v7e-m+fp/hard\libstdc++_nano.a(string-inst.o)
                0x0000000008003a78                std::__cxx11::basic_string<char, std::char_traits<char>, std::allocator<char> >::_M_append(char const*, unsigned int)
 .text._ZNSt7__cxx1112basic_stringIcSt11char_traitsIcESaIcEE12_M_constructIPKcEEvT_S8_St20forward_iterator_tag
                0x0000000008003abc       0x48 c:/st/stm32cubeide_1.9.0/stm32cubeide/plugins/com.st.stm32cube.ide.mcu.externaltools.gnu-tools-for-stm32.10.3-2021.10.win32_1.0.0.202111181127/tools/bin/../lib/gcc/arm-none-eabi/10.3.1/../../../../arm-none-eabi/lib/thumb/v7e-m+fp/hard\libstdc++_nano.a(string-inst.o)
                0x0000000008003abc                void std::__cxx11::basic_string<char, std::char_traits<char>, std::allocator<char> >::_M_construct<char const*>(char const*, char const*, std::forward_iterator_tag)
 .text._ZNSt7__cxx1112basic_stringIcSt11char_traitsIcESaIcEEC2EPKcRKS3_
                0x0000000008003b04       0x2a c:/st/stm32cubeide_1.9.0/stm32cubeide/plugins/com.st.stm32cube.ide.mcu.externaltools.gnu-tools-for-stm32.10.3-2021.10.win32_1.0.0.202111181127/tools/bin/../lib/gcc/arm-none-eabi/10.3.1/../../../../arm-none-eabi/lib/thumb/v7e-m+fp/hard\libstdc++_nano.a(string-inst.o)
                0x0000000008003b04                std::__cxx11::basic_string<char, std::char_traits<char>, std::allocator<char> >::basic_string(char const*, std::allocator<char> const&)
                0x0000000008003b04                std::__cxx11::basic_string<char, std::char_traits<char>, std::allocator<char> >::basic_string(char const*, std::allocator<char> const&)
 .text._ZdlPv   0x0000000008003b2e        0x4 c:/st/stm32cubeide_1.9.0/stm32cubeide/plugins/com.st.stm32cube.ide.mcu.externaltools.gnu-tools-for-stm32.10.3-2021.10.win32_1.0.0.202111181127/tools/bin/../lib/gcc/arm-none-eabi/10.3.1/../../../../arm-none-eabi/lib/thumb/v7e-m+fp/hard\libstdc++_nano.a(del_op.o)
                0x0000000008003b2e                operator delete(void*)
 .text._ZN10__cxxabiv111__terminateEPFvvE
                0x0000000008003b32        0x8 c:/st/stm32cubeide_1.9.0/stm32cubeide/plugins/com.st.stm32cube.ide.mcu.externaltools.gnu-tools-for-stm32.10.3-2021.10.win32_1.0.0.202111181127/tools/bin/../lib/gcc/arm-none-eabi/10.3.1/../../../../arm-none-eabi/lib/thumb/v7e-m+fp/hard\libstdc++_nano.a(eh_terminate.o)
                0x0000000008003b32                __cxxabiv1::__terminate(void (*)())
 *fill*         0x0000000008003b3a        0x2 
 .text._ZSt13get_terminatev
                0x0000000008003b3c       0x10 c:/st/stm32cubeide_1.9.0/stm32cubeide/plugins/com.st.stm32cube.ide.mcu.externaltools.gnu-tools-for-stm32.10.3-2021.10.win32_1.0.0.202111181127/tools/bin/../lib/gcc/arm-none-eabi/10.3.1/../../../../arm-none-eabi/lib/thumb/v7e-m+fp/hard\libstdc++_nano.a(eh_terminate.o)
                0x0000000008003b3c                std::get_terminate()
 .text._ZSt9terminatev
                0x0000000008003b4c        0xa c:/st/stm32cubeide_1.9.0/stm32cubeide/plugins/com.st.stm32cube.ide.mcu.externaltools.gnu-tools-for-stm32.10.3-2021.10.win32_1.0.0.202111181127/tools/bin/../lib/gcc/arm-none-eabi/10.3.1/../../../../arm-none-eabi/lib/thumb/v7e-m+fp/hard\libstdc++_nano.a(eh_terminate.o)
                0x0000000008003b4c                std::terminate()
 *fill*         0x0000000008003b56        0x2 
 .text._ZSt15get_new_handlerv
                0x0000000008003b58       0x10 c:/st/stm32cubeide_1.9.0/stm32cubeide/plugins/com.st.stm32cube.ide.mcu.externaltools.gnu-tools-for-stm32.10.3-2021.10.win32_1.0.0.202111181127/tools/bin/../lib/gcc/arm-none-eabi/10.3.1/../../../../arm-none-eabi/lib/thumb/v7e-m+fp/hard\libstdc++_nano.a(new_handler.o)
                0x0000000008003b58                std::get_new_handler()
 .text.abort    0x0000000008003b68        0xe c:/st/stm32cubeide_1.9.0/stm32cubeide/plugins/com.st.stm32cube.ide.mcu.externaltools.gnu-tools-for-stm32.10.3-2021.10.win32_1.0.0.202111181127/tools/bin/../lib/gcc/arm-none-eabi/10.3.1/../../../../arm-none-eabi/lib/thumb/v7e-m+fp/hard\libc_nano.a(lib_a-abort.o)
                0x0000000008003b68                abort
 *fill*         0x0000000008003b76        0x2 
 .text.__assert_func
                0x0000000008003b78       0x3c c:/st/stm32cubeide_1.9.0/stm32cubeide/plugins/com.st.stm32cube.ide.mcu.externaltools.gnu-tools-for-stm32.10.3-2021.10.win32_1.0.0.202111181127/tools/bin/../lib/gcc/arm-none-eabi/10.3.1/../../../../arm-none-eabi/lib/thumb/v7e-m+fp/hard\libc_nano.a(lib_a-assert.o)
                0x0000000008003b78                __assert_func
 .text.atexit   0x0000000008003bb4        0xc c:/st/stm32cubeide_1.9.0/stm32cubeide/plugins/com.st.stm32cube.ide.mcu.externaltools.gnu-tools-for-stm32.10.3-2021.10.win32_1.0.0.202111181127/tools/bin/../lib/gcc/arm-none-eabi/10.3.1/../../../../arm-none-eabi/lib/thumb/v7e-m+fp/hard\libc_nano.a(lib_a-atexit.o)
                0x0000000008003bb4                atexit
 .text.fprintf  0x0000000008003bc0       0x24 c:/st/stm32cubeide_1.9.0/stm32cubeide/plugins/com.st.stm32cube.ide.mcu.externaltools.gnu-tools-for-stm32.10.3-2021.10.win32_1.0.0.202111181127/tools/bin/../lib/gcc/arm-none-eabi/10.3.1/../../../../arm-none-eabi/lib/thumb/v7e-m+fp/hard\libc_nano.a(lib_a-fprintf.o)
                0x0000000008003bc0                fiprintf
                0x0000000008003bc0                fprintf
 .text.__libc_init_array
                0x0000000008003be4       0x48 c:/st/stm32cubeide_1.9.0/stm32cubeide/plugins/com.st.stm32cube.ide.mcu.externaltools.gnu-tools-for-stm32.10.3-2021.10.win32_1.0.0.202111181127/tools/bin/../lib/gcc/arm-none-eabi/10.3.1/../../../../arm-none-eabi/lib/thumb/v7e-m+fp/hard\libc_nano.a(lib_a-init.o)
                0x0000000008003be4                __libc_init_array
 .text.malloc   0x0000000008003c2c       0x10 c:/st/stm32cubeide_1.9.0/stm32cubeide/plugins/com.st.stm32cube.ide.mcu.externaltools.gnu-tools-for-stm32.10.3-2021.10.win32_1.0.0.202111181127/tools/bin/../lib/gcc/arm-none-eabi/10.3.1/../../../../arm-none-eabi/lib/thumb/v7e-m+fp/hard\libc_nano.a(lib_a-malloc.o)
                0x0000000008003c2c                malloc
 .text.free     0x0000000008003c3c       0x10 c:/st/stm32cubeide_1.9.0/stm32cubeide/plugins/com.st.stm32cube.ide.mcu.externaltools.gnu-tools-for-stm32.10.3-2021.10.win32_1.0.0.202111181127/tools/bin/../lib/gcc/arm-none-eabi/10.3.1/../../../../arm-none-eabi/lib/thumb/v7e-m+fp/hard\libc_nano.a(lib_a-malloc.o)
                0x0000000008003c3c                free
 .text.memcpy   0x0000000008003c4c       0x1c c:/st/stm32cubeide_1.9.0/stm32cubeide/plugins/com.st.stm32cube.ide.mcu.externaltools.gnu-tools-for-stm32.10.3-2021.10.win32_1.0.0.202111181127/tools/bin/../lib/gcc/arm-none-eabi/10.3.1/../../../../arm-none-eabi/lib/thumb/v7e-m+fp/hard\libc_nano.a(lib_a-memcpy-stub.o)
                0x0000000008003c4c                memcpy
 .text.memmove  0x0000000008003c68       0x34 c:/st/stm32cubeide_1.9.0/stm32cubeide/plugins/com.st.stm32cube.ide.mcu.externaltools.gnu-tools-for-stm32.10.3-2021.10.win32_1.0.0.202111181127/tools/bin/../lib/gcc/arm-none-eabi/10.3.1/../../../../arm-none-eabi/lib/thumb/v7e-m+fp/hard\libc_nano.a(lib_a-memmove.o)
                0x0000000008003c68                memmove
 .text.memset   0x0000000008003c9c       0x10 c:/st/stm32cubeide_1.9.0/stm32cubeide/plugins/com.st.stm32cube.ide.mcu.externaltools.gnu-tools-for-stm32.10.3-2021.10.win32_1.0.0.202111181127/tools/bin/../lib/gcc/arm-none-eabi/10.3.1/../../../../arm-none-eabi/lib/thumb/v7e-m+fp/hard\libc_nano.a(lib_a-memset.o)
                0x0000000008003c9c                memset
 .text._free_r  0x0000000008003cac       0x98 c:/st/stm32cubeide_1.9.0/stm32cubeide/plugins/com.st.stm32cube.ide.mcu.externaltools.gnu-tools-for-stm32.10.3-2021.10.win32_1.0.0.202111181127/tools/bin/../lib/gcc/arm-none-eabi/10.3.1/../../../../arm-none-eabi/lib/thumb/v7e-m+fp/hard\libc_nano.a(lib_a-nano-freer.o)
                0x0000000008003cac                _free_r
 .text.sbrk_aligned
                0x0000000008003d44       0x40 c:/st/stm32cubeide_1.9.0/stm32cubeide/plugins/com.st.stm32cube.ide.mcu.externaltools.gnu-tools-for-stm32.10.3-2021.10.win32_1.0.0.202111181127/tools/bin/../lib/gcc/arm-none-eabi/10.3.1/../../../../arm-none-eabi/lib/thumb/v7e-m+fp/hard\libc_nano.a(lib_a-nano-mallocr.o)
 .text._malloc_r
                0x0000000008003d84       0xe8 c:/st/stm32cubeide_1.9.0/stm32cubeide/plugins/com.st.stm32cube.ide.mcu.externaltools.gnu-tools-for-stm32.10.3-2021.10.win32_1.0.0.202111181127/tools/bin/../lib/gcc/arm-none-eabi/10.3.1/../../../../arm-none-eabi/lib/thumb/v7e-m+fp/hard\libc_nano.a(lib_a-nano-mallocr.o)
                0x0000000008003d84                _malloc_r
 .text.__sfputc_r
                0x0000000008003e6c       0x2e c:/st/stm32cubeide_1.9.0/stm32cubeide/plugins/com.st.stm32cube.ide.mcu.externaltools.gnu-tools-for-stm32.10.3-2021.10.win32_1.0.0.202111181127/tools/bin/../lib/gcc/arm-none-eabi/10.3.1/../../../../arm-none-eabi/lib/thumb/v7e-m+fp/hard\libc_nano.a(lib_a-nano-vfprintf.o)
 .text.__sfputs_r
                0x0000000008003e9a       0x24 c:/st/stm32cubeide_1.9.0/stm32cubeide/plugins/com.st.stm32cube.ide.mcu.externaltools.gnu-tools-for-stm32.10.3-2021.10.win32_1.0.0.202111181127/tools/bin/../lib/gcc/arm-none-eabi/10.3.1/../../../../arm-none-eabi/lib/thumb/v7e-m+fp/hard\libc_nano.a(lib_a-nano-vfprintf.o)
                0x0000000008003e9a                __sfputs_r
 *fill*         0x0000000008003ebe        0x2 
 .text._vfprintf_r
                0x0000000008003ec0      0x260 c:/st/stm32cubeide_1.9.0/stm32cubeide/plugins/com.st.stm32cube.ide.mcu.externaltools.gnu-tools-for-stm32.10.3-2021.10.win32_1.0.0.202111181127/tools/bin/../lib/gcc/arm-none-eabi/10.3.1/../../../../arm-none-eabi/lib/thumb/v7e-m+fp/hard\libc_nano.a(lib_a-nano-vfprintf.o)
                0x0000000008003ec0                _vfprintf_r
                0x0000000008003ec0                _vfiprintf_r
 .text._printf_common
                0x0000000008004120       0xda c:/st/stm32cubeide_1.9.0/stm32cubeide/plugins/com.st.stm32cube.ide.mcu.externaltools.gnu-tools-for-stm32.10.3-2021.10.win32_1.0.0.202111181127/tools/bin/../lib/gcc/arm-none-eabi/10.3.1/../../../../arm-none-eabi/lib/thumb/v7e-m+fp/hard\libc_nano.a(lib_a-nano-vfprintf_i.o)
                0x0000000008004120                _printf_common
 *fill*         0x00000000080041fa        0x2 
 .text._printf_i
                0x00000000080041fc      0x24c c:/st/stm32cubeide_1.9.0/stm32cubeide/plugins/com.st.stm32cube.ide.mcu.externaltools.gnu-tools-for-stm32.10.3-2021.10.win32_1.0.0.202111181127/tools/bin/../lib/gcc/arm-none-eabi/10.3.1/../../../../arm-none-eabi/lib/thumb/v7e-m+fp/hard\libc_nano.a(lib_a-nano-vfprintf_i.o)
                0x00000000080041fc                _printf_i
 .text._sbrk_r  0x0000000008004448       0x20 c:/st/stm32cubeide_1.9.0/stm32cubeide/plugins/com.st.stm32cube.ide.mcu.externaltools.gnu-tools-for-stm32.10.3-2021.10.win32_1.0.0.202111181127/tools/bin/../lib/gcc/arm-none-eabi/10.3.1/../../../../arm-none-eabi/lib/thumb/v7e-m+fp/hard\libc_nano.a(lib_a-sbrkr.o)
                0x0000000008004448                _sbrk_r
 .text._raise_r
                0x0000000008004468       0x50 c:/st/stm32cubeide_1.9.0/stm32cubeide/plugins/com.st.stm32cube.ide.mcu.externaltools.gnu-tools-for-stm32.10.3-2021.10.win32_1.0.0.202111181127/tools/bin/../lib/gcc/arm-none-eabi/10.3.1/../../../../arm-none-eabi/lib/thumb/v7e-m+fp/hard\libc_nano.a(lib_a-signal.o)
                0x0000000008004468                _raise_r
 .text.raise    0x00000000080044b8       0x10 c:/st/stm32cubeide_1.9.0/stm32cubeide/plugins/com.st.stm32cube.ide.mcu.externaltools.gnu-tools-for-stm32.10.3-2021.10.win32_1.0.0.202111181127/tools/bin/../lib/gcc/arm-none-eabi/10.3.1/../../../../arm-none-eabi/lib/thumb/v7e-m+fp/hard\libc_nano.a(lib_a-signal.o)
                0x00000000080044b8                raise
 .text._kill_r  0x00000000080044c8       0x24 c:/st/stm32cubeide_1.9.0/stm32cubeide/plugins/com.st.stm32cube.ide.mcu.externaltools.gnu-tools-for-stm32.10.3-2021.10.win32_1.0.0.202111181127/tools/bin/../lib/gcc/arm-none-eabi/10.3.1/../../../../arm-none-eabi/lib/thumb/v7e-m+fp/hard\libc_nano.a(lib_a-signalr.o)
                0x00000000080044c8                _kill_r
 .text._getpid_r
                0x00000000080044ec        0x4 c:/st/stm32cubeide_1.9.0/stm32cubeide/plugins/com.st.stm32cube.ide.mcu.externaltools.gnu-tools-for-stm32.10.3-2021.10.win32_1.0.0.202111181127/tools/bin/../lib/gcc/arm-none-eabi/10.3.1/../../../../arm-none-eabi/lib/thumb/v7e-m+fp/hard\libc_nano.a(lib_a-signalr.o)
                0x00000000080044ec                _getpid_r
 .text._vsprintf_r
                0x00000000080044f0       0x2c c:/st/stm32cubeide_1.9.0/stm32cubeide/plugins/com.st.stm32cube.ide.mcu.externaltools.gnu-tools-for-stm32.10.3-2021.10.win32_1.0.0.202111181127/tools/bin/../lib/gcc/arm-none-eabi/10.3.1/../../../../arm-none-eabi/lib/thumb/v7e-m+fp/hard\libc_nano.a(lib_a-vsprintf.o)
                0x00000000080044f0                _vsprintf_r
                0x00000000080044f0                _vsiprintf_r
 .text.vsprintf
                0x000000000800451c       0x14 c:/st/stm32cubeide_1.9.0/stm32cubeide/plugins/com.st.stm32cube.ide.mcu.externaltools.gnu-tools-for-stm32.10.3-2021.10.win32_1.0.0.202111181127/tools/bin/../lib/gcc/arm-none-eabi/10.3.1/../../../../arm-none-eabi/lib/thumb/v7e-m+fp/hard\libc_nano.a(lib_a-vsprintf.o)
                0x000000000800451c                vsiprintf
                0x000000000800451c                vsprintf
 .text.__swbuf_r
                0x0000000008004530       0xa4 c:/st/stm32cubeide_1.9.0/stm32cubeide/plugins/com.st.stm32cube.ide.mcu.externaltools.gnu-tools-for-stm32.10.3-2021.10.win32_1.0.0.202111181127/tools/bin/../lib/gcc/arm-none-eabi/10.3.1/../../../../arm-none-eabi/lib/thumb/v7e-m+fp/hard\libc_nano.a(lib_a-wbuf.o)
                0x0000000008004530                __swbuf_r
 .text.__swsetup_r
                0x00000000080045d4       0xdc c:/st/stm32cubeide_1.9.0/stm32cubeide/plugins/com.st.stm32cube.ide.mcu.externaltools.gnu-tools-for-stm32.10.3-2021.10.win32_1.0.0.202111181127/tools/bin/../lib/gcc/arm-none-eabi/10.3.1/../../../../arm-none-eabi/lib/thumb/v7e-m+fp/hard\libc_nano.a(lib_a-wsetup.o)
                0x00000000080045d4                __swsetup_r
 .text.__register_exitproc
                0x00000000080046b0       0xc4 c:/st/stm32cubeide_1.9.0/stm32cubeide/plugins/com.st.stm32cube.ide.mcu.externaltools.gnu-tools-for-stm32.10.3-2021.10.win32_1.0.0.202111181127/tools/bin/../lib/gcc/arm-none-eabi/10.3.1/../../../../arm-none-eabi/lib/thumb/v7e-m+fp/hard\libc_nano.a(lib_a-__atexit.o)
                0x00000000080046b0                __register_exitproc
 .text.__sflush_r
                0x0000000008004774      0x10c c:/st/stm32cubeide_1.9.0/stm32cubeide/plugins/com.st.stm32cube.ide.mcu.externaltools.gnu-tools-for-stm32.10.3-2021.10.win32_1.0.0.202111181127/tools/bin/../lib/gcc/arm-none-eabi/10.3.1/../../../../arm-none-eabi/lib/thumb/v7e-m+fp/hard\libc_nano.a(lib_a-fflush.o)
                0x0000000008004774                __sflush_r
 .text._fflush_r
                0x0000000008004880       0x78 c:/st/stm32cubeide_1.9.0/stm32cubeide/plugins/com.st.stm32cube.ide.mcu.externaltools.gnu-tools-for-stm32.10.3-2021.10.win32_1.0.0.202111181127/tools/bin/../lib/gcc/arm-none-eabi/10.3.1/../../../../arm-none-eabi/lib/thumb/v7e-m+fp/hard\libc_nano.a(lib_a-fflush.o)
                0x0000000008004880                _fflush_r
 .text.std      0x00000000080048f8       0x48 c:/st/stm32cubeide_1.9.0/stm32cubeide/plugins/com.st.stm32cube.ide.mcu.externaltools.gnu-tools-for-stm32.10.3-2021.10.win32_1.0.0.202111181127/tools/bin/../lib/gcc/arm-none-eabi/10.3.1/../../../../arm-none-eabi/lib/thumb/v7e-m+fp/hard\libc_nano.a(lib_a-findfp.o)
 .text._cleanup_r
                0x0000000008004940        0xc c:/st/stm32cubeide_1.9.0/stm32cubeide/plugins/com.st.stm32cube.ide.mcu.externaltools.gnu-tools-for-stm32.10.3-2021.10.win32_1.0.0.202111181127/tools/bin/../lib/gcc/arm-none-eabi/10.3.1/../../../../arm-none-eabi/lib/thumb/v7e-m+fp/hard\libc_nano.a(lib_a-findfp.o)
                0x0000000008004940                _cleanup_r
 .text.__sfmoreglue
                0x000000000800494c       0x2c c:/st/stm32cubeide_1.9.0/stm32cubeide/plugins/com.st.stm32cube.ide.mcu.externaltools.gnu-tools-for-stm32.10.3-2021.10.win32_1.0.0.202111181127/tools/bin/../lib/gcc/arm-none-eabi/10.3.1/../../../../arm-none-eabi/lib/thumb/v7e-m+fp/hard\libc_nano.a(lib_a-findfp.o)
                0x000000000800494c                __sfmoreglue
 .text.__sfp_lock_acquire
                0x0000000008004978        0xc c:/st/stm32cubeide_1.9.0/stm32cubeide/plugins/com.st.stm32cube.ide.mcu.externaltools.gnu-tools-for-stm32.10.3-2021.10.win32_1.0.0.202111181127/tools/bin/../lib/gcc/arm-none-eabi/10.3.1/../../../../arm-none-eabi/lib/thumb/v7e-m+fp/hard\libc_nano.a(lib_a-findfp.o)
                0x0000000008004978                __sfp_lock_acquire
 .text.__sfp_lock_release
                0x0000000008004984        0xc c:/st/stm32cubeide_1.9.0/stm32cubeide/plugins/com.st.stm32cube.ide.mcu.externaltools.gnu-tools-for-stm32.10.3-2021.10.win32_1.0.0.202111181127/tools/bin/../lib/gcc/arm-none-eabi/10.3.1/../../../../arm-none-eabi/lib/thumb/v7e-m+fp/hard\libc_nano.a(lib_a-findfp.o)
                0x0000000008004984                __sfp_lock_release
 .text.__sinit_lock_acquire
                0x0000000008004990        0xc c:/st/stm32cubeide_1.9.0/stm32cubeide/plugins/com.st.stm32cube.ide.mcu.externaltools.gnu-tools-for-stm32.10.3-2021.10.win32_1.0.0.202111181127/tools/bin/../lib/gcc/arm-none-eabi/10.3.1/../../../../arm-none-eabi/lib/thumb/v7e-m+fp/hard\libc_nano.a(lib_a-findfp.o)
                0x0000000008004990                __sinit_lock_acquire
 .text.__sinit_lock_release
                0x000000000800499c        0xc c:/st/stm32cubeide_1.9.0/stm32cubeide/plugins/com.st.stm32cube.ide.mcu.externaltools.gnu-tools-for-stm32.10.3-2021.10.win32_1.0.0.202111181127/tools/bin/../lib/gcc/arm-none-eabi/10.3.1/../../../../arm-none-eabi/lib/thumb/v7e-m+fp/hard\libc_nano.a(lib_a-findfp.o)
                0x000000000800499c                __sinit_lock_release
 .text.__sinit  0x00000000080049a8       0x70 c:/st/stm32cubeide_1.9.0/stm32cubeide/plugins/com.st.stm32cube.ide.mcu.externaltools.gnu-tools-for-stm32.10.3-2021.10.win32_1.0.0.202111181127/tools/bin/../lib/gcc/arm-none-eabi/10.3.1/../../../../arm-none-eabi/lib/thumb/v7e-m+fp/hard\libc_nano.a(lib_a-findfp.o)
                0x00000000080049a8                __sinit
 .text.__sfp    0x0000000008004a18       0x8c c:/st/stm32cubeide_1.9.0/stm32cubeide/plugins/com.st.stm32cube.ide.mcu.externaltools.gnu-tools-for-stm32.10.3-2021.10.win32_1.0.0.202111181127/tools/bin/../lib/gcc/arm-none-eabi/10.3.1/../../../../arm-none-eabi/lib/thumb/v7e-m+fp/hard\libc_nano.a(lib_a-findfp.o)
                0x0000000008004a18                __sfp
 .text._fwalk_reent
                0x0000000008004aa4       0x3e c:/st/stm32cubeide_1.9.0/stm32cubeide/plugins/com.st.stm32cube.ide.mcu.externaltools.gnu-tools-for-stm32.10.3-2021.10.win32_1.0.0.202111181127/tools/bin/../lib/gcc/arm-none-eabi/10.3.1/../../../../arm-none-eabi/lib/thumb/v7e-m+fp/hard\libc_nano.a(lib_a-fwalk.o)
                0x0000000008004aa4                _fwalk_reent
 .text.__retarget_lock_init_recursive
                0x0000000008004ae2        0x2 c:/st/stm32cubeide_1.9.0/stm32cubeide/plugins/com.st.stm32cube.ide.mcu.externaltools.gnu-tools-for-stm32.10.3-2021.10.win32_1.0.0.202111181127/tools/bin/../lib/gcc/arm-none-eabi/10.3.1/../../../../arm-none-eabi/lib/thumb/v7e-m+fp/hard\libc_nano.a(lib_a-lock.o)
                0x0000000008004ae2                __retarget_lock_init_recursive
 .text.__retarget_lock_acquire_recursive
                0x0000000008004ae4        0x2 c:/st/stm32cubeide_1.9.0/stm32cubeide/plugins/com.st.stm32cube.ide.mcu.externaltools.gnu-tools-for-stm32.10.3-2021.10.win32_1.0.0.202111181127/tools/bin/../lib/gcc/arm-none-eabi/10.3.1/../../../../arm-none-eabi/lib/thumb/v7e-m+fp/hard\libc_nano.a(lib_a-lock.o)
                0x0000000008004ae4                __retarget_lock_acquire_recursive
 .text.__retarget_lock_release
                0x0000000008004ae6        0x2 c:/st/stm32cubeide_1.9.0/stm32cubeide/plugins/com.st.stm32cube.ide.mcu.externaltools.gnu-tools-for-stm32.10.3-2021.10.win32_1.0.0.202111181127/tools/bin/../lib/gcc/arm-none-eabi/10.3.1/../../../../arm-none-eabi/lib/thumb/v7e-m+fp/hard\libc_nano.a(lib_a-lock.o)
                0x0000000008004ae6                __retarget_lock_release
 .text.__retarget_lock_release_recursive
                0x0000000008004ae8        0x2 c:/st/stm32cubeide_1.9.0/stm32cubeide/plugins/com.st.stm32cube.ide.mcu.externaltools.gnu-tools-for-stm32.10.3-2021.10.win32_1.0.0.202111181127/tools/bin/../lib/gcc/arm-none-eabi/10.3.1/../../../../arm-none-eabi/lib/thumb/v7e-m+fp/hard\libc_nano.a(lib_a-lock.o)
                0x0000000008004ae8                __retarget_lock_release_recursive
 .text.__swhatbuf_r
                0x0000000008004aea       0x4a c:/st/stm32cubeide_1.9.0/stm32cubeide/plugins/com.st.stm32cube.ide.mcu.externaltools.gnu-tools-for-stm32.10.3-2021.10.win32_1.0.0.202111181127/tools/bin/../lib/gcc/arm-none-eabi/10.3.1/../../../../arm-none-eabi/lib/thumb/v7e-m+fp/hard\libc_nano.a(lib_a-makebuf.o)
                0x0000000008004aea                __swhatbuf_r
 .text.__smakebuf_r
                0x0000000008004b34       0x80 c:/st/stm32cubeide_1.9.0/stm32cubeide/plugins/com.st.stm32cube.ide.mcu.externaltools.gnu-tools-for-stm32.10.3-2021.10.win32_1.0.0.202111181127/tools/bin/../lib/gcc/arm-none-eabi/10.3.1/../../../../arm-none-eabi/lib/thumb/v7e-m+fp/hard\libc_nano.a(lib_a-makebuf.o)
                0x0000000008004b34                __smakebuf_r
 .text.__malloc_lock
                0x0000000008004bb4        0xc c:/st/stm32cubeide_1.9.0/stm32cubeide/plugins/com.st.stm32cube.ide.mcu.externaltools.gnu-tools-for-stm32.10.3-2021.10.win32_1.0.0.202111181127/tools/bin/../lib/gcc/arm-none-eabi/10.3.1/../../../../arm-none-eabi/lib/thumb/v7e-m+fp/hard\libc_nano.a(lib_a-mlock.o)
                0x0000000008004bb4                __malloc_lock
 .text.__malloc_unlock
                0x0000000008004bc0        0xc c:/st/stm32cubeide_1.9.0/stm32cubeide/plugins/com.st.stm32cube.ide.mcu.externaltools.gnu-tools-for-stm32.10.3-2021.10.win32_1.0.0.202111181127/tools/bin/../lib/gcc/arm-none-eabi/10.3.1/../../../../arm-none-eabi/lib/thumb/v7e-m+fp/hard\libc_nano.a(lib_a-mlock.o)
                0x0000000008004bc0                __malloc_unlock
 .text._realloc_r
                0x0000000008004bcc       0x5e c:/st/stm32cubeide_1.9.0/stm32cubeide/plugins/com.st.stm32cube.ide.mcu.externaltools.gnu-tools-for-stm32.10.3-2021.10.win32_1.0.0.202111181127/tools/bin/../lib/gcc/arm-none-eabi/10.3.1/../../../../arm-none-eabi/lib/thumb/v7e-m+fp/hard\libc_nano.a(lib_a-nano-reallocr.o)
                0x0000000008004bcc                _realloc_r
 .text.__ssputs_r
                0x0000000008004c2a       0xb6 c:/st/stm32cubeide_1.9.0/stm32cubeide/plugins/com.st.stm32cube.ide.mcu.externaltools.gnu-tools-for-stm32.10.3-2021.10.win32_1.0.0.202111181127/tools/bin/../lib/gcc/arm-none-eabi/10.3.1/../../../../arm-none-eabi/lib/thumb/v7e-m+fp/hard\libc_nano.a(lib_a-nano-svfprintf.o)
                0x0000000008004c2a                __ssputs_r
 .text._svfprintf_r
                0x0000000008004ce0      0x200 c:/st/stm32cubeide_1.9.0/stm32cubeide/plugins/com.st.stm32cube.ide.mcu.externaltools.gnu-tools-for-stm32.10.3-2021.10.win32_1.0.0.202111181127/tools/bin/../lib/gcc/arm-none-eabi/10.3.1/../../../../arm-none-eabi/lib/thumb/v7e-m+fp/hard\libc_nano.a(lib_a-nano-svfprintf.o)
                0x0000000008004ce0                _svfiprintf_r
                0x0000000008004ce0                _svfprintf_r
 .text.__sread  0x0000000008004ee0       0x22 c:/st/stm32cubeide_1.9.0/stm32cubeide/plugins/com.st.stm32cube.ide.mcu.externaltools.gnu-tools-for-stm32.10.3-2021.10.win32_1.0.0.202111181127/tools/bin/../lib/gcc/arm-none-eabi/10.3.1/../../../../arm-none-eabi/lib/thumb/v7e-m+fp/hard\libc_nano.a(lib_a-stdio.o)
                0x0000000008004ee0                __sread
 .text.__swrite
                0x0000000008004f02       0x38 c:/st/stm32cubeide_1.9.0/stm32cubeide/plugins/com.st.stm32cube.ide.mcu.externaltools.gnu-tools-for-stm32.10.3-2021.10.win32_1.0.0.202111181127/tools/bin/../lib/gcc/arm-none-eabi/10.3.1/../../../../arm-none-eabi/lib/thumb/v7e-m+fp/hard\libc_nano.a(lib_a-stdio.o)
                0x0000000008004f02                __swrite
 .text.__sseek  0x0000000008004f3a       0x24 c:/st/stm32cubeide_1.9.0/stm32cubeide/plugins/com.st.stm32cube.ide.mcu.externaltools.gnu-tools-for-stm32.10.3-2021.10.win32_1.0.0.202111181127/tools/bin/../lib/gcc/arm-none-eabi/10.3.1/../../../../arm-none-eabi/lib/thumb/v7e-m+fp/hard\libc_nano.a(lib_a-stdio.o)
                0x0000000008004f3a                __sseek
 .text.__sclose
                0x0000000008004f5e        0x8 c:/st/stm32cubeide_1.9.0/stm32cubeide/plugins/com.st.stm32cube.ide.mcu.externaltools.gnu-tools-for-stm32.10.3-2021.10.win32_1.0.0.202111181127/tools/bin/../lib/gcc/arm-none-eabi/10.3.1/../../../../arm-none-eabi/lib/thumb/v7e-m+fp/hard\libc_nano.a(lib_a-stdio.o)
                0x0000000008004f5e                __sclose
 *fill*         0x0000000008004f66        0x2 
 .text._write_r
                0x0000000008004f68       0x24 c:/st/stm32cubeide_1.9.0/stm32cubeide/plugins/com.st.stm32cube.ide.mcu.externaltools.gnu-tools-for-stm32.10.3-2021.10.win32_1.0.0.202111181127/tools/bin/../lib/gcc/arm-none-eabi/10.3.1/../../../../arm-none-eabi/lib/thumb/v7e-m+fp/hard\libc_nano.a(lib_a-writer.o)
                0x0000000008004f68                _write_r
 .text._close_r
                0x0000000008004f8c       0x20 c:/st/stm32cubeide_1.9.0/stm32cubeide/plugins/com.st.stm32cube.ide.mcu.externaltools.gnu-tools-for-stm32.10.3-2021.10.win32_1.0.0.202111181127/tools/bin/../lib/gcc/arm-none-eabi/10.3.1/../../../../arm-none-eabi/lib/thumb/v7e-m+fp/hard\libc_nano.a(lib_a-closer.o)
                0x0000000008004f8c                _close_r
 .text._fstat_r
                0x0000000008004fac       0x24 c:/st/stm32cubeide_1.9.0/stm32cubeide/plugins/com.st.stm32cube.ide.mcu.externaltools.gnu-tools-for-stm32.10.3-2021.10.win32_1.0.0.202111181127/tools/bin/../lib/gcc/arm-none-eabi/10.3.1/../../../../arm-none-eabi/lib/thumb/v7e-m+fp/hard\libc_nano.a(lib_a-fstatr.o)
                0x0000000008004fac                _fstat_r
 .text._isatty_r
                0x0000000008004fd0       0x20 c:/st/stm32cubeide_1.9.0/stm32cubeide/plugins/com.st.stm32cube.ide.mcu.externaltools.gnu-tools-for-stm32.10.3-2021.10.win32_1.0.0.202111181127/tools/bin/../lib/gcc/arm-none-eabi/10.3.1/../../../../arm-none-eabi/lib/thumb/v7e-m+fp/hard\libc_nano.a(lib_a-isattyr.o)
                0x0000000008004fd0                _isatty_r
 .text._lseek_r
                0x0000000008004ff0       0x24 c:/st/stm32cubeide_1.9.0/stm32cubeide/plugins/com.st.stm32cube.ide.mcu.externaltools.gnu-tools-for-stm32.10.3-2021.10.win32_1.0.0.202111181127/tools/bin/../lib/gcc/arm-none-eabi/10.3.1/../../../../arm-none-eabi/lib/thumb/v7e-m+fp/hard\libc_nano.a(lib_a-lseekr.o)
                0x0000000008004ff0                _lseek_r
 .text._malloc_usable_size_r
                0x0000000008005014       0x10 c:/st/stm32cubeide_1.9.0/stm32cubeide/plugins/com.st.stm32cube.ide.mcu.externaltools.gnu-tools-for-stm32.10.3-2021.10.win32_1.0.0.202111181127/tools/bin/../lib/gcc/arm-none-eabi/10.3.1/../../../../arm-none-eabi/lib/thumb/v7e-m+fp/hard\libc_nano.a(lib_a-nano-msizer.o)
                0x0000000008005014                _malloc_usable_size_r
 .text._read_r  0x0000000008005024       0x24 c:/st/stm32cubeide_1.9.0/stm32cubeide/plugins/com.st.stm32cube.ide.mcu.externaltools.gnu-tools-for-stm32.10.3-2021.10.win32_1.0.0.202111181127/tools/bin/../lib/gcc/arm-none-eabi/10.3.1/../../../../arm-none-eabi/lib/thumb/v7e-m+fp/hard\libc_nano.a(lib_a-readr.o)
                0x0000000008005024                _read_r
 .text._close   0x0000000008005048       0x10 c:/st/stm32cubeide_1.9.0/stm32cubeide/plugins/com.st.stm32cube.ide.mcu.externaltools.gnu-tools-for-stm32.10.3-2021.10.win32_1.0.0.202111181127/tools/bin/../lib/gcc/arm-none-eabi/10.3.1/../../../../arm-none-eabi/lib/thumb/v7e-m+fp/hard\libnosys.a(close.o)
                0x0000000008005048                _close
 .text._fstat   0x0000000008005058       0x10 c:/st/stm32cubeide_1.9.0/stm32cubeide/plugins/com.st.stm32cube.ide.mcu.externaltools.gnu-tools-for-stm32.10.3-2021.10.win32_1.0.0.202111181127/tools/bin/../lib/gcc/arm-none-eabi/10.3.1/../../../../arm-none-eabi/lib/thumb/v7e-m+fp/hard\libnosys.a(fstat.o)
                0x0000000008005058                _fstat
 .text._getpid  0x0000000008005068       0x10 c:/st/stm32cubeide_1.9.0/stm32cubeide/plugins/com.st.stm32cube.ide.mcu.externaltools.gnu-tools-for-stm32.10.3-2021.10.win32_1.0.0.202111181127/tools/bin/../lib/gcc/arm-none-eabi/10.3.1/../../../../arm-none-eabi/lib/thumb/v7e-m+fp/hard\libnosys.a(getpid.o)
                0x0000000008005068                _getpid
 .text._isatty  0x0000000008005078       0x10 c:/st/stm32cubeide_1.9.0/stm32cubeide/plugins/com.st.stm32cube.ide.mcu.externaltools.gnu-tools-for-stm32.10.3-2021.10.win32_1.0.0.202111181127/tools/bin/../lib/gcc/arm-none-eabi/10.3.1/../../../../arm-none-eabi/lib/thumb/v7e-m+fp/hard\libnosys.a(isatty.o)
                0x0000000008005078                _isatty
 .text._kill    0x0000000008005088       0x10 c:/st/stm32cubeide_1.9.0/stm32cubeide/plugins/com.st.stm32cube.ide.mcu.externaltools.gnu-tools-for-stm32.10.3-2021.10.win32_1.0.0.202111181127/tools/bin/../lib/gcc/arm-none-eabi/10.3.1/../../../../arm-none-eabi/lib/thumb/v7e-m+fp/hard\libnosys.a(kill.o)
                0x0000000008005088                _kill
 .text._lseek   0x0000000008005098       0x10 c:/st/stm32cubeide_1.9.0/stm32cubeide/plugins/com.st.stm32cube.ide.mcu.externaltools.gnu-tools-for-stm32.10.3-2021.10.win32_1.0.0.202111181127/tools/bin/../lib/gcc/arm-none-eabi/10.3.1/../../../../arm-none-eabi/lib/thumb/v7e-m+fp/hard\libnosys.a(lseek.o)
                0x0000000008005098                _lseek
 .text._read    0x00000000080050a8       0x10 c:/st/stm32cubeide_1.9.0/stm32cubeide/plugins/com.st.stm32cube.ide.mcu.externaltools.gnu-tools-for-stm32.10.3-2021.10.win32_1.0.0.202111181127/tools/bin/../lib/gcc/arm-none-eabi/10.3.1/../../../../arm-none-eabi/lib/thumb/v7e-m+fp/hard\libnosys.a(read.o)
                0x00000000080050a8                _read
 .text._sbrk    0x00000000080050b8       0x1c c:/st/stm32cubeide_1.9.0/stm32cubeide/plugins/com.st.stm32cube.ide.mcu.externaltools.gnu-tools-for-stm32.10.3-2021.10.win32_1.0.0.202111181127/tools/bin/../lib/gcc/arm-none-eabi/10.3.1/../../../../arm-none-eabi/lib/thumb/v7e-m+fp/hard\libnosys.a(sbrk.o)
                0x00000000080050b8                _sbrk
 .text._write   0x00000000080050d4       0x10 c:/st/stm32cubeide_1.9.0/stm32cubeide/plugins/com.st.stm32cube.ide.mcu.externaltools.gnu-tools-for-stm32.10.3-2021.10.win32_1.0.0.202111181127/tools/bin/../lib/gcc/arm-none-eabi/10.3.1/../../../../arm-none-eabi/lib/thumb/v7e-m+fp/hard\libnosys.a(write.o)
                0x00000000080050d4                _write
 .text._exit    0x00000000080050e4        0x2 c:/st/stm32cubeide_1.9.0/stm32cubeide/plugins/com.st.stm32cube.ide.mcu.externaltools.gnu-tools-for-stm32.10.3-2021.10.win32_1.0.0.202111181127/tools/bin/../lib/gcc/arm-none-eabi/10.3.1/../../../../arm-none-eabi/lib/thumb/v7e-m+fp/hard\libnosys.a(_exit.o)
                0x00000000080050e4                _exit
 *(.glue_7)
 .glue_7        0x00000000080050e6        0x0 linker stubs
 *(.glue_7t)
 .glue_7t       0x00000000080050e6        0x0 linker stubs
 *(.eh_frame)
 *fill*         0x00000000080050e6        0x2 
 .eh_frame      0x00000000080050e8        0x0 c:/st/stm32cubeide_1.9.0/stm32cubeide/plugins/com.st.stm32cube.ide.mcu.externaltools.gnu-tools-for-stm32.10.3-2021.10.win32_1.0.0.202111181127/tools/bin/../lib/gcc/arm-none-eabi/10.3.1/thumb/v7e-m+fp/hard/crtbegin.o
 *(.init)
 .init          0x00000000080050e8        0x4 c:/st/stm32cubeide_1.9.0/stm32cubeide/plugins/com.st.stm32cube.ide.mcu.externaltools.gnu-tools-for-stm32.10.3-2021.10.win32_1.0.0.202111181127/tools/bin/../lib/gcc/arm-none-eabi/10.3.1/thumb/v7e-m+fp/hard/crti.o
                0x00000000080050e8                _init
 .init          0x00000000080050ec        0x8 c:/st/stm32cubeide_1.9.0/stm32cubeide/plugins/com.st.stm32cube.ide.mcu.externaltools.gnu-tools-for-stm32.10.3-2021.10.win32_1.0.0.202111181127/tools/bin/../lib/gcc/arm-none-eabi/10.3.1/thumb/v7e-m+fp/hard/crtn.o
 *(.fini)
 .fini          0x00000000080050f4        0x4 c:/st/stm32cubeide_1.9.0/stm32cubeide/plugins/com.st.stm32cube.ide.mcu.externaltools.gnu-tools-for-stm32.10.3-2021.10.win32_1.0.0.202111181127/tools/bin/../lib/gcc/arm-none-eabi/10.3.1/thumb/v7e-m+fp/hard/crti.o
                0x00000000080050f4                _fini
 .fini          0x00000000080050f8        0x8 c:/st/stm32cubeide_1.9.0/stm32cubeide/plugins/com.st.stm32cube.ide.mcu.externaltools.gnu-tools-for-stm32.10.3-2021.10.win32_1.0.0.202111181127/tools/bin/../lib/gcc/arm-none-eabi/10.3.1/thumb/v7e-m+fp/hard/crtn.o
                0x0000000008005100                . = ALIGN (0x4)
                0x0000000008005100                _etext = .

.vfp11_veneer   0x0000000008005100        0x0
 .vfp11_veneer  0x0000000008005100        0x0 linker stubs

.v4_bx          0x0000000008005100        0x0
 .v4_bx         0x0000000008005100        0x0 linker stubs

.iplt           0x0000000008005100        0x0
 .iplt          0x0000000008005100        0x0 c:/st/stm32cubeide_1.9.0/stm32cubeide/plugins/com.st.stm32cube.ide.mcu.externaltools.gnu-tools-for-stm32.10.3-2021.10.win32_1.0.0.202111181127/tools/bin/../lib/gcc/arm-none-eabi/10.3.1/thumb/v7e-m+fp/hard/crtbegin.o

.rodata         0x0000000008005100      0x694
                0x0000000008005100                . = ALIGN (0x4)
 *(.rodata)
 .rodata        0x0000000008005100       0x18 ./Core/Src/system_stm32f7xx.o
                0x0000000008005100                AHBPrescTable
                0x0000000008005110                APBPrescTable
 .rodata        0x0000000008005118       0x28 ./app/statemachine01.o
                0x0000000008005118                vtable for StateMachine01
 .rodata        0x0000000008005140       0x10 ./platform/f7-disco-gcc/mcu/hal/uart.o
                0x0000000008005140                vtable for Uart
 .rodata        0x0000000008005150       0x28 ./xf/core/behavior.o
                0x0000000008005150                vtable for XFBehavior
 .rodata        0x0000000008005178       0x14 ./xf/core/defaulttransition.o
                0x0000000008005178                vtable for XFDefaultTransition
 .rodata        0x000000000800518c       0x14 ./xf/core/initialevent.o
                0x000000000800518c                vtable for XFInitialEvent
 .rodata        0x00000000080051a0       0x14 ./xf/core/timeout.o
                0x00000000080051a0                vtable for XFTimeout
 .rodata        0x00000000080051b4       0x28 ./xf/port/common/dispatcher.o
                0x00000000080051b4                vtable for XFDispatcher
 .rodata        0x00000000080051dc       0x2c ./xf/port/common/timeoutmanager.o
                0x00000000080051dc                vtable for XFTimeoutManager
 *(.rodata*)
 .rodata._ZNSt7__cxx1112basic_stringIcSt11char_traitsIcESaIcEE12_M_constructIPcEEvT_S7_St20forward_iterator_tag.str1.4
                0x0000000008005208       0x2a ./app/statemachine01.o
 *fill*         0x0000000008005232        0x2 
 .rodata.str1.4
                0x0000000008005234       0x56 ./app/statemachine01.o
 *fill*         0x000000000800528a        0x2 
 .rodata._ZZNSt8__detail18__to_chars_10_implIjEEvPcjT_E8__digits
                0x000000000800528c       0xc9 ./app/statemachine01.o
                0x000000000800528c                std::__detail::__to_chars_10_impl<unsigned int>(char*, unsigned int, unsigned int)::__digits
 *fill*         0x0000000008005355        0x3 
 .rodata.str1.4
                0x0000000008005358       0x3d ./app/testfactory01.o
 *fill*         0x0000000008005395        0x3 
 .rodata.str1.4
                0x0000000008005398       0x52 ./platform/f7-disco-gcc/board/trace.o
 *fill*         0x00000000080053ea        0x2 
 .rodata.str1.4
                0x00000000080053ec      0x10f ./platform/f7-disco-gcc/mcu/hal/uart.o
 *fill*         0x00000000080054fb        0x1 
 .rodata._ZTVN9interface10XFBehaviorE
                0x00000000080054fc       0x24 ./xf/core/behavior.o
                0x00000000080054fc                vtable for interface::XFBehavior
 .rodata._ZTV7XFEvent
                0x0000000008005520       0x14 ./xf/core/customevent.o
                0x0000000008005520                vtable for XFEvent
 .rodata.str1.4
                0x0000000008005534       0x10 ./xf/port/common/dispatcher.o
 .rodata._ZTVN9interface12XFDispatcherE
                0x0000000008005544       0x28 ./xf/port/common/dispatcher.o
                0x0000000008005544                vtable for interface::XFDispatcher
 .rodata.str1.4
                0x000000000800556c       0x3a ./xf/port/common/timeoutmanager.o
 *fill*         0x00000000080055a6        0x2 
 .rodata._ZTVN9interface16XFTimeoutManagerE
                0x00000000080055a8       0x2c ./xf/port/common/timeoutmanager.o
                0x00000000080055a8                vtable for interface::XFTimeoutManager
 .rodata._ZTVN9interface7XFMutexE
                0x00000000080055d4       0x1c ./xf/port/idf-stm32/mutex.o