C:/Users/sylva/Desktop/CoursHES/InformatiqueC2/work/work/test-bench/test1/src/app/statemachine01.cpp:18:1:StateMachine01::~StateMachine01()	8	static
C:/Users/sylva/Desktop/CoursHES/InformatiqueC2/work/work/test-bench/test1/src/app/statemachine01.cpp:18:1:virtual StateMachine01::~StateMachine01()	8	static
c:\st\stm32cubeide_1.9.0\stm32cubeide\plugins\com.st.stm32cube.ide.mcu.externaltools.gnu-tools-for-stm32.10.3-2021.10.win32_1.0.0.202111181127\tools\arm-none-eabi\include\c++\10.3.1\bits\charconv.h:72:5:void std::__detail::__to_chars_10_impl(char*, unsigned int, _Tp) [with _Tp = unsigned int]	8	static
c:\st\stm32cubeide_1.9.0\stm32cubeide\plugins\com.st.stm32cube.ide.mcu.externaltools.gnu-tools-for-stm32.10.3-2021.10.win32_1.0.0.202111181127\tools\arm-none-eabi\include\c++\10.3.1\bits\basic_string.tcc:206:7:void std::__cxx11::basic_string<_CharT, _Traits, _Alloc>::_M_construct(_InIterator, _InIterator, std::forward_iterator_tag) [with _FwdIterator = char*; _CharT = char; _Traits = std::char_traits<char>; _Alloc = std::allocator<char>]	24	static
C:/Users/sylva/Desktop/CoursHES/InformatiqueC2/work/work/test-bench/test1/src/app/statemachine01.cpp:23:15:virtual XFEventStatus StateMachine01::processEvent()	176	static
C:/Users/sylva/Desktop/CoursHES/InformatiqueC2/work/work/test-bench/test1/src/app/statemachine01.cpp:11:1:StateMachine01::StateMachine01(int, std::string)	16	static
