C:/Users/sylva/Desktop/CoursHES/InformatiqueC2/work/work/src/simplified/xf/port/idf-stm32/mutex.cpp:24:6:virtual bool XFMutex::tryLock(int32_t)	0	static
C:/Users/sylva/Desktop/CoursHES/InformatiqueC2/work/work/src/simplified/xf/port/idf-stm32/mutex.h:23:7:XFMutex::~XFMutex()	0	static
C:/Users/sylva/Desktop/CoursHES/InformatiqueC2/work/work/src/simplified/xf/port/idf-stm32/mutex.cpp:16:6:virtual void XFMutex::lock()	8	static
C:/Users/sylva/Desktop/CoursHES/InformatiqueC2/work/work/src/simplified/xf/port/idf-stm32/mutex.cpp:20:6:virtual void XFMutex::unlock()	8	static
C:/Users/sylva/Desktop/CoursHES/InformatiqueC2/work/work/src/simplified/xf/port/idf-stm32/mutex.h:23:7:virtual XFMutex::~XFMutex()	8	static
C:/Users/sylva/Desktop/CoursHES/InformatiqueC2/work/work/src/simplified/xf/port/idf-stm32/mutex.cpp:11:22:static interface::XFMutex* interface::XFMutex::create()	8	static
