C:/Users/sylva/Desktop/CoursHES/InformatiqueC2/work/work/src/simplified/xf/port/idf-stm32/xf.cpp:30:6:static void XF::initialize(int, int, char**)	8	static
C:/Users/sylva/Desktop/CoursHES/InformatiqueC2/work/work/src/simplified/xf/port/idf-stm32/xf.cpp:15:6:void XF_initialize(int)	8	static
C:/Users/sylva/Desktop/CoursHES/InformatiqueC2/work/work/src/simplified/xf/port/idf-stm32/xf.cpp:35:5:static int XF::exec()	8	static
C:/Users/sylva/Desktop/CoursHES/InformatiqueC2/work/work/src/simplified/xf/port/idf-stm32/xf.cpp:20:6:void XF_exec()	8	static
C:/Users/sylva/Desktop/CoursHES/InformatiqueC2/work/work/src/simplified/xf/port/idf-stm32/xf.cpp:40:5:static int XF::execOnce()	8	static
C:/Users/sylva/Desktop/CoursHES/InformatiqueC2/work/work/src/simplified/xf/port/idf-stm32/xf.cpp:25:6:void XF_execOnce()	8	static
C:/Users/sylva/Desktop/CoursHES/InformatiqueC2/work/work/src/simplified/xf/port/idf-stm32/xf.cpp:46:6:static bool XF::isRunning()	0	static
