C:/Users/sylva/Desktop/CoursHES/InformatiqueC2/work/work/src/simplified/xf/port/common/dispatcher.cpp:67:5:virtual int XFDispatcher::execute(const void*)	8	static
C:/Users/sylva/Desktop/CoursHES/InformatiqueC2/work/work/src/simplified/xf/port/common/dispatcher.cpp:80:6:virtual void XFDispatcher::dispatchEvent(const XFEvent*) const	8	static
C:/Users/sylva/Desktop/CoursHES/InformatiqueC2/work/work/src/simplified/xf/port/common/dispatcher.cpp:48:6:virtual void XFDispatcher::scheduleTimeout(int, int, interface::XFBehavior*)	24	static
C:/Users/sylva/Desktop/CoursHES/InformatiqueC2/work/work/src/simplified/xf/port/common/dispatcher.cpp:52:6:virtual void XFDispatcher::unscheduleTimeout(int, interface::XFBehavior*)	16	static
C:/Users/sylva/Desktop/CoursHES/InformatiqueC2/work/work/src/simplified/xf/port/common/dispatcher.cpp:74:1:XFDispatcher::XFDispatcher()	8	static
C:/Users/sylva/Desktop/CoursHES/InformatiqueC2/work/work/src/simplified/xf/port/common/dispatcher.cpp:26:27:static interface::XFDispatcher* interface::XFDispatcher::getInstance()	8	static
C:/Users/sylva/Desktop/CoursHES/InformatiqueC2/work/work/src/simplified/xf/port/common/dispatcher.cpp:36:1:XFDispatcher::~XFDispatcher()	8	static
C:/Users/sylva/Desktop/CoursHES/InformatiqueC2/work/work/src/simplified/xf/port/common/dispatcher.cpp:28:27:void __tcf_0()	8	static
C:/Users/sylva/Desktop/CoursHES/InformatiqueC2/work/work/src/simplified/xf/port/common/dispatcher.cpp:36:1:virtual XFDispatcher::~XFDispatcher()	8	static
C:/Users/sylva/Desktop/CoursHES/InformatiqueC2/work/work/src/simplified/xf/port/common/dispatcher.cpp:41:6:virtual void XFDispatcher::pushEvent(XFEvent*)	8	static
C:/Users/sylva/Desktop/CoursHES/InformatiqueC2/work/work/src/simplified/xf/port/common/dispatcher.cpp:58:6:virtual void XFDispatcher::executeOnce()	16	static
