15:43:24 **** Build of configuration Debug for project ide-cubeide-test2-idf ****
make -j8 all 
arm-none-eabi-g++ "C:/Users/sylva/Desktop/CoursHES/InformatiqueC2/work/work/src/simplified/xf/port/idf-stm32/c-wrapper-functions.cpp" -mcpu=cortex-m7 -std=gnu++14 -g3 '-D__weak=__attribute__((weak))' '-D__packed=__attribute__((__packed__))' -DUSE_HAL_DRIVER -DSTM32F746xx -c -I"C:/Users/sylva/Desktop/CoursHES/InformatiqueC2/work/work/test-bench/test2/ide-cubeide-test2-idf/../src" -I"C:/Users/sylva/Desktop/CoursHES/InformatiqueC2/work/work/test-bench/test2/ide-cubeide-test2-idf/Core/Inc" -I"C:/Users/sylva/Desktop/CoursHES/InformatiqueC2/work/work/test-bench/test2/ide-cubeide-test2-idf" -I"C:/Users/sylva/Desktop/CoursHES/InformatiqueC2/work/work/src/platform/f7-disco-gcc" -I"C:/Users/sylva/Desktop/CoursHES/InformatiqueC2/work/work/src/platform/f7-disco-gcc/mcu" -I"C:/Users/sylva/Desktop/CoursHES/InformatiqueC2/work/work/test-bench/test2/ide-cubeide-test2-idf/../../../src" -I"C:/Users/sylva/Desktop/CoursHES/InformatiqueC2/work/work/src/simplified/xf/include" -I"C:/Users/sylva/Desktop/CoursHES/InformatiqueC2/work/work/src/simplified/xf/port" -I"C:/Users/sylva/Desktop/CoursHES/InformatiqueC2/work/work/src/simplified/xf/port/common" -I"C:/Users/sylva/Desktop/CoursHES/InformatiqueC2/work/work/src/simplified/xf/port/idf-stm32" -I"C:/Users/sylva/Desktop/CoursHES/InformatiqueC2/work/work/test-bench/test2/ide-cubeide-test2-idf/../../../src/mdw" -I"C:/Users/sylva/Desktop/CoursHES/InformatiqueC2/work/work/test-bench/test2/ide-cubeide-test2-idf/../../../src/mdw/trace" -I"C:/Users/sylva/Desktop/CoursHES/InformatiqueC2/work/work/test-bench/test2/ide-cubeide-test2-idf/../../common" -I"C:/Users/sylva/Desktop/CoursHES/InformatiqueC2/work/work/test-bench/test2/ide-cubeide-test2-idf/Drivers/STM32F7xx_HAL_Driver/Inc" -I"C:/Users/sylva/Desktop/CoursHES/InformatiqueC2/work/work/test-bench/test2/ide-cubeide-test2-idf/Drivers/STM32F7xx_HAL_Driver/Inc/Legacy" -I"C:/Users/sylva/Desktop/CoursHES/InformatiqueC2/work/work/test-bench/test2/ide-cubeide-test2-idf/Drivers/CMSIS/Device/ST/STM32F7xx/Include" -I"C:/Users/sylva/Desktop/CoursHES/InformatiqueC2/work/work/test-bench/test2/ide-cubeide-test2-idf/Drivers/CMSIS/Include" -Og -ffunction-sections -fno-exceptions -fno-rtti -fno-use-cxa-atexit -Wall -fstack-usage -MMD -MP -MF"xf/port/idf-stm32/c-wrapper-functions.d" -MT"xf/port/idf-stm32/c-wrapper-functions.o" --specs=nano.specs -mfpu=fpv5-sp-d16 -mfloat-abi=hard -mthumb -o "xf/port/idf-stm32/c-wrapper-functions.o"
arm-none-eabi-g++ "C:/Users/sylva/Desktop/CoursHES/InformatiqueC2/work/work/src/simplified/xf/port/idf-stm32/eventqueue.cpp" -mcpu=cortex-m7 -std=gnu++14 -g3 '-D__weak=__attribute__((weak))' '-D__packed=__attribute__((__packed__))' -DUSE_HAL_DRIVER -DSTM32F746xx -c -I"C:/Users/sylva/Desktop/CoursHES/InformatiqueC2/work/work/test-bench/test2/ide-cubeide-test2-idf/../src" -I"C:/Users/sylva/Desktop/CoursHES/InformatiqueC2/work/work/test-bench/test2/ide-cubeide-test2-idf/Core/Inc" -I"C:/Users/sylva/Desktop/CoursHES/InformatiqueC2/work/work/test-bench/test2/ide-cubeide-test2-idf" -I"C:/Users/sylva/Desktop/CoursHES/InformatiqueC2/work/work/src/platform/f7-disco-gcc" -I"C:/Users/sylva/Desktop/CoursHES/InformatiqueC2/work/work/src/platform/f7-disco-gcc/mcu" -I"C:/Users/sylva/Desktop/CoursHES/InformatiqueC2/work/work/test-bench/test2/ide-cubeide-test2-idf/../../../src" -I"C:/Users/sylva/Desktop/CoursHES/InformatiqueC2/work/work/src/simplified/xf/include" -I"C:/Users/sylva/Desktop/CoursHES/InformatiqueC2/work/work/src/simplified/xf/port" -I"C:/Users/sylva/Desktop/CoursHES/InformatiqueC2/work/work/src/simplified/xf/port/common" -I"C:/Users/sylva/Desktop/CoursHES/InformatiqueC2/work/work/src/simplified/xf/port/idf-stm32" -I"C:/Users/sylva/Desktop/CoursHES/InformatiqueC2/work/work/test-bench/test2/ide-cubeide-test2-idf/../../../src/mdw" -I"C:/Users/sylva/Desktop/CoursHES/InformatiqueC2/work/work/test-bench/test2/ide-cubeide-test2-idf/../../../src/mdw/trace" -I"C:/Users/sylva/Desktop/CoursHES/InformatiqueC2/work/work/test-bench/test2/ide-cubeide-test2-idf/../../common" -I"C:/Users/sylva/Desktop/CoursHES/InformatiqueC2/work/work/test-bench/test2/ide-cubeide-test2-idf/Drivers/STM32F7xx_HAL_Driver/Inc" -I"C:/Users/sylva/Desktop/CoursHES/InformatiqueC2/work/work/test-bench/test2/ide-cubeide-test2-idf/Drivers/STM32F7xx_HAL_Driver/Inc/Legacy" -I"C:/Users/sylva/Desktop/CoursHES/InformatiqueC2/work/work/test-bench/test2/ide-cubeide-test2-idf/Drivers/CMSIS/Device/ST/STM32F7xx/Include" -I"C:/Users/sylva/Desktop/CoursHES/InformatiqueC2/work/work/test-bench/test2/ide-cubeide-test2-idf/Drivers/CMSIS/Include" -Og -ffunction-sections -fno-exceptions -fno-rtti -fno-use-cxa-atexit -Wall -fstack-usage -MMD -MP -MF"xf/port/idf-stm32/eventqueue.d" -MT"xf/port/idf-stm32/eventqueue.o" --specs=nano.specs -mfpu=fpv5-sp-d16 -mfloat-abi=hard -mthumb -o "xf/port/idf-stm32/eventqueue.o"
arm-none-eabi-g++ "C:/Users/sylva/Desktop/CoursHES/InformatiqueC2/work/work/src/simplified/xf/port/idf-stm32/mutex.cpp" -mcpu=cortex-m7 -std=gnu++14 -g3 '-D__weak=__attribute__((weak))' '-D__packed=__attribute__((__packed__))' -DUSE_HAL_DRIVER -DSTM32F746xx -c -I"C:/Users/sylva/Desktop/CoursHES/InformatiqueC2/work/work/test-bench/test2/ide-cubeide-test2-idf/../src" -I"C:/Users/sylva/Desktop/CoursHES/InformatiqueC2/work/work/test-bench/test2/ide-cubeide-test2-idf/Core/Inc" -I"C:/Users/sylva/Desktop/CoursHES/InformatiqueC2/work/work/test-bench/test2/ide-cubeide-test2-idf" -I"C:/Users/sylva/Desktop/CoursHES/InformatiqueC2/work/work/src/platform/f7-disco-gcc" -I"C:/Users/sylva/Desktop/CoursHES/InformatiqueC2/work/work/src/platform/f7-disco-gcc/mcu" -I"C:/Users/sylva/Desktop/CoursHES/InformatiqueC2/work/work/test-bench/test2/ide-cubeide-test2-idf/../../../src" -I"C:/Users/sylva/Desktop/CoursHES/InformatiqueC2/work/work/src/simplified/xf/include" -I"C:/Users/sylva/Desktop/CoursHES/InformatiqueC2/work/work/src/simplified/xf/port" -I"C:/Users/sylva/Desktop/CoursHES/InformatiqueC2/work/work/src/simplified/xf/port/common" -I"C:/Users/sylva/Desktop/CoursHES/InformatiqueC2/work/work/src/simplified/xf/port/idf-stm32" -I"C:/Users/sylva/Desktop/CoursHES/InformatiqueC2/work/work/test-bench/test2/ide-cubeide-test2-idf/../../../src/mdw" -I"C:/Users/sylva/Desktop/CoursHES/InformatiqueC2/work/work/test-bench/test2/ide-cubeide-test2-idf/../../../src/mdw/trace" -I"C:/Users/sylva/Desktop/CoursHES/InformatiqueC2/work/work/test-bench/test2/ide-cubeide-test2-idf/../../common" -I"C:/Users/sylva/Desktop/CoursHES/InformatiqueC2/work/work/test-bench/test2/ide-cubeide-test2-idf/Drivers/STM32F7xx_HAL_Driver/Inc" -I"C:/Users/sylva/Desktop/CoursHES/InformatiqueC2/work/work/test-bench/test2/ide-cubeide-test2-idf/Drivers/STM32F7xx_HAL_Driver/Inc/Legacy" -I"C:/Users/sylva/Desktop/CoursHES/InformatiqueC2/work/work/test-bench/test2/ide-cubeide-test2-idf/Drivers/CMSIS/Device/ST/STM32F7xx/Include" -I"C:/Users/sylva/Desktop/CoursHES/InformatiqueC2/work/work/test-bench/test2/ide-cubeide-test2-idf/Drivers/CMSIS/Include" -Og -ffunction-sections -fno-exceptions -fno-rtti -fno-use-cxa-atexit -Wall -fstack-usage -MMD -MP -MF"xf/port/idf-stm32/mutex.d" -MT"xf/port/idf-stm32/mutex.o" --specs=nano.specs -mfpu=fpv5-sp-d16 -mfloat-abi=hard -mthumb -o "xf/port/idf-stm32/mutex.o"
arm-none-eabi-g++ "C:/Users/sylva/Desktop/CoursHES/InformatiqueC2/work/work/src/simplified/xf/port/idf-stm32/xf.cpp" -mcpu=cortex-m7 -std=gnu++14 -g3 '-D__weak=__attribute__((weak))' '-D__packed=__attribute__((__packed__))' -DUSE_HAL_DRIVER -DSTM32F746xx -c -I"C:/Users/sylva/Desktop/CoursHES/InformatiqueC2/work/work/test-bench/test2/ide-cubeide-test2-idf/../src" -I"C:/Users/sylva/Desktop/CoursHES/InformatiqueC2/work/work/test-bench/test2/ide-cubeide-test2-idf/Core/Inc" -I"C:/Users/sylva/Desktop/CoursHES/InformatiqueC2/work/work/test-bench/test2/ide-cubeide-test2-idf" -I"C:/Users/sylva/Desktop/CoursHES/InformatiqueC2/work/work/src/platform/f7-disco-gcc" -I"C:/Users/sylva/Desktop/CoursHES/InformatiqueC2/work/work/src/platform/f7-disco-gcc/mcu" -I"C:/Users/sylva/Desktop/CoursHES/InformatiqueC2/work/work/test-bench/test2/ide-cubeide-test2-idf/../../../src" -I"C:/Users/sylva/Desktop/CoursHES/InformatiqueC2/work/work/src/simplified/xf/include" -I"C:/Users/sylva/Desktop/CoursHES/InformatiqueC2/work/work/src/simplified/xf/port" -I"C:/Users/sylva/Desktop/CoursHES/InformatiqueC2/work/work/src/simplified/xf/port/common" -I"C:/Users/sylva/Desktop/CoursHES/InformatiqueC2/work/work/src/simplified/xf/port/idf-stm32" -I"C:/Users/sylva/Desktop/CoursHES/InformatiqueC2/work/work/test-bench/test2/ide-cubeide-test2-idf/../../../src/mdw" -I"C:/Users/sylva/Desktop/CoursHES/InformatiqueC2/work/work/test-bench/test2/ide-cubeide-test2-idf/../../../src/mdw/trace" -I"C:/Users/sylva/Desktop/CoursHES/InformatiqueC2/work/work/test-bench/test2/ide-cubeide-test2-idf/../../common" -I"C:/Users/sylva/Desktop/CoursHES/InformatiqueC2/work/work/test-bench/test2/ide-cubeide-test2-idf/Drivers/STM32F7xx_HAL_Driver/Inc" -I"C:/Users/sylva/Desktop/CoursHES/InformatiqueC2/work/work/test-bench/test2/ide-cubeide-test2-idf/Drivers/STM32F7xx_HAL_Driver/Inc/Legacy" -I"C:/Users/sylva/Desktop/CoursHES/InformatiqueC2/work/work/test-bench/test2/ide-cubeide-test2-idf/Drivers/CMSIS/Device/ST/STM32F7xx/Include" -I"C:/Users/sylva/Desktop/CoursHES/InformatiqueC2/work/work/test-bench/test2/ide-cubeide-test2-idf/Drivers/CMSIS/Include" -Og -ffunction-sections -fno-exceptions -fno-rtti -fno-use-cxa-atexit -Wall -fstack-usage -MMD -MP -MF"xf/port/idf-stm32/xf.d" -MT"xf/port/idf-stm32/xf.o" --specs=nano.specs -mfpu=fpv5-sp-d16 -mfloat-abi=hard -mthumb -o "xf/port/idf-stm32/xf.o"
arm-none-eabi-g++ "C:/Users/sylva/Desktop/CoursHES/InformatiqueC2/work/work/src/simplified/xf/port/common/dispatcher.cpp" -mcpu=cortex-m7 -std=gnu++14 -g3 '-D__weak=__attribute__((weak))' '-D__packed=__attribute__((__packed__))' -DUSE_HAL_DRIVER -DSTM32F746xx -c -I"C:/Users/sylva/Desktop/CoursHES/InformatiqueC2/work/work/test-bench/test2/ide-cubeide-test2-idf/../src" -I"C:/Users/sylva/Desktop/CoursHES/InformatiqueC2/work/work/test-bench/test2/ide-cubeide-test2-idf/Core/Inc" -I"C:/Users/sylva/Desktop/CoursHES/InformatiqueC2/work/work/test-bench/test2/ide-cubeide-test2-idf" -I"C:/Users/sylva/Desktop/CoursHES/InformatiqueC2/work/work/src/platform/f7-disco-gcc" -I"C:/Users/sylva/Desktop/CoursHES/InformatiqueC2/work/work/src/platform/f7-disco-gcc/mcu" -I"C:/Users/sylva/Desktop/CoursHES/InformatiqueC2/work/work/test-bench/test2/ide-cubeide-test2-idf/../../../src" -I"C:/Users/sylva/Desktop/CoursHES/InformatiqueC2/work/work/src/simplified/xf/include" -I"C:/Users/sylva/Desktop/CoursHES/InformatiqueC2/work/work/src/simplified/xf/port" -I"C:/Users/sylva/Desktop/CoursHES/InformatiqueC2/work/work/src/simplified/xf/port/common" -I"C:/Users/sylva/Desktop/CoursHES/InformatiqueC2/work/work/src/simplified/xf/port/idf-stm32" -I"C:/Users/sylva/Desktop/CoursHES/InformatiqueC2/work/work/test-bench/test2/ide-cubeide-test2-idf/../../../src/mdw" -I"C:/Users/sylva/Desktop/CoursHES/InformatiqueC2/work/work/test-bench/test2/ide-cubeide-test2-idf/../../../src/mdw/trace" -I"C:/Users/sylva/Desktop/CoursHES/InformatiqueC2/work/work/test-bench/test2/ide-cubeide-test2-idf/../../common" -I"C:/Users/sylva/Desktop/CoursHES/InformatiqueC2/work/work/test-bench/test2/ide-cubeide-test2-idf/Drivers/STM32F7xx_HAL_Driver/Inc" -I"C:/Users/sylva/Desktop/CoursHES/InformatiqueC2/work/work/test-bench/test2/ide-cubeide-test2-idf/Drivers/STM32F7xx_HAL_Driver/Inc/Legacy" -I"C:/Users/sylva/Desktop/CoursHES/InformatiqueC2/work/work/test-bench/test2/ide-cubeide-test2-idf/Drivers/CMSIS/Device/ST/STM32F7xx/Include" -I"C:/Users/sylva/Desktop/CoursHES/InformatiqueC2/work/work/test-bench/test2/ide-cubeide-test2-idf/Drivers/CMSIS/Include" -Og -ffunction-sections -fno-exceptions -fno-rtti -fno-use-cxa-atexit -Wall -fstack-usage -MMD -MP -MF"xf/port/common/dispatcher.d" -MT"xf/port/common/dispatcher.o" --specs=nano.specs -mfpu=fpv5-sp-d16 -mfloat-abi=hard -mthumb -o "xf/port/common/dispatcher.o"
arm-none-eabi-g++ "C:/Users/sylva/Desktop/CoursHES/InformatiqueC2/work/work/src/simplified/xf/port/common/timeoutmanager.cpp" -mcpu=cortex-m7 -std=gnu++14 -g3 '-D__weak=__attribute__((weak))' '-D__packed=__attribute__((__packed__))' -DUSE_HAL_DRIVER -DSTM32F746xx -c -I"C:/Users/sylva/Desktop/CoursHES/InformatiqueC2/work/work/test-bench/test2/ide-cubeide-test2-idf/../src" -I"C:/Users/sylva/Desktop/CoursHES/InformatiqueC2/work/work/test-bench/test2/ide-cubeide-test2-idf/Core/Inc" -I"C:/Users/sylva/Desktop/CoursHES/InformatiqueC2/work/work/test-bench/test2/ide-cubeide-test2-idf" -I"C:/Users/sylva/Desktop/CoursHES/InformatiqueC2/work/work/src/platform/f7-disco-gcc" -I"C:/Users/sylva/Desktop/CoursHES/InformatiqueC2/work/work/src/platform/f7-disco-gcc/mcu" -I"C:/Users/sylva/Desktop/CoursHES/InformatiqueC2/work/work/test-bench/test2/ide-cubeide-test2-idf/../../../src" -I"C:/Users/sylva/Desktop/CoursHES/InformatiqueC2/work/work/src/simplified/xf/include" -I"C:/Users/sylva/Desktop/CoursHES/InformatiqueC2/work/work/src/simplified/xf/port" -I"C:/Users/sylva/Desktop/CoursHES/InformatiqueC2/work/work/src/simplified/xf/port/common" -I"C:/Users/sylva/Desktop/CoursHES/InformatiqueC2/work/work/src/simplified/xf/port/idf-stm32" -I"C:/Users/sylva/Desktop/CoursHES/InformatiqueC2/work/work/test-bench/test2/ide-cubeide-test2-idf/../../../src/mdw" -I"C:/Users/sylva/Desktop/CoursHES/InformatiqueC2/work/work/test-bench/test2/ide-cubeide-test2-idf/../../../src/mdw/trace" -I"C:/Users/sylva/Desktop/CoursHES/InformatiqueC2/work/work/test-bench/test2/ide-cubeide-test2-idf/../../common" -I"C:/Users/sylva/Desktop/CoursHES/InformatiqueC2/work/work/test-bench/test2/ide-cubeide-test2-idf/Drivers/STM32F7xx_HAL_Driver/Inc" -I"C:/Users/sylva/Desktop/CoursHES/InformatiqueC2/work/work/test-bench/test2/ide-cubeide-test2-idf/Drivers/STM32F7xx_HAL_Driver/Inc/Legacy" -I"C:/Users/sylva/Desktop/CoursHES/InformatiqueC2/work/work/test-bench/test2/ide-cubeide-test2-idf/Drivers/CMSIS/Device/ST/STM32F7xx/Include" -I"C:/Users/sylva/Desktop/CoursHES/InformatiqueC2/work/work/test-bench/test2/ide-cubeide-test2-idf/Drivers/CMSIS/Include" -Og -ffunction-sections -fno-exceptions -fno-rtti -fno-use-cxa-atexit -Wall -fstack-usage -MMD -MP -MF"xf/port/common/timeoutmanager.d" -MT"xf/port/common/timeoutmanager.o" --specs=nano.specs -mfpu=fpv5-sp-d16 -mfloat-abi=hard -mthumb -o "xf/port/common/timeoutmanager.o"
arm-none-eabi-g++ "C:/Users/sylva/Desktop/CoursHES/InformatiqueC2/work/work/src/simplified/xf/core/behavior.cpp" -mcpu=cortex-m7 -std=gnu++14 -g3 '-D__weak=__attribute__((weak))' '-D__packed=__attribute__((__packed__))' -DUSE_HAL_DRIVER -DSTM32F746xx -c -I"C:/Users/sylva/Desktop/CoursHES/InformatiqueC2/work/work/test-bench/test2/ide-cubeide-test2-idf/../src" -I"C:/Users/sylva/Desktop/CoursHES/InformatiqueC2/work/work/test-bench/test2/ide-cubeide-test2-idf/Core/Inc" -I"C:/Users/sylva/Desktop/CoursHES/InformatiqueC2/work/work/test-bench/test2/ide-cubeide-test2-idf" -I"C:/Users/sylva/Desktop/CoursHES/InformatiqueC2/work/work/src/platform/f7-disco-gcc" -I"C:/Users/sylva/Desktop/CoursHES/InformatiqueC2/work/work/src/platform/f7-disco-gcc/mcu" -I"C:/Users/sylva/Desktop/CoursHES/InformatiqueC2/work/work/test-bench/test2/ide-cubeide-test2-idf/../../../src" -I"C:/Users/sylva/Desktop/CoursHES/InformatiqueC2/work/work/src/simplified/xf/include" -I"C:/Users/sylva/Desktop/CoursHES/InformatiqueC2/work/work/src/simplified/xf/port" -I"C:/Users/sylva/Desktop/CoursHES/InformatiqueC2/work/work/src/simplified/xf/port/common" -I"C:/Users/sylva/Desktop/CoursHES/InformatiqueC2/work/work/src/simplified/xf/port/idf-stm32" -I"C:/Users/sylva/Desktop/CoursHES/InformatiqueC2/work/work/test-bench/test2/ide-cubeide-test2-idf/../../../src/mdw" -I"C:/Users/sylva/Desktop/CoursHES/InformatiqueC2/work/work/test-bench/test2/ide-cubeide-test2-idf/../../../src/mdw/trace" -I"C:/Users/sylva/Desktop/CoursHES/InformatiqueC2/work/work/test-bench/test2/ide-cubeide-test2-idf/../../common" -I"C:/Users/sylva/Desktop/CoursHES/InformatiqueC2/work/work/test-bench/test2/ide-cubeide-test2-idf/Drivers/STM32F7xx_HAL_Driver/Inc" -I"C:/Users/sylva/Desktop/CoursHES/InformatiqueC2/work/work/test-bench/test2/ide-cubeide-test2-idf/Drivers/STM32F7xx_HAL_Driver/Inc/Legacy" -I"C:/Users/sylva/Desktop/CoursHES/InformatiqueC2/work/work/test-bench/test2/ide-cubeide-test2-idf/Drivers/CMSIS/Device/ST/STM32F7xx/Include" -I"C:/Users/sylva/Desktop/CoursHES/InformatiqueC2/work/work/test-bench/test2/ide-cubeide-test2-idf/Drivers/CMSIS/Include" -Og -ffunction-sections -fno-exceptions -fno-rtti -fno-use-cxa-atexit -Wall -fstack-usage -MMD -MP -MF"xf/core/behavior.d" -MT"xf/core/behavior.o" --specs=nano.specs -mfpu=fpv5-sp-d16 -mfloat-abi=hard -mthumb -o "xf/core/behavior.o"
arm-none-eabi-g++ "C:/Users/sylva/Desktop/CoursHES/InformatiqueC2/work/work/src/simplified/xf/core/customevent.cpp" -mcpu=cortex-m7 -std=gnu++14 -g3 '-D__weak=__attribute__((weak))' '-D__packed=__attribute__((__packed__))' -DUSE_HAL_DRIVER -DSTM32F746xx -c -I"C:/Users/sylva/Desktop/CoursHES/InformatiqueC2/work/work/test-bench/test2/ide-cubeide-test2-idf/../src" -I"C:/Users/sylva/Desktop/CoursHES/InformatiqueC2/work/work/test-bench/test2/ide-cubeide-test2-idf/Core/Inc" -I"C:/Users/sylva/Desktop/CoursHES/InformatiqueC2/work/work/test-bench/test2/ide-cubeide-test2-idf" -I"C:/Users/sylva/Desktop/CoursHES/InformatiqueC2/work/work/src/platform/f7-disco-gcc" -I"C:/Users/sylva/Desktop/CoursHES/InformatiqueC2/work/work/src/platform/f7-disco-gcc/mcu" -I"C:/Users/sylva/Desktop/CoursHES/InformatiqueC2/work/work/test-bench/test2/ide-cubeide-test2-idf/../../../src" -I"C:/Users/sylva/Desktop/CoursHES/InformatiqueC2/work/work/src/simplified/xf/include" -I"C:/Users/sylva/Desktop/CoursHES/InformatiqueC2/work/work/src/simplified/xf/port" -I"C:/Users/sylva/Desktop/CoursHES/InformatiqueC2/work/work/src/simplified/xf/port/common" -I"C:/Users/sylva/Desktop/CoursHES/InformatiqueC2/work/work/src/simplified/xf/port/idf-stm32" -I"C:/Users/sylva/Desktop/CoursHES/InformatiqueC2/work/work/test-bench/test2/ide-cubeide-test2-idf/../../../src/mdw" -I"C:/Users/sylva/Desktop/CoursHES/InformatiqueC2/work/work/test-bench/test2/ide-cubeide-test2-idf/../../../src/mdw/trace" -I"C:/Users/sylva/Desktop/CoursHES/InformatiqueC2/work/work/test-bench/test2/ide-cubeide-test2-idf/../../common" -I"C:/Users/sylva/Desktop/CoursHES/InformatiqueC2/work/work/test-bench/test2/ide-cubeide-test2-idf/Drivers/STM32F7xx_HAL_Driver/Inc" -I"C:/Users/sylva/Desktop/CoursHES/InformatiqueC2/work/work/test-bench/test2/ide-cubeide-test2-idf/Drivers/STM32F7xx_HAL_Driver/Inc/Legacy" -I"C:/Users/sylva/Desktop/CoursHES/InformatiqueC2/work/work/test-bench/test2/ide-cubeide-test2-idf/Drivers/CMSIS/Device/ST/STM32F7xx/Include" -I"C:/Users/sylva/Desktop/CoursHES/InformatiqueC2/work/work/test-bench/test2/ide-cubeide-test2-idf/Drivers/CMSIS/Include" -Og -ffunction-sections -fno-exceptions -fno-rtti -fno-use-cxa-atexit -Wall -fstack-usage -MMD -MP -MF"xf/core/customevent.d" -MT"xf/core/customevent.o" --specs=nano.specs -mfpu=fpv5-sp-d16 -mfloat-abi=hard -mthumb -o "xf/core/customevent.o"
arm-none-eabi-g++ "C:/Users/sylva/Desktop/CoursHES/InformatiqueC2/work/work/src/simplified/xf/core/defaulttransition.cpp" -mcpu=cortex-m7 -std=gnu++14 -g3 '-D__weak=__attribute__((weak))' '-D__packed=__attribute__((__packed__))' -DUSE_HAL_DRIVER -DSTM32F746xx -c -I"C:/Users/sylva/Desktop/CoursHES/InformatiqueC2/work/work/test-bench/test2/ide-cubeide-test2-idf/../src" -I"C:/Users/sylva/Desktop/CoursHES/InformatiqueC2/work/work/test-bench/test2/ide-cubeide-test2-idf/Core/Inc" -I"C:/Users/sylva/Desktop/CoursHES/InformatiqueC2/work/work/test-bench/test2/ide-cubeide-test2-idf" -I"C:/Users/sylva/Desktop/CoursHES/InformatiqueC2/work/work/src/platform/f7-disco-gcc" -I"C:/Users/sylva/Desktop/CoursHES/InformatiqueC2/work/work/src/platform/f7-disco-gcc/mcu" -I"C:/Users/sylva/Desktop/CoursHES/InformatiqueC2/work/work/test-bench/test2/ide-cubeide-test2-idf/../../../src" -I"C:/Users/sylva/Desktop/CoursHES/InformatiqueC2/work/work/src/simplified/xf/include" -I"C:/Users/sylva/Desktop/CoursHES/InformatiqueC2/work/work/src/simplified/xf/port" -I"C:/Users/sylva/Desktop/CoursHES/InformatiqueC2/work/work/src/simplified/xf/port/common" -I"C:/Users/sylva/Desktop/CoursHES/InformatiqueC2/work/work/src/simplified/xf/port/idf-stm32" -I"C:/Users/sylva/Desktop/CoursHES/InformatiqueC2/work/work/test-bench/test2/ide-cubeide-test2-idf/../../../src/mdw" -I"C:/Users/sylva/Desktop/CoursHES/InformatiqueC2/work/work/test-bench/test2/ide-cubeide-test2-idf/../../../src/mdw/trace" -I"C:/Users/sylva/Desktop/CoursHES/InformatiqueC2/work/work/test-bench/test2/ide-cubeide-test2-idf/../../common" -I"C:/Users/sylva/Desktop/CoursHES/InformatiqueC2/work/work/test-bench/test2/ide-cubeide-test2-idf/Drivers/STM32F7xx_HAL_Driver/Inc" -I"C:/Users/sylva/Desktop/CoursHES/InformatiqueC2/work/work/test-bench/test2/ide-cubeide-test2-idf/Drivers/STM32F7xx_HAL_Driver/Inc/Legacy" -I"C:/Users/sylva/Desktop/CoursHES/InformatiqueC2/work/work/test-bench/test2/ide-cubeide-test2-idf/Drivers/CMSIS/Device/ST/STM32F7xx/Include" -I"C:/Users/sylva/Desktop/CoursHES/InformatiqueC2/work/work/test-bench/test2/ide-cubeide-test2-idf/Drivers/CMSIS/Include" -Og -ffunction-sections -fno-exceptions -fno-rtti -fno-use-cxa-atexit -Wall -fstack-usage -MMD -MP -MF"xf/core/defaulttransition.d" -MT"xf/core/defaulttransition.o" --specs=nano.specs -mfpu=fpv5-sp-d16 -mfloat-abi=hard -mthumb -o "xf/core/defaulttransition.o"
arm-none-eabi-g++ "C:/Users/sylva/Desktop/CoursHES/InformatiqueC2/work/work/src/simplified/xf/core/initialevent.cpp" -mcpu=cortex-m7 -std=gnu++14 -g3 '-D__weak=__attribute__((weak))' '-D__packed=__attribute__((__packed__))' -DUSE_HAL_DRIVER -DSTM32F746xx -c -I"C:/Users/sylva/Desktop/CoursHES/InformatiqueC2/work/work/test-bench/test2/ide-cubeide-test2-idf/../src" -I"C:/Users/sylva/Desktop/CoursHES/InformatiqueC2/work/work/test-bench/test2/ide-cubeide-test2-idf/Core/Inc" -I"C:/Users/sylva/Desktop/CoursHES/InformatiqueC2/work/work/test-bench/test2/ide-cubeide-test2-idf" -I"C:/Users/sylva/Desktop/CoursHES/InformatiqueC2/work/work/src/platform/f7-disco-gcc" -I"C:/Users/sylva/Desktop/CoursHES/InformatiqueC2/work/work/src/platform/f7-disco-gcc/mcu" -I"C:/Users/sylva/Desktop/CoursHES/InformatiqueC2/work/work/test-bench/test2/ide-cubeide-test2-idf/../../../src" -I"C:/Users/sylva/Desktop/CoursHES/InformatiqueC2/work/work/src/simplified/xf/include" -I"C:/Users/sylva/Desktop/CoursHES/InformatiqueC2/work/work/src/simplified/xf/port" -I"C:/Users/sylva/Desktop/CoursHES/InformatiqueC2/work/work/src/simplified/xf/port/common" -I"C:/Users/sylva/Desktop/CoursHES/InformatiqueC2/work/work/src/simplified/xf/port/idf-stm32" -I"C:/Users/sylva/Desktop/CoursHES/InformatiqueC2/work/work/test-bench/test2/ide-cubeide-test2-idf/../../../src/mdw" -I"C:/Users/sylva/Desktop/CoursHES/InformatiqueC2/work/work/test-bench/test2/ide-cubeide-test2-idf/../../../src/mdw/trace" -I"C:/Users/sylva/Desktop/CoursHES/InformatiqueC2/work/work/test-bench/test2/ide-cubeide-test2-idf/../../common" -I"C:/Users/sylva/Desktop/CoursHES/InformatiqueC2/work/work/test-bench/test2/ide-cubeide-test2-idf/Drivers/STM32F7xx_HAL_Driver/Inc" -I"C:/Users/sylva/Desktop/CoursHES/InformatiqueC2/work/work/test-bench/test2/ide-cubeide-test2-idf/Drivers/STM32F7xx_HAL_Driver/Inc/Legacy" -I"C:/Users/sylva/Desktop/CoursHES/InformatiqueC2/work/work/test-bench/test2/ide-cubeide-test2-idf/Drivers/CMSIS/Device/ST/STM32F7xx/Include" -I"C:/Users/sylva/Desktop/CoursHES/InformatiqueC2/work/work/test-bench/test2/ide-cubeide-test2-idf/Drivers/CMSIS/Include" -Og -ffunction-sections -fno-exceptions -fno-rtti -fno-use-cxa-atexit -Wall -fstack-usage -MMD -MP -MF"xf/core/initialevent.d" -MT"xf/core/initialevent.o" --specs=nano.specs -mfpu=fpv5-sp-d16 -mfloat-abi=hard -mthumb -o "xf/core/initialevent.o"
arm-none-eabi-g++ "C:/Users/sylva/Desktop/CoursHES/InformatiqueC2/work/work/src/simplified/xf/core/timeout.cpp" -mcpu=cortex-m7 -std=gnu++14 -g3 '-D__weak=__attribute__((weak))' '-D__packed=__attribute__((__packed__))' -DUSE_HAL_DRIVER -DSTM32F746xx -c -I"C:/Users/sylva/Desktop/CoursHES/InformatiqueC2/work/work/test-bench/test2/ide-cubeide-test2-idf/../src" -I"C:/Users/sylva/Desktop/CoursHES/InformatiqueC2/work/work/test-bench/test2/ide-cubeide-test2-idf/Core/Inc" -I"C:/Users/sylva/Desktop/CoursHES/InformatiqueC2/work/work/test-bench/test2/ide-cubeide-test2-idf" -I"C:/Users/sylva/Desktop/CoursHES/InformatiqueC2/work/work/src/platform/f7-disco-gcc" -I"C:/Users/sylva/Desktop/CoursHES/InformatiqueC2/work/work/src/platform/f7-disco-gcc/mcu" -I"C:/Users/sylva/Desktop/CoursHES/InformatiqueC2/work/work/test-bench/test2/ide-cubeide-test2-idf/../../../src" -I"C:/Users/sylva/Desktop/CoursHES/InformatiqueC2/work/work/src/simplified/xf/include" -I"C:/Users/sylva/Desktop/CoursHES/InformatiqueC2/work/work/src/simplified/xf/port" -I"C:/Users/sylva/Desktop/CoursHES/InformatiqueC2/work/work/src/simplified/xf/port/common" -I"C:/Users/sylva/Desktop/CoursHES/InformatiqueC2/work/work/src/simplified/xf/port/idf-stm32" -I"C:/Users/sylva/Desktop/CoursHES/InformatiqueC2/work/work/test-bench/test2/ide-cubeide-test2-idf/../../../src/mdw" -I"C:/Users/sylva/Desktop/CoursHES/InformatiqueC2/work/work/test-bench/test2/ide-cubeide-test2-idf/../../../src/mdw/trace" -I"C:/Users/sylva/Desktop/CoursHES/InformatiqueC2/work/work/test-bench/test2/ide-cubeide-test2-idf/../../common" -I"C:/Users/sylva/Desktop/CoursHES/InformatiqueC2/work/work/test-bench/test2/ide-cubeide-test2-idf/Drivers/STM32F7xx_HAL_Driver/Inc" -I"C:/Users/sylva/Desktop/CoursHES/InformatiqueC2/work/work/test-bench/test2/ide-cubeide-test2-idf/Drivers/STM32F7xx_HAL_Driver/Inc/Legacy" -I"C:/Users/sylva/Desktop/CoursHES/InformatiqueC2/work/work/test-bench/test2/ide-cubeide-test2-idf/Drivers/CMSIS/Device/ST/STM32F7xx/Include" -I"C:/Users/sylva/Desktop/CoursHES/InformatiqueC2/work/work/test-bench/test2/ide-cubeide-test2-idf/Drivers/CMSIS/Include" -Og -ffunction-sections -fno-exceptions -fno-rtti -fno-use-cxa-atexit -Wall -fstack-usage -MMD -MP -MF"xf/core/timeout.d" -MT"xf/core/timeout.o" --specs=nano.specs -mfpu=fpv5-sp-d16 -mfloat-abi=hard -mthumb -o "xf/core/timeout.o"
arm-none-eabi-gcc -mcpu=cortex-m7 -g3 -c -x assembler-with-cpp -MMD -MP -MF"startup/startup_stm32f746xx.d" -MT"startup/startup_stm32f746xx.o" --specs=nano.specs -mfpu=fpv5-sp-d16 -mfloat-abi=hard -mthumb -o "startup/startup_stm32f746xx.o" "../startup/startup_stm32f746xx.s"
arm-none-eabi-g++ "C:/Users/sylva/Desktop/CoursHES/InformatiqueC2/work/work/src/platform/f7-disco-gcc/mcu/hal/uart.cpp" -mcpu=cortex-m7 -std=gnu++14 -g3 '-D__weak=__attribute__((weak))' '-D__packed=__attribute__((__packed__))' -DUSE_HAL_DRIVER -DSTM32F746xx -c -I"C:/Users/sylva/Desktop/CoursHES/InformatiqueC2/work/work/test-bench/test2/ide-cubeide-test2-idf/../src" -I"C:/Users/sylva/Desktop/CoursHES/InformatiqueC2/work/work/test-bench/test2/ide-cubeide-test2-idf/Core/Inc" -I"C:/Users/sylva/Desktop/CoursHES/InformatiqueC2/work/work/test-bench/test2/ide-cubeide-test2-idf" -I"C:/Users/sylva/Desktop/CoursHES/InformatiqueC2/work/work/src/platform/f7-disco-gcc" -I"C:/Users/sylva/Desktop/CoursHES/InformatiqueC2/work/work/src/platform/f7-disco-gcc/mcu" -I"C:/Users/sylva/Desktop/CoursHES/InformatiqueC2/work/work/test-bench/test2/ide-cubeide-test2-idf/../../../src" -I"C:/Users/sylva/Desktop/CoursHES/InformatiqueC2/work/work/src/simplified/xf/include" -I"C:/Users/sylva/Desktop/CoursHES/InformatiqueC2/work/work/src/simplified/xf/port" -I"C:/Users/sylva/Desktop/CoursHES/InformatiqueC2/work/work/src/simplified/xf/port/common" -I"C:/Users/sylva/Desktop/CoursHES/InformatiqueC2/work/work/src/simplified/xf/port/idf-stm32" -I"C:/Users/sylva/Desktop/CoursHES/InformatiqueC2/work/work/test-bench/test2/ide-cubeide-test2-idf/../../../src/mdw" -I"C:/Users/sylva/Desktop/CoursHES/InformatiqueC2/work/work/test-bench/test2/ide-cubeide-test2-idf/../../../src/mdw/trace" -I"C:/Users/sylva/Desktop/CoursHES/InformatiqueC2/work/work/test-bench/test2/ide-cubeide-test2-idf/../../common" -I"C:/Users/sylva/Desktop/CoursHES/InformatiqueC2/work/work/test-bench/test2/ide-cubeide-test2-idf/Drivers/STM32F7xx_HAL_Driver/Inc" -I"C:/Users/sylva/Desktop/CoursHES/InformatiqueC2/work/work/test-bench/test2/ide-cubeide-test2-idf/Drivers/STM32F7xx_HAL_Driver/Inc/Legacy" -I"C:/Users/sylva/Desktop/CoursHES/InformatiqueC2/work/work/test-bench/test2/ide-cubeide-test2-idf/Drivers/CMSIS/Device/ST/STM32F7xx/Include" -I"C:/Users/sylva/Desktop/CoursHES/InformatiqueC2/work/work/test-bench/test2/ide-cubeide-test2-idf/Drivers/CMSIS/Include" -Og -ffunction-sections -fno-exceptions -fno-rtti -fno-use-cxa-atexit -Wall -fstack-usage -MMD -MP -MF"platform/f7-disco-gcc/mcu/hal/uart.d" -MT"platform/f7-disco-gcc/mcu/hal/uart.o" --specs=nano.specs -mfpu=fpv5-sp-d16 -mfloat-abi=hard -mthumb -o "platform/f7-disco-gcc/mcu/hal/uart.o"
arm-none-eabi-g++ "C:/Users/sylva/Desktop/CoursHES/InformatiqueC2/work/work/src/platform/f7-disco-gcc/mcu/critical/critical.cpp" -mcpu=cortex-m7 -std=gnu++14 -g3 '-D__weak=__attribute__((weak))' '-D__packed=__attribute__((__packed__))' -DUSE_HAL_DRIVER -DSTM32F746xx -c -I"C:/Users/sylva/Desktop/CoursHES/InformatiqueC2/work/work/test-bench/test2/ide-cubeide-test2-idf/../src" -I"C:/Users/sylva/Desktop/CoursHES/InformatiqueC2/work/work/test-bench/test2/ide-cubeide-test2-idf/Core/Inc" -I"C:/Users/sylva/Desktop/CoursHES/InformatiqueC2/work/work/test-bench/test2/ide-cubeide-test2-idf" -I"C:/Users/sylva/Desktop/CoursHES/InformatiqueC2/work/work/src/platform/f7-disco-gcc" -I"C:/Users/sylva/Desktop/CoursHES/InformatiqueC2/work/work/src/platform/f7-disco-gcc/mcu" -I"C:/Users/sylva/Desktop/CoursHES/InformatiqueC2/work/work/test-bench/test2/ide-cubeide-test2-idf/../../../src" -I"C:/Users/sylva/Desktop/CoursHES/InformatiqueC2/work/work/src/simplified/xf/include" -I"C:/Users/sylva/Desktop/CoursHES/InformatiqueC2/work/work/src/simplified/xf/port" -I"C:/Users/sylva/Desktop/CoursHES/InformatiqueC2/work/work/src/simplified/xf/port/common" -I"C:/Users/sylva/Desktop/CoursHES/InformatiqueC2/work/work/src/simplified/xf/port/idf-stm32" -I"C:/Users/sylva/Desktop/CoursHES/InformatiqueC2/work/work/test-bench/test2/ide-cubeide-test2-idf/../../../src/mdw" -I"C:/Users/sylva/Desktop/CoursHES/InformatiqueC2/work/work/test-bench/test2/ide-cubeide-test2-idf/../../../src/mdw/trace" -I"C:/Users/sylva/Desktop/CoursHES/InformatiqueC2/work/work/test-bench/test2/ide-cubeide-test2-idf/../../common" -I"C:/Users/sylva/Desktop/CoursHES/InformatiqueC2/work/work/test-bench/test2/ide-cubeide-test2-idf/Drivers/STM32F7xx_HAL_Driver/Inc" -I"C:/Users/sylva/Desktop/CoursHES/InformatiqueC2/work/work/test-bench/test2/ide-cubeide-test2-idf/Drivers/STM32F7xx_HAL_Driver/Inc/Legacy" -I"C:/Users/sylva/Desktop/CoursHES/InformatiqueC2/work/work/test-bench/test2/ide-cubeide-test2-idf/Drivers/CMSIS/Device/ST/STM32F7xx/Include" -I"C:/Users/sylva/Desktop/CoursHES/InformatiqueC2/work/work/test-bench/test2/ide-cubeide-test2-idf/Drivers/CMSIS/Include" -Og -ffunction-sections -fno-exceptions -fno-rtti -fno-use-cxa-atexit -Wall -fstack-usage -MMD -MP -MF"platform/f7-disco-gcc/mcu/critical/critical.d" -MT"platform/f7-disco-gcc/mcu/critical/critical.o" --specs=nano.specs -mfpu=fpv5-sp-d16 -mfloat-abi=hard -mthumb -o "platform/f7-disco-gcc/mcu/critical/critical.o"
arm-none-eabi-g++ "C:/Users/sylva/Desktop/CoursHES/InformatiqueC2/work/work/src/platform/f7-disco-gcc/board/ledcontroller.cpp" -mcpu=cortex-m7 -std=gnu++14 -g3 '-D__weak=__attribute__((weak))' '-D__packed=__attribute__((__packed__))' -DUSE_HAL_DRIVER -DSTM32F746xx -c -I"C:/Users/sylva/Desktop/CoursHES/InformatiqueC2/work/work/test-bench/test2/ide-cubeide-test2-idf/../src" -I"C:/Users/sylva/Desktop/CoursHES/InformatiqueC2/work/work/test-bench/test2/ide-cubeide-test2-idf/Core/Inc" -I"C:/Users/sylva/Desktop/CoursHES/InformatiqueC2/work/work/test-bench/test2/ide-cubeide-test2-idf" -I"C:/Users/sylva/Desktop/CoursHES/InformatiqueC2/work/work/src/platform/f7-disco-gcc" -I"C:/Users/sylva/Desktop/CoursHES/InformatiqueC2/work/work/src/platform/f7-disco-gcc/mcu" -I"C:/Users/sylva/Desktop/CoursHES/InformatiqueC2/work/work/test-bench/test2/ide-cubeide-test2-idf/../../../src" -I"C:/Users/sylva/Desktop/CoursHES/InformatiqueC2/work/work/src/simplified/xf/include" -I"C:/Users/sylva/Desktop/CoursHES/InformatiqueC2/work/work/src/simplified/xf/port" -I"C:/Users/sylva/Desktop/CoursHES/InformatiqueC2/work/work/src/simplified/xf/port/common" -I"C:/Users/sylva/Desktop/CoursHES/InformatiqueC2/work/work/src/simplified/xf/port/idf-stm32" -I"C:/Users/sylva/Desktop/CoursHES/InformatiqueC2/work/work/test-bench/test2/ide-cubeide-test2-idf/../../../src/mdw" -I"C:/Users/sylva/Desktop/CoursHES/InformatiqueC2/work/work/test-bench/test2/ide-cubeide-test2-idf/../../../src/mdw/trace" -I"C:/Users/sylva/Desktop/CoursHES/InformatiqueC2/work/work/test-bench/test2/ide-cubeide-test2-idf/../../common" -I"C:/Users/sylva/Desktop/CoursHES/InformatiqueC2/work/work/test-bench/test2/ide-cubeide-test2-idf/Drivers/STM32F7xx_HAL_Driver/Inc" -I"C:/Users/sylva/Desktop/CoursHES/InformatiqueC2/work/work/test-bench/test2/ide-cubeide-test2-idf/Drivers/STM32F7xx_HAL_Driver/Inc/Legacy" -I"C:/Users/sylva/Desktop/CoursHES/InformatiqueC2/work/work/test-bench/test2/ide-cubeide-test2-idf/Drivers/CMSIS/Device/ST/STM32F7xx/Include" -I"C:/Users/sylva/Desktop/CoursHES/InformatiqueC2/work/work/test-bench/test2/ide-cubeide-test2-idf/Drivers/CMSIS/Include" -Og -ffunction-sections -fno-exceptions -fno-rtti -fno-use-cxa-atexit -Wall -fstack-usage -MMD -MP -MF"platform/f7-disco-gcc/board/ledcontroller.d" -MT"platform/f7-disco-gcc/board/ledcontroller.o" --specs=nano.specs -mfpu=fpv5-sp-d16 -mfloat-abi=hard -mthumb -o "platform/f7-disco-gcc/board/ledcontroller.o"
arm-none-eabi-g++ "C:/Users/sylva/Desktop/CoursHES/InformatiqueC2/work/work/src/platform/f7-disco-gcc/board/trace.cpp" -mcpu=cortex-m7 -std=gnu++14 -g3 '-D__weak=__attribute__((weak))' '-D__packed=__attribute__((__packed__))' -DUSE_HAL_DRIVER -DSTM32F746xx -c -I"C:/Users/sylva/Desktop/CoursHES/InformatiqueC2/work/work/test-bench/test2/ide-cubeide-test2-idf/../src" -I"C:/Users/sylva/Desktop/CoursHES/InformatiqueC2/work/work/test-bench/test2/ide-cubeide-test2-idf/Core/Inc" -I"C:/Users/sylva/Desktop/CoursHES/InformatiqueC2/work/work/test-bench/test2/ide-cubeide-test2-idf" -I"C:/Users/sylva/Desktop/CoursHES/InformatiqueC2/work/work/src/platform/f7-disco-gcc" -I"C:/Users/sylva/Desktop/CoursHES/InformatiqueC2/work/work/src/platform/f7-disco-gcc/mcu" -I"C:/Users/sylva/Desktop/CoursHES/InformatiqueC2/work/work/test-bench/test2/ide-cubeide-test2-idf/../../../src" -I"C:/Users/sylva/Desktop/CoursHES/InformatiqueC2/work/work/src/simplified/xf/include" -I"C:/Users/sylva/Desktop/CoursHES/InformatiqueC2/work/work/src/simplified/xf/port" -I"C:/Users/sylva/Desktop/CoursHES/InformatiqueC2/work/work/src/simplified/xf/port/common" -I"C:/Users/sylva/Desktop/CoursHES/InformatiqueC2/work/work/src/simplified/xf/port/idf-stm32" -I"C:/Users/sylva/Desktop/CoursHES/InformatiqueC2/work/work/test-bench/test2/ide-cubeide-test2-idf/../../../src/mdw" -I"C:/Users/sylva/Desktop/CoursHES/InformatiqueC2/work/work/test-bench/test2/ide-cubeide-test2-idf/../../../src/mdw/trace" -I"C:/Users/sylva/Desktop/CoursHES/InformatiqueC2/work/work/test-bench/test2/ide-cubeide-test2-idf/../../common" -I"C:/Users/sylva/Desktop/CoursHES/InformatiqueC2/work/work/test-bench/test2/ide-cubeide-test2-idf/Drivers/STM32F7xx_HAL_Driver/Inc" -I"C:/Users/sylva/Desktop/CoursHES/InformatiqueC2/work/work/test-bench/test2/ide-cubeide-test2-idf/Drivers/STM32F7xx_HAL_Driver/Inc/Legacy" -I"C:/Users/sylva/Desktop/CoursHES/InformatiqueC2/work/work/test-bench/test2/ide-cubeide-test2-idf/Drivers/CMSIS/Device/ST/STM32F7xx/Include" -I"C:/Users/sylva/Desktop/CoursHES/InformatiqueC2/work/work/test-bench/test2/ide-cubeide-test2-idf/Drivers/CMSIS/Include" -Og -ffunction-sections -fno-exceptions -fno-rtti -fno-use-cxa-atexit -Wall -fstack-usage -MMD -MP -MF"platform/f7-disco-gcc/board/trace.d" -MT"platform/f7-disco-gcc/board/trace.o" --specs=nano.specs -mfpu=fpv5-sp-d16 -mfloat-abi=hard -mthumb -o "platform/f7-disco-gcc/board/trace.o"
arm-none-eabi-g++ "C:/Users/sylva/Desktop/CoursHES/InformatiqueC2/work/work/src/mdw/trace/examples/trace-example01.cpp" -mcpu=cortex-m7 -std=gnu++14 -g3 '-D__weak=__attribute__((weak))' '-D__packed=__attribute__((__packed__))' -DUSE_HAL_DRIVER -DSTM32F746xx -c -I"C:/Users/sylva/Desktop/CoursHES/InformatiqueC2/work/work/test-bench/test2/ide-cubeide-test2-idf/../src" -I"C:/Users/sylva/Desktop/CoursHES/InformatiqueC2/work/work/test-bench/test2/ide-cubeide-test2-idf/Core/Inc" -I"C:/Users/sylva/Desktop/CoursHES/InformatiqueC2/work/work/test-bench/test2/ide-cubeide-test2-idf" -I"C:/Users/sylva/Desktop/CoursHES/InformatiqueC2/work/work/src/platform/f7-disco-gcc" -I"C:/Users/sylva/Desktop/CoursHES/InformatiqueC2/work/work/src/platform/f7-disco-gcc/mcu" -I"C:/Users/sylva/Desktop/CoursHES/InformatiqueC2/work/work/test-bench/test2/ide-cubeide-test2-idf/../../../src" -I"C:/Users/sylva/Desktop/CoursHES/InformatiqueC2/work/work/src/simplified/xf/include" -I"C:/Users/sylva/Desktop/CoursHES/InformatiqueC2/work/work/src/simplified/xf/port" -I"C:/Users/sylva/Desktop/CoursHES/InformatiqueC2/work/work/src/simplified/xf/port/common" -I"C:/Users/sylva/Desktop/CoursHES/InformatiqueC2/work/work/src/simplified/xf/port/idf-stm32" -I"C:/Users/sylva/Desktop/CoursHES/InformatiqueC2/work/work/test-bench/test2/ide-cubeide-test2-idf/../../../src/mdw" -I"C:/Users/sylva/Desktop/CoursHES/InformatiqueC2/work/work/test-bench/test2/ide-cubeide-test2-idf/../../../src/mdw/trace" -I"C:/Users/sylva/Desktop/CoursHES/InformatiqueC2/work/work/test-bench/test2/ide-cubeide-test2-idf/../../common" -I"C:/Users/sylva/Desktop/CoursHES/InformatiqueC2/work/work/test-bench/test2/ide-cubeide-test2-idf/Drivers/STM32F7xx_HAL_Driver/Inc" -I"C:/Users/sylva/Desktop/CoursHES/InformatiqueC2/work/work/test-bench/test2/ide-cubeide-test2-idf/Drivers/STM32F7xx_HAL_Driver/Inc/Legacy" -I"C:/Users/sylva/Desktop/CoursHES/InformatiqueC2/work/work/test-bench/test2/ide-cubeide-test2-idf/Drivers/CMSIS/Device/ST/STM32F7xx/Include" -I"C:/Users/sylva/Desktop/CoursHES/InformatiqueC2/work/work/test-bench/test2/ide-cubeide-test2-idf/Drivers/CMSIS/Include" -Og -ffunction-sections -fno-exceptions -fno-rtti -fno-use-cxa-atexit -Wall -fstack-usage -MMD -MP -MF"mdw/trace/examples/trace-example01.d" -MT"mdw/trace/examples/trace-example01.o" --specs=nano.specs -mfpu=fpv5-sp-d16 -mfloat-abi=hard -mthumb -o "mdw/trace/examples/trace-example01.o"
arm-none-eabi-g++ "C:/Users/sylva/Desktop/CoursHES/InformatiqueC2/work/work/test-bench/test2/src/app/statemachine02.cpp" -mcpu=cortex-m7 -std=gnu++14 -g3 '-D__weak=__attribute__((weak))' '-D__packed=__attribute__((__packed__))' -DUSE_HAL_DRIVER -DSTM32F746xx -c -I"C:/Users/sylva/Desktop/CoursHES/InformatiqueC2/work/work/test-bench/test2/ide-cubeide-test2-idf/../src" -I"C:/Users/sylva/Desktop/CoursHES/InformatiqueC2/work/work/test-bench/test2/ide-cubeide-test2-idf/Core/Inc" -I"C:/Users/sylva/Desktop/CoursHES/InformatiqueC2/work/work/test-bench/test2/ide-cubeide-test2-idf" -I"C:/Users/sylva/Desktop/CoursHES/InformatiqueC2/work/work/src/platform/f7-disco-gcc" -I"C:/Users/sylva/Desktop/CoursHES/InformatiqueC2/work/work/src/platform/f7-disco-gcc/mcu" -I"C:/Users/sylva/Desktop/CoursHES/InformatiqueC2/work/work/test-bench/test2/ide-cubeide-test2-idf/../../../src" -I"C:/Users/sylva/Desktop/CoursHES/InformatiqueC2/work/work/src/simplified/xf/include" -I"C:/Users/sylva/Desktop/CoursHES/InformatiqueC2/work/work/src/simplified/xf/port" -I"C:/Users/sylva/Desktop/CoursHES/InformatiqueC2/work/work/src/simplified/xf/port/common" -I"C:/Users/sylva/Desktop/CoursHES/InformatiqueC2/work/work/src/simplified/xf/port/idf-stm32" -I"C:/Users/sylva/Desktop/CoursHES/InformatiqueC2/work/work/test-bench/test2/ide-cubeide-test2-idf/../../../src/mdw" -I"C:/Users/sylva/Desktop/CoursHES/InformatiqueC2/work/work/test-bench/test2/ide-cubeide-test2-idf/../../../src/mdw/trace" -I"C:/Users/sylva/Desktop/CoursHES/InformatiqueC2/work/work/test-bench/test2/ide-cubeide-test2-idf/../../common" -I"C:/Users/sylva/Desktop/CoursHES/InformatiqueC2/work/work/test-bench/test2/ide-cubeide-test2-idf/Drivers/STM32F7xx_HAL_Driver/Inc" -I"C:/Users/sylva/Desktop/CoursHES/InformatiqueC2/work/work/test-bench/test2/ide-cubeide-test2-idf/Drivers/STM32F7xx_HAL_Driver/Inc/Legacy" -I"C:/Users/sylva/Desktop/CoursHES/InformatiqueC2/work/work/test-bench/test2/ide-cubeide-test2-idf/Drivers/CMSIS/Device/ST/STM32F7xx/Include" -I"C:/Users/sylva/Desktop/CoursHES/InformatiqueC2/work/work/test-bench/test2/ide-cubeide-test2-idf/Drivers/CMSIS/Include" -Og -ffunction-sections -fno-exceptions -fno-rtti -fno-use-cxa-atexit -Wall -fstack-usage -MMD -MP -MF"app/statemachine02.d" -MT"app/statemachine02.o" --specs=nano.specs -mfpu=fpv5-sp-d16 -mfloat-abi=hard -mthumb -o "app/statemachine02.o"
arm-none-eabi-g++ "C:/Users/sylva/Desktop/CoursHES/InformatiqueC2/work/work/test-bench/test2/src/app/testfactory02.cpp" -mcpu=cortex-m7 -std=gnu++14 -g3 '-D__weak=__attribute__((weak))' '-D__packed=__attribute__((__packed__))' -DUSE_HAL_DRIVER -DSTM32F746xx -c -I"C:/Users/sylva/Desktop/CoursHES/InformatiqueC2/work/work/test-bench/test2/ide-cubeide-test2-idf/../src" -I"C:/Users/sylva/Desktop/CoursHES/InformatiqueC2/work/work/test-bench/test2/ide-cubeide-test2-idf/Core/Inc" -I"C:/Users/sylva/Desktop/CoursHES/InformatiqueC2/work/work/test-bench/test2/ide-cubeide-test2-idf" -I"C:/Users/sylva/Desktop/CoursHES/InformatiqueC2/work/work/src/platform/f7-disco-gcc" -I"C:/Users/sylva/Desktop/CoursHES/InformatiqueC2/work/work/src/platform/f7-disco-gcc/mcu" -I"C:/Users/sylva/Desktop/CoursHES/InformatiqueC2/work/work/test-bench/test2/ide-cubeide-test2-idf/../../../src" -I"C:/Users/sylva/Desktop/CoursHES/InformatiqueC2/work/work/src/simplified/xf/include" -I"C:/Users/sylva/Desktop/CoursHES/InformatiqueC2/work/work/src/simplified/xf/port" -I"C:/Users/sylva/Desktop/CoursHES/InformatiqueC2/work/work/src/simplified/xf/port/common" -I"C:/Users/sylva/Desktop/CoursHES/InformatiqueC2/work/work/src/simplified/xf/port/idf-stm32" -I"C:/Users/sylva/Desktop/CoursHES/InformatiqueC2/work/work/test-bench/test2/ide-cubeide-test2-idf/../../../src/mdw" -I"C:/Users/sylva/Desktop/CoursHES/InformatiqueC2/work/work/test-bench/test2/ide-cubeide-test2-idf/../../../src/mdw/trace" -I"C:/Users/sylva/Desktop/CoursHES/InformatiqueC2/work/work/test-bench/test2/ide-cubeide-test2-idf/../../common" -I"C:/Users/sylva/Desktop/CoursHES/InformatiqueC2/work/work/test-bench/test2/ide-cubeide-test2-idf/Drivers/STM32F7xx_HAL_Driver/Inc" -I"C:/Users/sylva/Desktop/CoursHES/InformatiqueC2/work/work/test-bench/test2/ide-cubeide-test2-idf/Drivers/STM32F7xx_HAL_Driver/Inc/Legacy" -I"C:/Users/sylva/Desktop/CoursHES/InformatiqueC2/work/work/test-bench/test2/ide-cubeide-test2-idf/Drivers/CMSIS/Device/ST/STM32F7xx/Include" -I"C:/Users/sylva/Desktop/CoursHES/InformatiqueC2/work/work/test-bench/test2/ide-cubeide-test2-idf/Drivers/CMSIS/Include" -Og -ffunction-sections -fno-exceptions -fno-rtti -fno-use-cxa-atexit -Wall -fstack-usage -MMD -MP -MF"app/testfactory02.d" -MT"app/testfactory02.o" --specs=nano.specs -mfpu=fpv5-sp-d16 -mfloat-abi=hard -mthumb -o "app/testfactory02.o"
arm-none-eabi-gcc "../Drivers/STM32F7xx_HAL_Driver/Src/stm32f7xx_hal.c" -mcpu=cortex-m7 -std=gnu11 -g3 '-D__weak=__attribute__((weak))' '-D__packed=__attribute__((__packed__))' -DUSE_HAL_DRIVER -DSTM32F746xx -c -I"C:/Users/sylva/Desktop/CoursHES/InformatiqueC2/work/work/test-bench/test2/ide-cubeide-test2-idf/../src" -I"C:/Users/sylva/Desktop/CoursHES/InformatiqueC2/work/work/test-bench/test2/ide-cubeide-test2-idf/Core/Inc" -I"C:/Users/sylva/Desktop/CoursHES/InformatiqueC2/work/work/test-bench/test2/ide-cubeide-test2-idf" -I"C:/Users/sylva/Desktop/CoursHES/InformatiqueC2/work/work/src/platform/f7-disco-gcc" -I"C:/Users/sylva/Desktop/CoursHES/InformatiqueC2/work/work/src/platform/f7-disco-gcc/mcu" -I"C:/Users/sylva/Desktop/CoursHES/InformatiqueC2/work/work/test-bench/test2/ide-cubeide-test2-idf/../../../src" -I"C:/Users/sylva/Desktop/CoursHES/InformatiqueC2/work/work/src/simplified/xf/include" -I"C:/Users/sylva/Desktop/CoursHES/InformatiqueC2/work/work/src/simplified/xf/port" -I"C:/Users/sylva/Desktop/CoursHES/InformatiqueC2/work/work/src/simplified/xf/port/common" -I"C:/Users/sylva/Desktop/CoursHES/InformatiqueC2/work/work/src/simplified/xf/port/idf-stm32" -I"C:/Users/sylva/Desktop/CoursHES/InformatiqueC2/work/work/test-bench/test2/ide-cubeide-test2-idf/../../../src/mdw" -I"C:/Users/sylva/Desktop/CoursHES/InformatiqueC2/work/work/test-bench/test2/ide-cubeide-test2-idf/../../../src/mdw/trace" -I"C:/Users/sylva/Desktop/CoursHES/InformatiqueC2/work/work/test-bench/test2/ide-cubeide-test2-idf/../../common" -I"C:/Users/sylva/Desktop/CoursHES/InformatiqueC2/work/work/test-bench/test2/ide-cubeide-test2-idf/Drivers/STM32F7xx_HAL_Driver/Inc" -I"C:/Users/sylva/Desktop/CoursHES/InformatiqueC2/work/work/test-bench/test2/ide-cubeide-test2-idf/Drivers/STM32F7xx_HAL_Driver/Inc/Legacy" -I"C:/Users/sylva/Desktop/CoursHES/InformatiqueC2/work/work/test-bench/test2/ide-cubeide-test2-idf/Drivers/CMSIS/Device/ST/STM32F7xx/Include" -I"C:/Users/sylva/Desktop/CoursHES/InformatiqueC2/work/work/test-bench/test2/ide-cubeide-test2-idf/Drivers/CMSIS/Include" -Og -ffunction-sections -Wall -fstack-usage -MMD -MP -MF"Drivers/STM32F7xx_HAL_Driver/Src/stm32f7xx_hal.d" -MT"Drivers/STM32F7xx_HAL_Driver/Src/stm32f7xx_hal.o" --specs=nano.specs -mfpu=fpv5-sp-d16 -mfloat-abi=hard -mthumb -o "Drivers/STM32F7xx_HAL_Driver/Src/stm32f7xx_hal.o"
arm-none-eabi-gcc "../Drivers/STM32F7xx_HAL_Driver/Src/stm32f7xx_hal_cortex.c" -mcpu=cortex-m7 -std=gnu11 -g3 '-D__weak=__attribute__((weak))' '-D__packed=__attribute__((__packed__))' -DUSE_HAL_DRIVER -DSTM32F746xx -c -I"C:/Users/sylva/Desktop/CoursHES/InformatiqueC2/work/work/test-bench/test2/ide-cubeide-test2-idf/../src" -I"C:/Users/sylva/Desktop/CoursHES/InformatiqueC2/work/work/test-bench/test2/ide-cubeide-test2-idf/Core/Inc" -I"C:/Users/sylva/Desktop/CoursHES/InformatiqueC2/work/work/test-bench/test2/ide-cubeide-test2-idf" -I"C:/Users/sylva/Desktop/CoursHES/InformatiqueC2/work/work/src/platform/f7-disco-gcc" -I"C:/Users/sylva/Desktop/CoursHES/InformatiqueC2/work/work/src/platform/f7-disco-gcc/mcu" -I"C:/Users/sylva/Desktop/CoursHES/InformatiqueC2/work/work/test-bench/test2/ide-cubeide-test2-idf/../../../src" -I"C:/Users/sylva/Desktop/CoursHES/InformatiqueC2/work/work/src/simplified/xf/include" -I"C:/Users/sylva/Desktop/CoursHES/InformatiqueC2/work/work/src/simplified/xf/port" -I"C:/Users/sylva/Desktop/CoursHES/InformatiqueC2/work/work/src/simplified/xf/port/common" -I"C:/Users/sylva/Desktop/CoursHES/InformatiqueC2/work/work/src/simplified/xf/port/idf-stm32" -I"C:/Users/sylva/Desktop/CoursHES/InformatiqueC2/work/work/test-bench/test2/ide-cubeide-test2-idf/../../../src/mdw" -I"C:/Users/sylva/Desktop/CoursHES/InformatiqueC2/work/work/test-bench/test2/ide-cubeide-test2-idf/../../../src/mdw/trace" -I"C:/Users/sylva/Desktop/CoursHES/InformatiqueC2/work/work/test-bench/test2/ide-cubeide-test2-idf/../../common" -I"C:/Users/sylva/Desktop/CoursHES/InformatiqueC2/work/work/test-bench/test2/ide-cubeide-test2-idf/Drivers/STM32F7xx_HAL_Driver/Inc" -I"C:/Users/sylva/Desktop/CoursHES/InformatiqueC2/work/work/test-bench/test2/ide-cubeide-test2-idf/Drivers/STM32F7xx_HAL_Driver/Inc/Legacy" -I"C:/Users/sylva/Desktop/CoursHES/InformatiqueC2/work/work/test-bench/test2/ide-cubeide-test2-idf/Drivers/CMSIS/Device/ST/STM32F7xx/Include" -I"C:/Users/sylva/Desktop/CoursHES/InformatiqueC2/work/work/test-bench/test2/ide-cubeide-test2-idf/Drivers/CMSIS/Include" -Og -ffunction-sections -Wall -fstack-usage -MMD -MP -MF"Drivers/STM32F7xx_HAL_Driver/Src/stm32f7xx_hal_cortex.d" -MT"Drivers/STM32F7xx_HAL_Driver/Src/stm32f7xx_hal_cortex.o" --specs=nano.specs -mfpu=fpv5-sp-d16 -mfloat-abi=hard -mthumb -o "Drivers/STM32F7xx_HAL_Driver/Src/stm32f7xx_hal_cortex.o"
arm-none-eabi-gcc "../Drivers/STM32F7xx_HAL_Driver/Src/stm32f7xx_hal_dma.c" -mcpu=cortex-m7 -std=gnu11 -g3 '-D__weak=__attribute__((weak))' '-D__packed=__attribute__((__packed__))' -DUSE_HAL_DRIVER -DSTM32F746xx -c -I"C:/Users/sylva/Desktop/CoursHES/InformatiqueC2/work/work/test-bench/test2/ide-cubeide-test2-idf/../src" -I"C:/Users/sylva/Desktop/CoursHES/InformatiqueC2/work/work/test-bench/test2/ide-cubeide-test2-idf/Core/Inc" -I"C:/Users/sylva/Desktop/CoursHES/InformatiqueC2/work/work/test-bench/test2/ide-cubeide-test2-idf" -I"C:/Users/sylva/Desktop/CoursHES/InformatiqueC2/work/work/src/platform/f7-disco-gcc" -I"C:/Users/sylva/Desktop/CoursHES/InformatiqueC2/work/work/src/platform/f7-disco-gcc/mcu" -I"C:/Users/sylva/Desktop/CoursHES/InformatiqueC2/work/work/test-bench/test2/ide-cubeide-test2-idf/../../../src" -I"C:/Users/sylva/Desktop/CoursHES/InformatiqueC2/work/work/src/simplified/xf/include" -I"C:/Users/sylva/Desktop/CoursHES/InformatiqueC2/work/work/src/simplified/xf/port" -I"C:/Users/sylva/Desktop/CoursHES/InformatiqueC2/work/work/src/simplified/xf/port/common" -I"C:/Users/sylva/Desktop/CoursHES/InformatiqueC2/work/work/src/simplified/xf/port/idf-stm32" -I"C:/Users/sylva/Desktop/CoursHES/InformatiqueC2/work/work/test-bench/test2/ide-cubeide-test2-idf/../../../src/mdw" -I"C:/Users/sylva/Desktop/CoursHES/InformatiqueC2/work/work/test-bench/test2/ide-cubeide-test2-idf/../../../src/mdw/trace" -I"C:/Users/sylva/Desktop/CoursHES/InformatiqueC2/work/work/test-bench/test2/ide-cubeide-test2-idf/../../common" -I"C:/Users/sylva/Desktop/CoursHES/InformatiqueC2/work/work/test-bench/test2/ide-cubeide-test2-idf/Drivers/STM32F7xx_HAL_Driver/Inc" -I"C:/Users/sylva/Desktop/CoursHES/InformatiqueC2/work/work/test-bench/test2/ide-cubeide-test2-idf/Drivers/STM32F7xx_HAL_Driver/Inc/Legacy" -I"C:/Users/sylva/Desktop/CoursHES/InformatiqueC2/work/work/test-bench/test2/ide-cubeide-test2-idf/Drivers/CMSIS/Device/ST/STM32F7xx/Include" -I"C:/Users/sylva/Desktop/CoursHES/InformatiqueC2/work/work/test-bench/test2/ide-cubeide-test2-idf/Drivers/CMSIS/Include" -Og -ffunction-sections -Wall -fstack-usage -MMD -MP -MF"Drivers/STM32F7xx_HAL_Driver/Src/stm32f7xx_hal_dma.d" -MT"Drivers/STM32F7xx_HAL_Driver/Src/stm32f7xx_hal_dma.o" --specs=nano.specs -mfpu=fpv5-sp-d16 -mfloat-abi=hard -mthumb -o "Drivers/STM32F7xx_HAL_Driver/Src/stm32f7xx_hal_dma.o"
arm-none-eabi-gcc "../Drivers/STM32F7xx_HAL_Driver/Src/stm32f7xx_hal_dma_ex.c" -mcpu=cortex-m7 -std=gnu11 -g3 '-D__weak=__attribute__((weak))' '-D__packed=__attribute__((__packed__))' -DUSE_HAL_DRIVER -DSTM32F746xx -c -I"C:/Users/sylva/Desktop/CoursHES/InformatiqueC2/work/work/test-bench/test2/ide-cubeide-test2-idf/../src" -I"C:/Users/sylva/Desktop/CoursHES/InformatiqueC2/work/work/test-bench/test2/ide-cubeide-test2-idf/Core/Inc" -I"C:/Users/sylva/Desktop/CoursHES/InformatiqueC2/work/work/test-bench/test2/ide-cubeide-test2-idf" -I"C:/Users/sylva/Desktop/CoursHES/InformatiqueC2/work/work/src/platform/f7-disco-gcc" -I"C:/Users/sylva/Desktop/CoursHES/InformatiqueC2/work/work/src/platform/f7-disco-gcc/mcu" -I"C:/Users/sylva/Desktop/CoursHES/InformatiqueC2/work/work/test-bench/test2/ide-cubeide-test2-idf/../../../src" -I"C:/Users/sylva/Desktop/CoursHES/InformatiqueC2/work/work/src/simplified/xf/include" -I"C:/Users/sylva/Desktop/CoursHES/InformatiqueC2/work/work/src/simplified/xf/port" -I"C:/Users/sylva/Desktop/CoursHES/InformatiqueC2/work/work/src/simplified/xf/port/common" -I"C:/Users/sylva/Desktop/CoursHES/InformatiqueC2/work/work/src/simplified/xf/port/idf-stm32" -I"C:/Users/sylva/Desktop/CoursHES/InformatiqueC2/work/work/test-bench/test2/ide-cubeide-test2-idf/../../../src/mdw" -I"C:/Users/sylva/Desktop/CoursHES/InformatiqueC2/work/work/test-bench/test2/ide-cubeide-test2-idf/../../../src/mdw/trace" -I"C:/Users/sylva/Desktop/CoursHES/InformatiqueC2/work/work/test-bench/test2/ide-cubeide-test2-idf/../../common" -I"C:/Users/sylva/Desktop/CoursHES/InformatiqueC2/work/work/test-bench/test2/ide-cubeide-test2-idf/Drivers/STM32F7xx_HAL_Driver/Inc" -I"C:/Users/sylva/Desktop/CoursHES/InformatiqueC2/work/work/test-bench/test2/ide-cubeide-test2-idf/Drivers/STM32F7xx_HAL_Driver/Inc/Legacy" -I"C:/Users/sylva/Desktop/CoursHES/InformatiqueC2/work/work/test-bench/test2/ide-cubeide-test2-idf/Drivers/CMSIS/Device/ST/STM32F7xx/Include" -I"C:/Users/sylva/Desktop/CoursHES/InformatiqueC2/work/work/test-bench/test2/ide-cubeide-test2-idf/Drivers/CMSIS/Include" -Og -ffunction-sections -Wall -fstack-usage -MMD -MP -MF"Drivers/STM32F7xx_HAL_Driver/Src/stm32f7xx_hal_dma_ex.d" -MT"Drivers/STM32F7xx_HAL_Driver/Src/stm32f7xx_hal_dma_ex.o" --specs=nano.specs -mfpu=fpv5-sp-d16 -mfloat-abi=hard -mthumb -o "Drivers/STM32F7xx_HAL_Driver/Src/stm32f7xx_hal_dma_ex.o"
arm-none-eabi-gcc "../Drivers/STM32F7xx_HAL_Driver/Src/stm32f7xx_hal_exti.c" -mcpu=cortex-m7 -std=gnu11 -g3 '-D__weak=__attribute__((weak))' '-D__packed=__attribute__((__packed__))' -DUSE_HAL_DRIVER -DSTM32F746xx -c -I"C:/Users/sylva/Desktop/CoursHES/InformatiqueC2/work/work/test-bench/test2/ide-cubeide-test2-idf/../src" -I"C:/Users/sylva/Desktop/CoursHES/InformatiqueC2/work/work/test-bench/test2/ide-cubeide-test2-idf/Core/Inc" -I"C:/Users/sylva/Desktop/CoursHES/InformatiqueC2/work/work/test-bench/test2/ide-cubeide-test2-idf" -I"C:/Users/sylva/Desktop/CoursHES/InformatiqueC2/work/work/src/platform/f7-disco-gcc" -I"C:/Users/sylva/Desktop/CoursHES/InformatiqueC2/work/work/src/platform/f7-disco-gcc/mcu" -I"C:/Users/sylva/Desktop/CoursHES/InformatiqueC2/work/work/test-bench/test2/ide-cubeide-test2-idf/../../../src" -I"C:/Users/sylva/Desktop/CoursHES/InformatiqueC2/work/work/src/simplified/xf/include" -I"C:/Users/sylva/Desktop/CoursHES/InformatiqueC2/work/work/src/simplified/xf/port" -I"C:/Users/sylva/Desktop/CoursHES/InformatiqueC2/work/work/src/simplified/xf/port/common" -I"C:/Users/sylva/Desktop/CoursHES/InformatiqueC2/work/work/src/simplified/xf/port/idf-stm32" -I"C:/Users/sylva/Desktop/CoursHES/InformatiqueC2/work/work/test-bench/test2/ide-cubeide-test2-idf/../../../src/mdw" -I"C:/Users/sylva/Desktop/CoursHES/InformatiqueC2/work/work/test-bench/test2/ide-cubeide-test2-idf/../../../src/mdw/trace" -I"C:/Users/sylva/Desktop/CoursHES/InformatiqueC2/work/work/test-bench/test2/ide-cubeide-test2-idf/../../common" -I"C:/Users/sylva/Desktop/CoursHES/InformatiqueC2/work/work/test-bench/test2/ide-cubeide-test2-idf/Drivers/STM32F7xx_HAL_Driver/Inc" -I"C:/Users/sylva/Desktop/CoursHES/InformatiqueC2/work/work/test-bench/test2/ide-cubeide-test2-idf/Drivers/STM32F7xx_HAL_Driver/Inc/Legacy" -I"C:/Users/sylva/Desktop/CoursHES/InformatiqueC2/work/work/test-bench/test2/ide-cubeide-test2-idf/Drivers/CMSIS/Device/ST/STM32F7xx/Include" -I"C:/Users/sylva/Desktop/CoursHES/InformatiqueC2/work/work/test-bench/test2/ide-cubeide-test2-idf/Drivers/CMSIS/Include" -Og -ffunction-sections -Wall -fstack-usage -MMD -MP -MF"Drivers/STM32F7xx_HAL_Driver/Src/stm32f7xx_hal_exti.d" -MT"Drivers/STM32F7xx_HAL_Driver/Src/stm32f7xx_hal_exti.o" --specs=nano.specs -mfpu=fpv5-sp-d16 -mfloat-abi=hard -mthumb -o "Drivers/STM32F7xx_HAL_Driver/Src/stm32f7xx_hal_exti.o"
arm-none-eabi-gcc "../Drivers/STM32F7xx_HAL_Driver/Src/stm32f7xx_hal_flash.c" -mcpu=cortex-m7 -std=gnu11 -g3 '-D__weak=__attribute__((weak))' '-D__packed=__attribute__((__packed__))' -DUSE_HAL_DRIVER -DSTM32F746xx -c -I"C:/Users/sylva/Desktop/CoursHES/InformatiqueC2/work/work/test-bench/test2/ide-cubeide-test2-idf/../src" -I"C:/Users/sylva/Desktop/CoursHES/InformatiqueC2/work/work/test-bench/test2/ide-cubeide-test2-idf/Core/Inc" -I"C:/Users/sylva/Desktop/CoursHES/InformatiqueC2/work/work/test-bench/test2/ide-cubeide-test2-idf" -I"C:/Users/sylva/Desktop/CoursHES/InformatiqueC2/work/work/src/platform/f7-disco-gcc" -I"C:/Users/sylva/Desktop/CoursHES/InformatiqueC2/work/work/src/platform/f7-disco-gcc/mcu" -I"C:/Users/sylva/Desktop/CoursHES/InformatiqueC2/work/work/test-bench/test2/ide-cubeide-test2-idf/../../../src" -I"C:/Users/sylva/Desktop/CoursHES/InformatiqueC2/work/work/src/simplified/xf/include" -I"C:/Users/sylva/Desktop/CoursHES/InformatiqueC2/work/work/src/simplified/xf/port" -I"C:/Users/sylva/Desktop/CoursHES/InformatiqueC2/work/work/src/simplified/xf/port/common" -I"C:/Users/sylva/Desktop/CoursHES/InformatiqueC2/work/work/src/simplified/xf/port/idf-stm32" -I"C:/Users/sylva/Desktop/CoursHES/InformatiqueC2/work/work/test-bench/test2/ide-cubeide-test2-idf/../../../src/mdw" -I"C:/Users/sylva/Desktop/CoursHES/InformatiqueC2/work/work/test-bench/test2/ide-cubeide-test2-idf/../../../src/mdw/trace" -I"C:/Users/sylva/Desktop/CoursHES/InformatiqueC2/work/work/test-bench/test2/ide-cubeide-test2-idf/../../common" -I"C:/Users/sylva/Desktop/CoursHES/InformatiqueC2/work/work/test-bench/test2/ide-cubeide-test2-idf/Drivers/STM32F7xx_HAL_Driver/Inc" -I"C:/Users/sylva/Desktop/CoursHES/InformatiqueC2/work/work/test-bench/test2/ide-cubeide-test2-idf/Drivers/STM32F7xx_HAL_Driver/Inc/Legacy" -I"C:/Users/sylva/Desktop/CoursHES/InformatiqueC2/work/work/test-bench/test2/ide-cubeide-test2-idf/Drivers/CMSIS/Device/ST/STM32F7xx/Include" -I"C:/Users/sylva/Desktop/CoursHES/InformatiqueC2/work/work/test-bench/test2/ide-cubeide-test2-idf/Drivers/CMSIS/Include" -Og -ffunction-sections -Wall -fstack-usage -MMD -MP -MF"Drivers/STM32F7xx_HAL_Driver/Src/stm32f7xx_hal_flash.d" -MT"Drivers/STM32F7xx_HAL_Driver/Src/stm32f7xx_hal_flash.o" --specs=nano.specs -mfpu=fpv5-sp-d16 -mfloat-abi=hard -mthumb -o "Drivers/STM32F7xx_HAL_Driver/Src/stm32f7xx_hal_flash.o"
arm-none-eabi-gcc "../Drivers/STM32F7xx_HAL_Driver/Src/stm32f7xx_hal_flash_ex.c" -mcpu=cortex-m7 -std=gnu11 -g3 '-D__weak=__attribute__((weak))' '-D__packed=__attribute__((__packed__))' -DUSE_HAL_DRIVER -DSTM32F746xx -c -I"C:/Users/sylva/Desktop/CoursHES/InformatiqueC2/work/work/test-bench/test2/ide-cubeide-test2-idf/../src" -I"C:/Users/sylva/Desktop/CoursHES/InformatiqueC2/work/work/test-bench/test2/ide-cubeide-test2-idf/Core/Inc" -I"C:/Users/sylva/Desktop/CoursHES/InformatiqueC2/work/work/test-bench/test2/ide-cubeide-test2-idf" -I"C:/Users/sylva/Desktop/CoursHES/InformatiqueC2/work/work/src/platform/f7-disco-gcc" -I"C:/Users/sylva/Desktop/CoursHES/InformatiqueC2/work/work/src/platform/f7-disco-gcc/mcu" -I"C:/Users/sylva/Desktop/CoursHES/InformatiqueC2/work/work/test-bench/test2/ide-cubeide-test2-idf/../../../src" -I"C:/Users/sylva/Desktop/CoursHES/InformatiqueC2/work/work/src/simplified/xf/include" -I"C:/Users/sylva/Desktop/CoursHES/InformatiqueC2/work/work/src/simplified/xf/port" -I"C:/Users/sylva/Desktop/CoursHES/InformatiqueC2/work/work/src/simplified/xf/port/common" -I"C:/Users/sylva/Desktop/CoursHES/InformatiqueC2/work/work/src/simplified/xf/port/idf-stm32" -I"C:/Users/sylva/Desktop/CoursHES/InformatiqueC2/work/work/test-bench/test2/ide-cubeide-test2-idf/../../../src/mdw" -I"C:/Users/sylva/Desktop/CoursHES/InformatiqueC2/work/work/test-bench/test2/ide-cubeide-test2-idf/../../../src/mdw/trace" -I"C:/Users/sylva/Desktop/CoursHES/InformatiqueC2/work/work/test-bench/test2/ide-cubeide-test2-idf/../../common" -I"C:/Users/sylva/Desktop/CoursHES/InformatiqueC2/work/work/test-bench/test2/ide-cubeide-test2-idf/Drivers/STM32F7xx_HAL_Driver/Inc" -I"C:/Users/sylva/Desktop/CoursHES/InformatiqueC2/work/work/test-bench/test2/ide-cubeide-test2-idf/Drivers/STM32F7xx_HAL_Driver/Inc/Legacy" -I"C:/Users/sylva/Desktop/CoursHES/InformatiqueC2/work/work/test-bench/test2/ide-cubeide-test2-idf/Drivers/CMSIS/Device/ST/STM32F7xx/Include" -I"C:/Users/sylva/Desktop/CoursHES/InformatiqueC2/work/work/test-bench/test2/ide-cubeide-test2-idf/Drivers/CMSIS/Include" -Og -ffunction-sections -Wall -fstack-usage -MMD -MP -MF"Drivers/STM32F7xx_HAL_Driver/Src/stm32f7xx_hal_flash_ex.d" -MT"Drivers/STM32F7xx_HAL_Driver/Src/stm32f7xx_hal_flash_ex.o" --specs=nano.specs -mfpu=fpv5-sp-d16 -mfloat-abi=hard -mthumb -o "Drivers/STM32F7xx_HAL_Driver/Src/stm32f7xx_hal_flash_ex.o"
arm-none-eabi-gcc "../Drivers/STM32F7xx_HAL_Driver/Src/stm32f7xx_hal_gpio.c" -mcpu=cortex-m7 -std=gnu11 -g3 '-D__weak=__attribute__((weak))' '-D__packed=__attribute__((__packed__))' -DUSE_HAL_DRIVER -DSTM32F746xx -c -I"C:/Users/sylva/Desktop/CoursHES/InformatiqueC2/work/work/test-bench/test2/ide-cubeide-test2-idf/../src" -I"C:/Users/sylva/Desktop/CoursHES/InformatiqueC2/work/work/test-bench/test2/ide-cubeide-test2-idf/Core/Inc" -I"C:/Users/sylva/Desktop/CoursHES/InformatiqueC2/work/work/test-bench/test2/ide-cubeide-test2-idf" -I"C:/Users/sylva/Desktop/CoursHES/InformatiqueC2/work/work/src/platform/f7-disco-gcc" -I"C:/Users/sylva/Desktop/CoursHES/InformatiqueC2/work/work/src/platform/f7-disco-gcc/mcu" -I"C:/Users/sylva/Desktop/CoursHES/InformatiqueC2/work/work/test-bench/test2/ide-cubeide-test2-idf/../../../src" -I"C:/Users/sylva/Desktop/CoursHES/InformatiqueC2/work/work/src/simplified/xf/include" -I"C:/Users/sylva/Desktop/CoursHES/InformatiqueC2/work/work/src/simplified/xf/port" -I"C:/Users/sylva/Desktop/CoursHES/InformatiqueC2/work/work/src/simplified/xf/port/common" -I"C:/Users/sylva/Desktop/CoursHES/InformatiqueC2/work/work/src/simplified/xf/port/idf-stm32" -I"C:/Users/sylva/Desktop/CoursHES/InformatiqueC2/work/work/test-bench/test2/ide-cubeide-test2-idf/../../../src/mdw" -I"C:/Users/sylva/Desktop/CoursHES/InformatiqueC2/work/work/test-bench/test2/ide-cubeide-test2-idf/../../../src/mdw/trace" -I"C:/Users/sylva/Desktop/CoursHES/InformatiqueC2/work/work/test-bench/test2/ide-cubeide-test2-idf/../../common" -I"C:/Users/sylva/Desktop/CoursHES/InformatiqueC2/work/work/test-bench/test2/ide-cubeide-test2-idf/Drivers/STM32F7xx_HAL_Driver/Inc" -I"C:/Users/sylva/Desktop/CoursHES/InformatiqueC2/work/work/test-bench/test2/ide-cubeide-test2-idf/Drivers/STM32F7xx_HAL_Driver/Inc/Legacy" -I"C:/Users/sylva/Desktop/CoursHES/InformatiqueC2/work/work/test-bench/test2/ide-cubeide-test2-idf/Drivers/CMSIS/Device/ST/STM32F7xx/Include" -I"C:/Users/sylva/Desktop/CoursHES/InformatiqueC2/work/work/test-bench/test2/ide-cubeide-test2-idf/Drivers/CMSIS/Include" -Og -ffunction-sections -Wall -fstack-usage -MMD -MP -MF"Drivers/STM32F7xx_HAL_Driver/Src/stm32f7xx_hal_gpio.d" -MT"Drivers/STM32F7xx_HAL_Driver/Src/stm32f7xx_hal_gpio.o" --specs=nano.specs -mfpu=fpv5-sp-d16 -mfloat-abi=hard -mthumb -o "Drivers/STM32F7xx_HAL_Driver/Src/stm32f7xx_hal_gpio.o"
arm-none-eabi-gcc "../Drivers/STM32F7xx_HAL_Driver/Src/stm32f7xx_hal_i2c.c" -mcpu=cortex-m7 -std=gnu11 -g3 '-D__weak=__attribute__((weak))' '-D__packed=__attribute__((__packed__))' -DUSE_HAL_DRIVER -DSTM32F746xx -c -I"C:/Users/sylva/Desktop/CoursHES/InformatiqueC2/work/work/test-bench/test2/ide-cubeide-test2-idf/../src" -I"C:/Users/sylva/Desktop/CoursHES/InformatiqueC2/work/work/test-bench/test2/ide-cubeide-test2-idf/Core/Inc" -I"C:/Users/sylva/Desktop/CoursHES/InformatiqueC2/work/work/test-bench/test2/ide-cubeide-test2-idf" -I"C:/Users/sylva/Desktop/CoursHES/InformatiqueC2/work/work/src/platform/f7-disco-gcc" -I"C:/Users/sylva/Desktop/CoursHES/InformatiqueC2/work/work/src/platform/f7-disco-gcc/mcu" -I"C:/Users/sylva/Desktop/CoursHES/InformatiqueC2/work/work/test-bench/test2/ide-cubeide-test2-idf/../../../src" -I"C:/Users/sylva/Desktop/CoursHES/InformatiqueC2/work/work/src/simplified/xf/include" -I"C:/Users/sylva/Desktop/CoursHES/InformatiqueC2/work/work/src/simplified/xf/port" -I"C:/Users/sylva/Desktop/CoursHES/InformatiqueC2/work/work/src/simplified/xf/port/common" -I"C:/Users/sylva/Desktop/CoursHES/InformatiqueC2/work/work/src/simplified/xf/port/idf-stm32" -I"C:/Users/sylva/Desktop/CoursHES/InformatiqueC2/work/work/test-bench/test2/ide-cubeide-test2-idf/../../../src/mdw" -I"C:/Users/sylva/Desktop/CoursHES/InformatiqueC2/work/work/test-bench/test2/ide-cubeide-test2-idf/../../../src/mdw/trace" -I"C:/Users/sylva/Desktop/CoursHES/InformatiqueC2/work/work/test-bench/test2/ide-cubeide-test2-idf/../../common" -I"C:/Users/sylva/Desktop/CoursHES/InformatiqueC2/work/work/test-bench/test2/ide-cubeide-test2-idf/Drivers/STM32F7xx_HAL_Driver/Inc" -I"C:/Users/sylva/Desktop/CoursHES/InformatiqueC2/work/work/test-bench/test2/ide-cubeide-test2-idf/Drivers/STM32F7xx_HAL_Driver/Inc/Legacy" -I"C:/Users/sylva/Desktop/CoursHES/InformatiqueC2/work/work/test-bench/test2/ide-cubeide-test2-idf/Drivers/CMSIS/Device/ST/STM32F7xx/Include" -I"C:/Users/sylva/Desktop/CoursHES/InformatiqueC2/work/work/test-bench/test2/ide-cubeide-test2-idf/Drivers/CMSIS/Include" -Og -ffunction-sections -Wall -fstack-usage -MMD -MP -MF"Drivers/STM32F7xx_HAL_Driver/Src/stm32f7xx_hal_i2c.d" -MT"Drivers/STM32F7xx_HAL_Driver/Src/stm32f7xx_hal_i2c.o" --specs=nano.specs -mfpu=fpv5-sp-d16 -mfloat-abi=hard -mthumb -o "Drivers/STM32F7xx_HAL_Driver/Src/stm32f7xx_hal_i2c.o"
arm-none-eabi-gcc "../Drivers/STM32F7xx_HAL_Driver/Src/stm32f7xx_hal_i2c_ex.c" -mcpu=cortex-m7 -std=gnu11 -g3 '-D__weak=__attribute__((weak))' '-D__packed=__attribute__((__packed__))' -DUSE_HAL_DRIVER -DSTM32F746xx -c -I"C:/Users/sylva/Desktop/CoursHES/InformatiqueC2/work/work/test-bench/test2/ide-cubeide-test2-idf/../src" -I"C:/Users/sylva/Desktop/CoursHES/InformatiqueC2/work/work/test-bench/test2/ide-cubeide-test2-idf/Core/Inc" -I"C:/Users/sylva/Desktop/CoursHES/InformatiqueC2/work/work/test-bench/test2/ide-cubeide-test2-idf" -I"C:/Users/sylva/Desktop/CoursHES/InformatiqueC2/work/work/src/platform/f7-disco-gcc" -I"C:/Users/sylva/Desktop/CoursHES/InformatiqueC2/work/work/src/platform/f7-disco-gcc/mcu" -I"C:/Users/sylva/Desktop/CoursHES/InformatiqueC2/work/work/test-bench/test2/ide-cubeide-test2-idf/../../../src" -I"C:/Users/sylva/Desktop/CoursHES/InformatiqueC2/work/work/src/simplified/xf/include" -I"C:/Users/sylva/Desktop/CoursHES/InformatiqueC2/work/work/src/simplified/xf/port" -I"C:/Users/sylva/Desktop/CoursHES/InformatiqueC2/work/work/src/simplified/xf/port/common" -I"C:/Users/sylva/Desktop/CoursHES/InformatiqueC2/work/work/src/simplified/xf/port/idf-stm32" -I"C:/Users/sylva/Desktop/CoursHES/InformatiqueC2/work/work/test-bench/test2/ide-cubeide-test2-idf/../../../src/mdw" -I"C:/Users/sylva/Desktop/CoursHES/InformatiqueC2/work/work/test-bench/test2/ide-cubeide-test2-idf/../../../src/mdw/trace" -I"C:/Users/sylva/Desktop/CoursHES/InformatiqueC2/work/work/test-bench/test2/ide-cubeide-test2-idf/../../common" -I"C:/Users/sylva/Desktop/CoursHES/InformatiqueC2/work/work/test-bench/test2/ide-cubeide-test2-idf/Drivers/STM32F7xx_HAL_Driver/Inc" -I"C:/Users/sylva/Desktop/CoursHES/InformatiqueC2/work/work/test-bench/test2/ide-cubeide-test2-idf/Drivers/STM32F7xx_HAL_Driver/Inc/Legacy" -I"C:/Users/sylva/Desktop/CoursHES/InformatiqueC2/work/work/test-bench/test2/ide-cubeide-test2-idf/Drivers/CMSIS/Device/ST/STM32F7xx/Include" -I"C:/Users/sylva/Desktop/CoursHES/InformatiqueC2/work/work/test-bench/test2/ide-cubeide-test2-idf/Drivers/CMSIS/Include" -Og -ffunction-sections -Wall -fstack-usage -MMD -MP -MF"Drivers/STM32F7xx_HAL_Driver/Src/stm32f7xx_hal_i2c_ex.d" -MT"Drivers/STM32F7xx_HAL_Driver/Src/stm32f7xx_hal_i2c_ex.o" --specs=nano.specs -mfpu=fpv5-sp-d16 -mfloat-abi=hard -mthumb -o "Drivers/STM32F7xx_HAL_Driver/Src/stm32f7xx_hal_i2c_ex.o"
arm-none-eabi-gcc "../Drivers/STM32F7xx_HAL_Driver/Src/stm32f7xx_hal_pwr.c" -mcpu=cortex-m7 -std=gnu11 -g3 '-D__weak=__attribute__((weak))' '-D__packed=__attribute__((__packed__))' -DUSE_HAL_DRIVER -DSTM32F746xx -c -I"C:/Users/sylva/Desktop/CoursHES/InformatiqueC2/work/work/test-bench/test2/ide-cubeide-test2-idf/../src" -I"C:/Users/sylva/Desktop/CoursHES/InformatiqueC2/work/work/test-bench/test2/ide-cubeide-test2-idf/Core/Inc" -I"C:/Users/sylva/Desktop/CoursHES/InformatiqueC2/work/work/test-bench/test2/ide-cubeide-test2-idf" -I"C:/Users/sylva/Desktop/CoursHES/InformatiqueC2/work/work/src/platform/f7-disco-gcc" -I"C:/Users/sylva/Desktop/CoursHES/InformatiqueC2/work/work/src/platform/f7-disco-gcc/mcu" -I"C:/Users/sylva/Desktop/CoursHES/InformatiqueC2/work/work/test-bench/test2/ide-cubeide-test2-idf/../../../src" -I"C:/Users/sylva/Desktop/CoursHES/InformatiqueC2/work/work/src/simplified/xf/include" -I"C:/Users/sylva/Desktop/CoursHES/InformatiqueC2/work/work/src/simplified/xf/port" -I"C:/Users/sylva/Desktop/CoursHES/InformatiqueC2/work/work/src/simplified/xf/port/common" -I"C:/Users/sylva/Desktop/CoursHES/InformatiqueC2/work/work/src/simplified/xf/port/idf-stm32" -I"C:/Users/sylva/Desktop/CoursHES/InformatiqueC2/work/work/test-bench/test2/ide-cubeide-test2-idf/../../../src/mdw" -I"C:/Users/sylva/Desktop/CoursHES/InformatiqueC2/work/work/test-bench/test2/ide-cubeide-test2-idf/../../../src/mdw/trace" -I"C:/Users/sylva/Desktop/CoursHES/InformatiqueC2/work/work/test-bench/test2/ide-cubeide-test2-idf/../../common" -I"C:/Users/sylva/Desktop/CoursHES/InformatiqueC2/work/work/test-bench/test2/ide-cubeide-test2-idf/Drivers/STM32F7xx_HAL_Driver/Inc" -I"C:/Users/sylva/Desktop/CoursHES/InformatiqueC2/work/work/test-bench/test2/ide-cubeide-test2-idf/Drivers/STM32F7xx_HAL_Driver/Inc/Legacy" -I"C:/Users/sylva/Desktop/CoursHES/InformatiqueC2/work/work/test-bench/test2/ide-cubeide-test2-idf/Drivers/CMSIS/Device/ST/STM32F7xx/Include" -I"C:/Users/sylva/Desktop/CoursHES/InformatiqueC2/work/work/test-bench/test2/ide-cubeide-test2-idf/Drivers/CMSIS/Include" -Og -ffunction-sections -Wall -fstack-usage -MMD -MP -MF"Drivers/STM32F7xx_HAL_Driver/Src/stm32f7xx_hal_pwr.d" -MT"Drivers/STM32F7xx_HAL_Driver/Src/stm32f7xx_hal_pwr.o" --specs=nano.specs -mfpu=fpv5-sp-d16 -mfloat-abi=hard -mthumb -o "Drivers/STM32F7xx_HAL_Driver/Src/stm32f7xx_hal_pwr.o"
arm-none-eabi-gcc "../Drivers/STM32F7xx_HAL_Driver/Src/stm32f7xx_hal_pwr_ex.c" -mcpu=cortex-m7 -std=gnu11 -g3 '-D__weak=__attribute__((weak))' '-D__packed=__attribute__((__packed__))' -DUSE_HAL_DRIVER -DSTM32F746xx -c -I"C:/Users/sylva/Desktop/CoursHES/InformatiqueC2/work/work/test-bench/test2/ide-cubeide-test2-idf/../src" -I"C:/Users/sylva/Desktop/CoursHES/InformatiqueC2/work/work/test-bench/test2/ide-cubeide-test2-idf/Core/Inc" -I"C:/Users/sylva/Desktop/CoursHES/InformatiqueC2/work/work/test-bench/test2/ide-cubeide-test2-idf" -I"C:/Users/sylva/Desktop/CoursHES/InformatiqueC2/work/work/src/platform/f7-disco-gcc" -I"C:/Users/sylva/Desktop/CoursHES/InformatiqueC2/work/work/src/platform/f7-disco-gcc/mcu" -I"C:/Users/sylva/Desktop/CoursHES/InformatiqueC2/work/work/test-bench/test2/ide-cubeide-test2-idf/../../../src" -I"C:/Users/sylva/Desktop/CoursHES/InformatiqueC2/work/work/src/simplified/xf/include" -I"C:/Users/sylva/Desktop/CoursHES/InformatiqueC2/work/work/src/simplified/xf/port" -I"C:/Users/sylva/Desktop/CoursHES/InformatiqueC2/work/work/src/simplified/xf/port/common" -I"C:/Users/sylva/Desktop/CoursHES/InformatiqueC2/work/work/src/simplified/xf/port/idf-stm32" -I"C:/Users/sylva/Desktop/CoursHES/InformatiqueC2/work/work/test-bench/test2/ide-cubeide-test2-idf/../../../src/mdw" -I"C:/Users/sylva/Desktop/CoursHES/InformatiqueC2/work/work/test-bench/test2/ide-cubeide-test2-idf/../../../src/mdw/trace" -I"C:/Users/sylva/Desktop/CoursHES/InformatiqueC2/work/work/test-bench/test2/ide-cubeide-test2-idf/../../common" -I"C:/Users/sylva/Desktop/CoursHES/InformatiqueC2/work/work/test-bench/test2/ide-cubeide-test2-idf/Drivers/STM32F7xx_HAL_Driver/Inc" -I"C:/Users/sylva/Desktop/CoursHES/InformatiqueC2/work/work/test-bench/test2/ide-cubeide-test2-idf/Drivers/STM32F7xx_HAL_Driver/Inc/Legacy" -I"C:/Users/sylva/Desktop/CoursHES/InformatiqueC2/work/work/test-bench/test2/ide-cubeide-test2-idf/Drivers/CMSIS/Device/ST/STM32F7xx/Include" -I"C:/Users/sylva/Desktop/CoursHES/InformatiqueC2/work/work/test-bench/test2/ide-cubeide-test2-idf/Drivers/CMSIS/Include" -Og -ffunction-sections -Wall -fstack-usage -MMD -MP -MF"Drivers/STM32F7xx_HAL_Driver/Src/stm32f7xx_hal_pwr_ex.d" -MT"Drivers/STM32F7xx_HAL_Driver/Src/stm32f7xx_hal_pwr_ex.o" --specs=nano.specs -mfpu=fpv5-sp-d16 -mfloat-abi=hard -mthumb -o "Drivers/STM32F7xx_HAL_Driver/Src/stm32f7xx_hal_pwr_ex.o"
arm-none-eabi-gcc "../Drivers/STM32F7xx_HAL_Driver/Src/stm32f7xx_hal_rcc.c" -mcpu=cortex-m7 -std=gnu11 -g3 '-D__weak=__attribute__((weak))' '-D__packed=__attribute__((__packed__))' -DUSE_HAL_DRIVER -DSTM32F746xx -c -I"C:/Users/sylva/Desktop/CoursHES/InformatiqueC2/work/work/test-bench/test2/ide-cubeide-test2-idf/../src" -I"C:/Users/sylva/Desktop/CoursHES/InformatiqueC2/work/work/test-bench/test2/ide-cubeide-test2-idf/Core/Inc" -I"C:/Users/sylva/Desktop/CoursHES/InformatiqueC2/work/work/test-bench/test2/ide-cubeide-test2-idf" -I"C:/Users/sylva/Desktop/CoursHES/InformatiqueC2/work/work/src/platform/f7-disco-gcc" -I"C:/Users/sylva/Desktop/CoursHES/InformatiqueC2/work/work/src/platform/f7-disco-gcc/mcu" -I"C:/Users/sylva/Desktop/CoursHES/InformatiqueC2/work/work/test-bench/test2/ide-cubeide-test2-idf/../../../src" -I"C:/Users/sylva/Desktop/CoursHES/InformatiqueC2/work/work/src/simplified/xf/include" -I"C:/Users/sylva/Desktop/CoursHES/InformatiqueC2/work/work/src/simplified/xf/port" -I"C:/Users/sylva/Desktop/CoursHES/InformatiqueC2/work/work/src/simplified/xf/port/common" -I"C:/Users/sylva/Desktop/CoursHES/InformatiqueC2/work/work/src/simplified/xf/port/idf-stm32" -I"C:/Users/sylva/Desktop/CoursHES/InformatiqueC2/work/work/test-bench/test2/ide-cubeide-test2-idf/../../../src/mdw" -I"C:/Users/sylva/Desktop/CoursHES/InformatiqueC2/work/work/test-bench/test2/ide-cubeide-test2-idf/../../../src/mdw/trace" -I"C:/Users/sylva/Desktop/CoursHES/InformatiqueC2/work/work/test-bench/test2/ide-cubeide-test2-idf/../../common" -I"C:/Users/sylva/Desktop/CoursHES/InformatiqueC2/work/work/test-bench/test2/ide-cubeide-test2-idf/Drivers/STM32F7xx_HAL_Driver/Inc" -I"C:/Users/sylva/Desktop/CoursHES/InformatiqueC2/work/work/test-bench/test2/ide-cubeide-test2-idf/Drivers/STM32F7xx_HAL_Driver/Inc/Legacy" -I"C:/Users/sylva/Desktop/CoursHES/InformatiqueC2/work/work/test-bench/test2/ide-cubeide-test2-idf/Drivers/CMSIS/Device/ST/STM32F7xx/Include" -I"C:/Users/sylva/Desktop/CoursHES/InformatiqueC2/work/work/test-bench/test2/ide-cubeide-test2-idf/Drivers/CMSIS/Include" -Og -ffunction-sections -Wall -fstack-usage -MMD -MP -MF"Drivers/STM32F7xx_HAL_Driver/Src/stm32f7xx_hal_rcc.d" -MT"Drivers/STM32F7xx_HAL_Driver/Src/stm32f7xx_hal_rcc.o" --specs=nano.specs -mfpu=fpv5-sp-d16 -mfloat-abi=hard -mthumb -o "Drivers/STM32F7xx_HAL_Driver/Src/stm32f7xx_hal_rcc.o"
arm-none-eabi-gcc "../Drivers/STM32F7xx_HAL_Driver/Src/stm32f7xx_hal_rcc_ex.c" -mcpu=cortex-m7 -std=gnu11 -g3 '-D__weak=__attribute__((weak))' '-D__packed=__attribute__((__packed__))' -DUSE_HAL_DRIVER -DSTM32F746xx -c -I"C:/Users/sylva/Desktop/CoursHES/InformatiqueC2/work/work/test-bench/test2/ide-cubeide-test2-idf/../src" -I"C:/Users/sylva/Desktop/CoursHES/InformatiqueC2/work/work/test-bench/test2/ide-cubeide-test2-idf/Core/Inc" -I"C:/Users/sylva/Desktop/CoursHES/InformatiqueC2/work/work/test-bench/test2/ide-cubeide-test2-idf" -I"C:/Users/sylva/Desktop/CoursHES/InformatiqueC2/work/work/src/platform/f7-disco-gcc" -I"C:/Users/sylva/Desktop/CoursHES/InformatiqueC2/work/work/src/platform/f7-disco-gcc/mcu" -I"C:/Users/sylva/Desktop/CoursHES/InformatiqueC2/work/work/test-bench/test2/ide-cubeide-test2-idf/../../../src" -I"C:/Users/sylva/Desktop/CoursHES/InformatiqueC2/work/work/src/simplified/xf/include" -I"C:/Users/sylva/Desktop/CoursHES/InformatiqueC2/work/work/src/simplified/xf/port" -I"C:/Users/sylva/Desktop/CoursHES/InformatiqueC2/work/work/src/simplified/xf/port/common" -I"C:/Users/sylva/Desktop/CoursHES/InformatiqueC2/work/work/src/simplified/xf/port/idf-stm32" -I"C:/Users/sylva/Desktop/CoursHES/InformatiqueC2/work/work/test-bench/test2/ide-cubeide-test2-idf/../../../src/mdw" -I"C:/Users/sylva/Desktop/CoursHES/InformatiqueC2/work/work/test-bench/test2/ide-cubeide-test2-idf/../../../src/mdw/trace" -I"C:/Users/sylva/Desktop/CoursHES/InformatiqueC2/work/work/test-bench/test2/ide-cubeide-test2-idf/../../common" -I"C:/Users/sylva/Desktop/CoursHES/InformatiqueC2/work/work/test-bench/test2/ide-cubeide-test2-idf/Drivers/STM32F7xx_HAL_Driver/Inc" -I"C:/Users/sylva/Desktop/CoursHES/InformatiqueC2/work/work/test-bench/test2/ide-cubeide-test2-idf/Drivers/STM32F7xx_HAL_Driver/Inc/Legacy" -I"C:/Users/sylva/Desktop/CoursHES/InformatiqueC2/work/work/test-bench/test2/ide-cubeide-test2-idf/Drivers/CMSIS/Device/ST/STM32F7xx/Include" -I"C:/Users/sylva/Desktop/CoursHES/InformatiqueC2/work/work/test-bench/test2/ide-cubeide-test2-idf/Drivers/CMSIS/Include" -Og -ffunction-sections -Wall -fstack-usage -MMD -MP -MF"Drivers/STM32F7xx_HAL_Driver/Src/stm32f7xx_hal_rcc_ex.d" -MT"Drivers/STM32F7xx_HAL_Driver/Src/stm32f7xx_hal_rcc_ex.o" --specs=nano.specs -mfpu=fpv5-sp-d16 -mfloat-abi=hard -mthumb -o "Drivers/STM32F7xx_HAL_Driver/Src/stm32f7xx_hal_rcc_ex.o"
arm-none-eabi-gcc "../Drivers/STM32F7xx_HAL_Driver/Src/stm32f7xx_hal_tim.c" -mcpu=cortex-m7 -std=gnu11 -g3 '-D__weak=__attribute__((weak))' '-D__packed=__attribute__((__packed__))' -DUSE_HAL_DRIVER -DSTM32F746xx -c -I"C:/Users/sylva/Desktop/CoursHES/InformatiqueC2/work/work/test-bench/test2/ide-cubeide-test2-idf/../src" -I"C:/Users/sylva/Desktop/CoursHES/InformatiqueC2/work/work/test-bench/test2/ide-cubeide-test2-idf/Core/Inc" -I"C:/Users/sylva/Desktop/CoursHES/InformatiqueC2/work/work/test-bench/test2/ide-cubeide-test2-idf" -I"C:/Users/sylva/Desktop/CoursHES/InformatiqueC2/work/work/src/platform/f7-disco-gcc" -I"C:/Users/sylva/Desktop/CoursHES/InformatiqueC2/work/work/src/platform/f7-disco-gcc/mcu" -I"C:/Users/sylva/Desktop/CoursHES/InformatiqueC2/work/work/test-bench/test2/ide-cubeide-test2-idf/../../../src" -I"C:/Users/sylva/Desktop/CoursHES/InformatiqueC2/work/work/src/simplified/xf/include" -I"C:/Users/sylva/Desktop/CoursHES/InformatiqueC2/work/work/src/simplified/xf/port" -I"C:/Users/sylva/Desktop/CoursHES/InformatiqueC2/work/work/src/simplified/xf/port/common" -I"C:/Users/sylva/Desktop/CoursHES/InformatiqueC2/work/work/src/simplified/xf/port/idf-stm32" -I"C:/Users/sylva/Desktop/CoursHES/InformatiqueC2/work/work/test-bench/test2/ide-cubeide-test2-idf/../../../src/mdw" -I"C:/Users/sylva/Desktop/CoursHES/InformatiqueC2/work/work/test-bench/test2/ide-cubeide-test2-idf/../../../src/mdw/trace" -I"C:/Users/sylva/Desktop/CoursHES/InformatiqueC2/work/work/test-bench/test2/ide-cubeide-test2-idf/../../common" -I"C:/Users/sylva/Desktop/CoursHES/InformatiqueC2/work/work/test-bench/test2/ide-cubeide-test2-idf/Drivers/STM32F7xx_HAL_Driver/Inc" -I"C:/Users/sylva/Desktop/CoursHES/InformatiqueC2/work/work/test-bench/test2/ide-cubeide-test2-idf/Drivers/STM32F7xx_HAL_Driver/Inc/Legacy" -I"C:/Users/sylva/Desktop/CoursHES/InformatiqueC2/work/work/test-bench/test2/ide-cubeide-test2-idf/Drivers/CMSIS/Device/ST/STM32F7xx/Include" -I"C:/Users/sylva/Desktop/CoursHES/InformatiqueC2/work/work/test-bench/test2/ide-cubeide-test2-idf/Drivers/CMSIS/Include" -Og -ffunction-sections -Wall -fstack-usage -MMD -MP -MF"Drivers/STM32F7xx_HAL_Driver/Src/stm32f7xx_hal_tim.d" -MT"Drivers/STM32F7xx_HAL_Driver/Src/stm32f7xx_hal_tim.o" --specs=nano.specs -mfpu=fpv5-sp-d16 -mfloat-abi=hard -mthumb -o "Drivers/STM32F7xx_HAL_Driver/Src/stm32f7xx_hal_tim.o"
[...]
arm-none-eabi-g++ "C:/Users/sylva/Desktop/CoursHES/InformatiqueC2/work/work/src/simplified/xf/port/common/timeoutmanager.cpp" -mcpu=cortex-m7 -std=gnu++14 -g3 '-D__weak=__attribute__((weak))' '-D__packed=__attribute__((__packed__))' -DUSE_HAL_DRIVER -DSTM32F746xx -c -I"C:/Users/sylva/Desktop/CoursHES/InformatiqueC2/work/work/test-bench/test4/ide-cubeide-test4-idf/../src" -I"C:/Users/sylva/Desktop/CoursHES/InformatiqueC2/work/work/test-bench/test4/ide-cubeide-test4-idf/Core/Inc" -I"C:/Users/sylva/Desktop/CoursHES/InformatiqueC2/work/work/test-bench/test4/ide-cubeide-test4-idf" -I"C:/Users/sylva/Desktop/CoursHES/InformatiqueC2/work/work/src/platform/f7-disco-gcc" -I"C:/Users/sylva/Desktop/CoursHES/InformatiqueC2/work/work/src/platform/f7-disco-gcc/mcu" -I"C:/Users/sylva/Desktop/CoursHES/InformatiqueC2/work/work/test-bench/test4/ide-cubeide-test4-idf/../../../src" -I"C:/Users/sylva/Desktop/CoursHES/InformatiqueC2/work/work/src/simplified/xf/include" -I"C:/Users/sylva/Desktop/CoursHES/InformatiqueC2/work/work/src/simplified/xf/port" -I"C:/Users/sylva/Desktop/CoursHES/InformatiqueC2/work/work/src/simplified/xf/port/common" -I"C:/Users/sylva/Desktop/CoursHES/InformatiqueC2/work/work/src/simplified/xf/port/idf-stm32" -I"C:/Users/sylva/Desktop/CoursHES/InformatiqueC2/work/work/test-bench/test4/ide-cubeide-test4-idf/../../../src/mdw" -I"C:/Users/sylva/Desktop/CoursHES/InformatiqueC2/work/work/test-bench/test4/ide-cubeide-test4-idf/../../../src/mdw/trace" -I"C:/Users/sylva/Desktop/CoursHES/InformatiqueC2/work/work/test-bench/test4/ide-cubeide-test4-idf/../../common" -I"C:/Users/sylva/Desktop/CoursHES/InformatiqueC2/work/work/test-bench/test4/ide-cubeide-test4-idf/Drivers/STM32F7xx_HAL_Driver/Inc" -I"C:/Users/sylva/Desktop/CoursHES/InformatiqueC2/work/work/test-bench/test4/ide-cubeide-test4-idf/Drivers/STM32F7xx_HAL_Driver/Inc/Legacy" -I"C:/Users/sylva/Desktop/CoursHES/InformatiqueC2/work/work/test-bench/test4/ide-cubeide-test4-idf/Drivers/CMSIS/Device/ST/STM32F7xx/Include" -I"C:/Users/sylva/Desktop/CoursHES/InformatiqueC2/work/work/test-bench/test4/ide-cubeide-test4-idf/Drivers/CMSIS/Include" -Og -ffunction-sections -fno-exceptions -fno-rtti -fno-use-cxa-atexit -Wall -fstack-usage -MMD -MP -MF"xf/port/common/timeoutmanager.d" -MT"xf/port/common/timeoutmanager.o" --specs=nano.specs -mfpu=fpv5-sp-d16 -mfloat-abi=hard -mthumb -o "xf/port/common/timeoutmanager.o"
arm-none-eabi-g++ "C:/Users/sylva/Desktop/CoursHES/InformatiqueC2/work/work/src/simplified/xf/core/behavior.cpp" -mcpu=cortex-m7 -std=gnu++14 -g3 '-D__weak=__attribute__((weak))' '-D__packed=__attribute__((__packed__))' -DUSE_HAL_DRIVER -DSTM32F746xx -c -I"C:/Users/sylva/Desktop/CoursHES/InformatiqueC2/work/work/test-bench/test4/ide-cubeide-test4-idf/../src" -I"C:/Users/sylva/Desktop/CoursHES/InformatiqueC2/work/work/test-bench/test4/ide-cubeide-test4-idf/Core/Inc" -I"C:/Users/sylva/Desktop/CoursHES/InformatiqueC2/work/work/test-bench/test4/ide-cubeide-test4-idf" -I"C:/Users/sylva/Desktop/CoursHES/InformatiqueC2/work/work/src/platform/f7-disco-gcc" -I"C:/Users/sylva/Desktop/CoursHES/InformatiqueC2/work/work/src/platform/f7-disco-gcc/mcu" -I"C:/Users/sylva/Desktop/CoursHES/InformatiqueC2/work/work/test-bench/test4/ide-cubeide-test4-idf/../../../src" -I"C:/Users/sylva/Desktop/CoursHES/InformatiqueC2/work/work/src/simplified/xf/include" -I"C:/Users/sylva/Desktop/CoursHES/InformatiqueC2/work/work/src/simplified/xf/port" -I"C:/Users/sylva/Desktop/CoursHES/InformatiqueC2/work/work/src/simplified/xf/port/common" -I"C:/Users/sylva/Desktop/CoursHES/InformatiqueC2/work/work/src/simplified/xf/port/idf-stm32" -I"C:/Users/sylva/Desktop/CoursHES/InformatiqueC2/work/work/test-bench/test4/ide-cubeide-test4-idf/../../../src/mdw" -I"C:/Users/sylva/Desktop/CoursHES/InformatiqueC2/work/work/test-bench/test4/ide-cubeide-test4-idf/../../../src/mdw/trace" -I"C:/Users/sylva/Desktop/CoursHES/InformatiqueC2/work/work/test-bench/test4/ide-cubeide-test4-idf/../../common" -I"C:/Users/sylva/Desktop/CoursHES/InformatiqueC2/work/work/test-bench/test4/ide-cubeide-test4-idf/Drivers/STM32F7xx_HAL_Driver/Inc" -I"C:/Users/sylva/Desktop/CoursHES/InformatiqueC2/work/work/test-bench/test4/ide-cubeide-test4-idf/Drivers/STM32F7xx_HAL_Driver/Inc/Legacy" -I"C:/Users/sylva/Desktop/CoursHES/InformatiqueC2/work/work/test-bench/test4/ide-cubeide-test4-idf/Drivers/CMSIS/Device/ST/STM32F7xx/Include" -I"C:/Users/sylva/Desktop/CoursHES/InformatiqueC2/work/work/test-bench/test4/ide-cubeide-test4-idf/Drivers/CMSIS/Include" -Og -ffunction-sections -fno-exceptions -fno-rtti -fno-use-cxa-atexit -Wall -fstack-usage -MMD -MP -MF"xf/core/behavior.d" -MT"xf/core/behavior.o" --specs=nano.specs -mfpu=fpv5-sp-d16 -mfloat-abi=hard -mthumb -o "xf/core/behavior.o"
arm-none-eabi-g++ "C:/Users/sylva/Desktop/CoursHES/InformatiqueC2/work/work/src/simplified/xf/core/timeout.cpp" -mcpu=cortex-m7 -std=gnu++14 -g3 '-D__weak=__attribute__((weak))' '-D__packed=__attribute__((__packed__))' -DUSE_HAL_DRIVER -DSTM32F746xx -c -I"C:/Users/sylva/Desktop/CoursHES/InformatiqueC2/work/work/test-bench/test4/ide-cubeide-test4-idf/../src" -I"C:/Users/sylva/Desktop/CoursHES/InformatiqueC2/work/work/test-bench/test4/ide-cubeide-test4-idf/Core/Inc" -I"C:/Users/sylva/Desktop/CoursHES/InformatiqueC2/work/work/test-bench/test4/ide-cubeide-test4-idf" -I"C:/Users/sylva/Desktop/CoursHES/InformatiqueC2/work/work/src/platform/f7-disco-gcc" -I"C:/Users/sylva/Desktop/CoursHES/InformatiqueC2/work/work/src/platform/f7-disco-gcc/mcu" -I"C:/Users/sylva/Desktop/CoursHES/InformatiqueC2/work/work/test-bench/test4/ide-cubeide-test4-idf/../../../src" -I"C:/Users/sylva/Desktop/CoursHES/InformatiqueC2/work/work/src/simplified/xf/include" -I"C:/Users/sylva/Desktop/CoursHES/InformatiqueC2/work/work/src/simplified/xf/port" -I"C:/Users/sylva/Desktop/CoursHES/InformatiqueC2/work/work/src/simplified/xf/port/common" -I"C:/Users/sylva/Desktop/CoursHES/InformatiqueC2/work/work/src/simplified/xf/port/idf-stm32" -I"C:/Users/sylva/Desktop/CoursHES/InformatiqueC2/work/work/test-bench/test4/ide-cubeide-test4-idf/../../../src/mdw" -I"C:/Users/sylva/Desktop/CoursHES/InformatiqueC2/work/work/test-bench/test4/ide-cubeide-test4-idf/../../../src/mdw/trace" -I"C:/Users/sylva/Desktop/CoursHES/InformatiqueC2/work/work/test-bench/test4/ide-cubeide-test4-idf/../../common" -I"C:/Users/sylva/Desktop/CoursHES/InformatiqueC2/work/work/test-bench/test4/ide-cubeide-test4-idf/Drivers/STM32F7xx_HAL_Driver/Inc" -I"C:/Users/sylva/Desktop/CoursHES/InformatiqueC2/work/work/test-bench/test4/ide-cubeide-test4-idf/Drivers/STM32F7xx_HAL_Driver/Inc/Legacy" -I"C:/Users/sylva/Desktop/CoursHES/InformatiqueC2/work/work/test-bench/test4/ide-cubeide-test4-idf/Drivers/CMSIS/Device/ST/STM32F7xx/Include" -I"C:/Users/sylva/Desktop/CoursHES/InformatiqueC2/work/work/test-bench/test4/ide-cubeide-test4-idf/Drivers/CMSIS/Include" -Og -ffunction-sections -fno-exceptions -fno-rtti -fno-use-cxa-atexit -Wall -fstack-usage -MMD -MP -MF"xf/core/timeout.d" -MT"xf/core/timeout.o" --specs=nano.specs -mfpu=fpv5-sp-d16 -mfloat-abi=hard -mthumb -o "xf/core/timeout.o"
arm-none-eabi-g++ -o "ide-cubeide-test4-idf.elf" @"objects.list"   -mcpu=cortex-m7 -T"../STM32F746NGHx_FLASH.ld" --specs=nosys.specs -Wl,-Map="ide-cubeide-test4-idf.map" -Wl,--gc-sections -static --specs=nano.specs -mfpu=fpv5-sp-d16 -mfloat-abi=hard -mthumb -Wl,--start-group -lc -lm -lstdc++ -lsupc++ -Wl,--end-group
Finished building target: ide-cubeide-test4-idf.elf
 
arm-none-eabi-size   ide-cubeide-test4-idf.elf 
arm-none-eabi-objdump -h -S  ide-cubeide-test4-idf.elf  > "ide-cubeide-test4-idf.list"
arm-none-eabi-objcopy  -O binary  ide-cubeide-test4-idf.elf  "ide-cubeide-test4-idf.bin"
   text	   data	    bss	    dec	    hex	filename
  21428	    144	   9088	  30660	   77c4	ide-cubeide-test4-idf.elf
Finished building: default.size.stdout
 
Finished building: ide-cubeide-test4-idf.bin
 
Finished building: ide-cubeide-test4-idf.list
 
08:39:12 **** Build of configuration Debug for project ide-cubeide-test5-idf ****
make -j8 all 
arm-none-eabi-g++ "C:/Users/sylva/Desktop/CoursHES/InformatiqueC2/work/work/src/simplified/xf/port/common/dispatcher.cpp" -mcpu=cortex-m7 -std=gnu++14 -g3 '-D__weak=__attribute__((weak))' '-D__packed=__attribute__((__packed__))' -DUSE_HAL_DRIVER -DSTM32F746xx -c -I"C:/Users/sylva/Desktop/CoursHES/InformatiqueC2/work/work/test-bench/test5/ide-cubeide-test5-idf/../src" -I"C:/Users/sylva/Desktop/CoursHES/InformatiqueC2/work/work/test-bench/test5/ide-cubeide-test5-idf/Core/Inc" -I"C:/Users/sylva/Desktop/CoursHES/InformatiqueC2/work/work/test-bench/test5/ide-cubeide-test5-idf" -I"C:/Users/sylva/Desktop/CoursHES/InformatiqueC2/work/work/src/platform/f7-disco-gcc" -I"C:/Users/sylva/Desktop/CoursHES/InformatiqueC2/work/work/src/platform/f7-disco-gcc/mcu" -I"C:/Users/sylva/Desktop/CoursHES/InformatiqueC2/work/work/test-bench/test5/ide-cubeide-test5-idf/../../../src" -I"C:/Users/sylva/Desktop/CoursHES/InformatiqueC2/work/work/src/simplified/xf/include" -I"C:/Users/sylva/Desktop/CoursHES/InformatiqueC2/work/work/src/simplified/xf/port" -I"C:/Users/sylva/Desktop/CoursHES/InformatiqueC2/work/work/src/simplified/xf/port/common" -I"C:/Users/sylva/Desktop/CoursHES/InformatiqueC2/work/work/src/simplified/xf/port/idf-stm32" -I"C:/Users/sylva/Desktop/CoursHES/InformatiqueC2/work/work/test-bench/test5/ide-cubeide-test5-idf/../../../src/mdw" -I"C:/Users/sylva/Desktop/CoursHES/InformatiqueC2/work/work/test-bench/test5/ide-cubeide-test5-idf/../../../src/mdw/trace" -I"C:/Users/sylva/Desktop/CoursHES/InformatiqueC2/work/work/test-bench/test5/ide-cubeide-test5-idf/../../common" -I"C:/Users/sylva/Desktop/CoursHES/InformatiqueC2/work/work/test-bench/test5/ide-cubeide-test5-idf/Drivers/STM32F7xx_HAL_Driver/Inc" -I"C:/Users/sylva/Desktop/CoursHES/InformatiqueC2/work/work/test-bench/test5/ide-cubeide-test5-idf/Drivers/STM32F7xx_HAL_Driver/Inc/Legacy" -I"C:/Users/sylva/Desktop/CoursHES/InformatiqueC2/work/work/test-bench/test5/ide-cubeide-test5-idf/Drivers/CMSIS/Device/ST/STM32F7xx/Include" -I"C:/Users/sylva/Desktop/CoursHES/InformatiqueC2/work/work/test-bench/test5/ide-cubeide-test5-idf/Drivers/CMSIS/Include" -Og -ffunction-sections -fno-exceptions -fno-rtti -fno-use-cxa-atexit -Wall -fstack-usage -MMD -MP -MF"xf/port/common/dispatcher.d" -MT"xf/port/common/dispatcher.o" --specs=nano.specs -mfpu=fpv5-sp-d16 -mfloat-abi=hard -mthumb -o "xf/port/common/dispatcher.o"
arm-none-eabi-g++ "C:/Users/sylva/Desktop/CoursHES/InformatiqueC2/work/work/src/simplified/xf/port/common/timeoutmanager.cpp" -mcpu=cortex-m7 -std=gnu++14 -g3 '-D__weak=__attribute__((weak))' '-D__packed=__attribute__((__packed__))' -DUSE_HAL_DRIVER -DSTM32F746xx -c -I"C:/Users/sylva/Desktop/CoursHES/InformatiqueC2/work/work/test-bench/test5/ide-cubeide-test5-idf/../src" -I"C:/Users/sylva/Desktop/CoursHES/InformatiqueC2/work/work/test-bench/test5/ide-cubeide-test5-idf/Core/Inc" -I"C:/Users/sylva/Desktop/CoursHES/InformatiqueC2/work/work/test-bench/test5/ide-cubeide-test5-idf" -I"C:/Users/sylva/Desktop/CoursHES/InformatiqueC2/work/work/src/platform/f7-disco-gcc" -I"C:/Users/sylva/Desktop/CoursHES/InformatiqueC2/work/work/src/platform/f7-disco-gcc/mcu" -I"C:/Users/sylva/Desktop/CoursHES/InformatiqueC2/work/work/test-bench/test5/ide-cubeide-test5-idf/../../../src" -I"C:/Users/sylva/Desktop/CoursHES/InformatiqueC2/work/work/src/simplified/xf/include" -I"C:/Users/sylva/Desktop/CoursHES/InformatiqueC2/work/work/src/simplified/xf/port" -I"C:/Users/sylva/Desktop/CoursHES/InformatiqueC2/work/work/src/simplified/xf/port/common" -I"C:/Users/sylva/Desktop/CoursHES/InformatiqueC2/work/work/src/simplified/xf/port/idf-stm32" -I"C:/Users/sylva/Desktop/CoursHES/InformatiqueC2/work/work/test-bench/test5/ide-cubeide-test5-idf/../../../src/mdw" -I"C:/Users/sylva/Desktop/CoursHES/InformatiqueC2/work/work/test-bench/test5/ide-cubeide-test5-idf/../../../src/mdw/trace" -I"C:/Users/sylva/Desktop/CoursHES/InformatiqueC2/work/work/test-bench/test5/ide-cubeide-test5-idf/../../common" -I"C:/Users/sylva/Desktop/CoursHES/InformatiqueC2/work/work/test-bench/test5/ide-cubeide-test5-idf/Drivers/STM32F7xx_HAL_Driver/Inc" -I"C:/Users/sylva/Desktop/CoursHES/InformatiqueC2/work/work/test-bench/test5/ide-cubeide-test5-idf/Drivers/STM32F7xx_HAL_Driver/Inc/Legacy" -I"C:/Users/sylva/Desktop/CoursHES/InformatiqueC2/work/work/test-bench/test5/ide-cubeide-test5-idf/Drivers/CMSIS/Device/ST/STM32F7xx/Include" -I"C:/Users/sylva/Desktop/CoursHES/InformatiqueC2/work/work/test-bench/test5/ide-cubeide-test5-idf/Drivers/CMSIS/Include" -Og -ffunction-sections -fno-exceptions -fno-rtti -fno-use-cxa-atexit -Wall -fstack-usage -MMD -MP -MF"xf/port/common/timeoutmanager.d" -MT"xf/port/common/timeoutmanager.o" --specs=nano.specs -mfpu=fpv5-sp-d16 -mfloat-abi=hard -mthumb -o "xf/port/common/timeoutmanager.o"
arm-none-eabi-g++ "C:/Users/sylva/Desktop/CoursHES/InformatiqueC2/work/work/src/simplified/xf/core/behavior.cpp" -mcpu=cortex-m7 -std=gnu++14 -g3 '-D__weak=__attribute__((weak))' '-D__packed=__attribute__((__packed__))' -DUSE_HAL_DRIVER -DSTM32F746xx -c -I"C:/Users/sylva/Desktop/CoursHES/InformatiqueC2/work/work/test-bench/test5/ide-cubeide-test5-idf/../src" -I"C:/Users/sylva/Desktop/CoursHES/InformatiqueC2/work/work/test-bench/test5/ide-cubeide-test5-idf/Core/Inc" -I"C:/Users/sylva/Desktop/CoursHES/InformatiqueC2/work/work/test-bench/test5/ide-cubeide-test5-idf" -I"C:/Users/sylva/Desktop/CoursHES/InformatiqueC2/work/work/src/platform/f7-disco-gcc" -I"C:/Users/sylva/Desktop/CoursHES/InformatiqueC2/work/work/src/platform/f7-disco-gcc/mcu" -I"C:/Users/sylva/Desktop/CoursHES/InformatiqueC2/work/work/test-bench/test5/ide-cubeide-test5-idf/../../../src" -I"C:/Users/sylva/Desktop/CoursHES/InformatiqueC2/work/work/src/simplified/xf/include" -I"C:/Users/sylva/Desktop/CoursHES/InformatiqueC2/work/work/src/simplified/xf/port" -I"C:/Users/sylva/Desktop/CoursHES/InformatiqueC2/work/work/src/simplified/xf/port/common" -I"C:/Users/sylva/Desktop/CoursHES/InformatiqueC2/work/work/src/simplified/xf/port/idf-stm32" -I"C:/Users/sylva/Desktop/CoursHES/InformatiqueC2/work/work/test-bench/test5/ide-cubeide-test5-idf/../../../src/mdw" -I"C:/Users/sylva/Desktop/CoursHES/InformatiqueC2/work/work/test-bench/test5/ide-cubeide-test5-idf/../../../src/mdw/trace" -I"C:/Users/sylva/Desktop/CoursHES/InformatiqueC2/work/work/test-bench/test5/ide-cubeide-test5-idf/../../common" -I"C:/Users/sylva/Desktop/CoursHES/InformatiqueC2/work/work/test-bench/test5/ide-cubeide-test5-idf/Drivers/STM32F7xx_HAL_Driver/Inc" -I"C:/Users/sylva/Desktop/CoursHES/InformatiqueC2/work/work/test-bench/test5/ide-cubeide-test5-idf/Drivers/STM32F7xx_HAL_Driver/Inc/Legacy" -I"C:/Users/sylva/Desktop/CoursHES/InformatiqueC2/work/work/test-bench/test5/ide-cubeide-test5-idf/Drivers/CMSIS/Device/ST/STM32F7xx/Include" -I"C:/Users/sylva/Desktop/CoursHES/InformatiqueC2/work/work/test-bench/test5/ide-cubeide-test5-idf/Drivers/CMSIS/Include" -Og -ffunction-sections -fno-exceptions -fno-rtti -fno-use-cxa-atexit -Wall -fstack-usage -MMD -MP -MF"xf/core/behavior.d" -MT"xf/core/behavior.o" --specs=nano.specs -mfpu=fpv5-sp-d16 -mfloat-abi=hard -mthumb -o "xf/core/behavior.o"
arm-none-eabi-g++ "C:/Users/sylva/Desktop/CoursHES/InformatiqueC2/work/work/src/simplified/xf/core/timeout.cpp" -mcpu=cortex-m7 -std=gnu++14 -g3 '-D__weak=__attribute__((weak))' '-D__packed=__attribute__((__packed__))' -DUSE_HAL_DRIVER -DSTM32F746xx -c -I"C:/Users/sylva/Desktop/CoursHES/InformatiqueC2/work/work/test-bench/test5/ide-cubeide-test5-idf/../src" -I"C:/Users/sylva/Desktop/CoursHES/InformatiqueC2/work/work/test-bench/test5/ide-cubeide-test5-idf/Core/Inc" -I"C:/Users/sylva/Desktop/CoursHES/InformatiqueC2/work/work/test-bench/test5/ide-cubeide-test5-idf" -I"C:/Users/sylva/Desktop/CoursHES/InformatiqueC2/work/work/src/platform/f7-disco-gcc" -I"C:/Users/sylva/Desktop/CoursHES/InformatiqueC2/work/work/src/platform/f7-disco-gcc/mcu" -I"C:/Users/sylva/Desktop/CoursHES/InformatiqueC2/work/work/test-bench/test5/ide-cubeide-test5-idf/../../../src" -I"C:/Users/sylva/Desktop/CoursHES/InformatiqueC2/work/work/src/simplified/xf/include" -I"C:/Users/sylva/Desktop/CoursHES/InformatiqueC2/work/work/src/simplified/xf/port" -I"C:/Users/sylva/Desktop/CoursHES/InformatiqueC2/work/work/src/simplified/xf/port/common" -I"C:/Users/sylva/Desktop/CoursHES/InformatiqueC2/work/work/src/simplified/xf/port/idf-stm32" -I"C:/Users/sylva/Desktop/CoursHES/InformatiqueC2/work/work/test-bench/test5/ide-cubeide-test5-idf/../../../src/mdw" -I"C:/Users/sylva/Desktop/CoursHES/InformatiqueC2/work/work/test-bench/test5/ide-cubeide-test5-idf/../../../src/mdw/trace" -I"C:/Users/sylva/Desktop/CoursHES/InformatiqueC2/work/work/test-bench/test5/ide-cubeide-test5-idf/../../common" -I"C:/Users/sylva/Desktop/CoursHES/InformatiqueC2/work/work/test-bench/test5/ide-cubeide-test5-idf/Drivers/STM32F7xx_HAL_Driver/Inc" -I"C:/Users/sylva/Desktop/CoursHES/InformatiqueC2/work/work/test-bench/test5/ide-cubeide-test5-idf/Drivers/STM32F7xx_HAL_Driver/Inc/Legacy" -I"C:/Users/sylva/Desktop/CoursHES/InformatiqueC2/work/work/test-bench/test5/ide-cubeide-test5-idf/Drivers/CMSIS/Device/ST/STM32F7xx/Include" -I"C:/Users/sylva/Desktop/CoursHES/InformatiqueC2/work/work/test-bench/test5/ide-cubeide-test5-idf/Drivers/CMSIS/Include" -Og -ffunction-sections -fno-exceptions -fno-rtti -fno-use-cxa-atexit -Wall -fstack-usage -MMD -MP -MF"xf/core/timeout.d" -MT"xf/core/timeout.o" --specs=nano.specs -mfpu=fpv5-sp-d16 -mfloat-abi=hard -mthumb -o "xf/core/timeout.o"
arm-none-eabi-g++ -o "ide-cubeide-test5-idf.elf" @"objects.list"   -mcpu=cortex-m7 -T"../STM32F746NGHx_FLASH.ld" --specs=nosys.specs -Wl,-Map="ide-cubeide-test5-idf.map" -Wl,--gc-sections -static --specs=nano.specs -mfpu=fpv5-sp-d16 -mfloat-abi=hard -mthumb -Wl,--start-group -lc -lm -lstdc++ -lsupc++ -Wl,--end-group
Finished building target: ide-cubeide-test5-idf.elf
 
arm-none-eabi-size   ide-cubeide-test5-idf.elf 
arm-none-eabi-objdump -h -S  ide-cubeide-test5-idf.elf  > "ide-cubeide-test5-idf.list"
arm-none-eabi-objcopy  -O binary  ide-cubeide-test5-idf.elf  "ide-cubeide-test5-idf.bin"
   text	   data	    bss	    dec	    hex	filename
  22724	    144	   9208	  32076	   7d4c	ide-cubeide-test5-idf.elf
Finished building: default.size.stdout
 
Finished building: ide-cubeide-test5-idf.bin
 
Finished building: ide-cubeide-test5-idf.list
 
