08:37:52 **** Incremental Build of configuration Debug for project ide-cubeide-test4-idf ****
make -j8 all 
arm-none-eabi-g++ "C:/Users/sylva/Desktop/CoursHES/InformatiqueC2/work/work/src/simplified/xf/port/common/dispatcher.cpp" -mcpu=cortex-m7 -std=gnu++14 -g3 '-D__weak=__attribute__((weak))' '-D__packed=__attribute__((__packed__))' -DUSE_HAL_DRIVER -DSTM32F746xx -c -I"C:/Users/sylva/Desktop/CoursHES/InformatiqueC2/work/work/test-bench/test4/ide-cubeide-test4-idf/../src" -I"C:/Users/sylva/Desktop/CoursHES/InformatiqueC2/work/work/test-bench/test4/ide-cubeide-test4-idf/Core/Inc" -I"C:/Users/sylva/Desktop/CoursHES/InformatiqueC2/work/work/test-bench/test4/ide-cubeide-test4-idf" -I"C:/Users/sylva/Desktop/CoursHES/InformatiqueC2/work/work/src/platform/f7-disco-gcc" -I"C:/Users/sylva/Desktop/CoursHES/InformatiqueC2/work/work/src/platform/f7-disco-gcc/mcu" -I"C:/Users/sylva/Desktop/CoursHES/InformatiqueC2/work/work/test-bench/test4/ide-cubeide-test4-idf/../../../src" -I"C:/Users/sylva/Desktop/CoursHES/InformatiqueC2/work/work/src/simplified/xf/include" -I"C:/Users/sylva/Desktop/CoursHES/InformatiqueC2/work/work/src/simplified/xf/port" -I"C:/Users/sylva/Desktop/CoursHES/InformatiqueC2/work/work/src/simplified/xf/port/common" -I"C:/Users/sylva/Desktop/CoursHES/InformatiqueC2/work/work/src/simplified/xf/port/idf-stm32" -I"C:/Users/sylva/Desktop/CoursHES/InformatiqueC2/work/work/test-bench/test4/ide-cubeide-test4-idf/../../../src/mdw" -I"C:/Users/sylva/Desktop/CoursHES/InformatiqueC2/work/work/test-bench/test4/ide-cubeide-test4-idf/../../../src/mdw/trace" -I"C:/Users/sylva/Desktop/CoursHES/InformatiqueC2/work/work/test-bench/test4/ide-cubeide-test4-idf/../../common" -I"C:/Users/sylva/Desktop/CoursHES/InformatiqueC2/work/work/test-bench/test4/ide-cubeide-test4-idf/Drivers/STM32F7xx_HAL_Driver/Inc" -I"C:/Users/sylva/Desktop/CoursHES/InformatiqueC2/work/work/test-bench/test4/ide-cubeide-test4-idf/Drivers/STM32F7xx_HAL_Driver/Inc/Legacy" -I"C:/Users/sylva/Desktop/CoursHES/InformatiqueC2/work/work/test-bench/test4/ide-cubeide-test4-idf/Drivers/CMSIS/Device/ST/STM32F7xx/Include" -I"C:/Users/sylva/Desktop/CoursHES/InformatiqueC2/work/work/test-bench/test4/ide-cubeide-test4-idf/Drivers/CMSIS/Include" -Og -ffunction-sections -fno-exceptions -fno-rtti -fno-use-cxa-atexit -Wall -fstack-usage -MMD -MP -MF"xf/port/common/dispatcher.d" -MT"xf/port/common/dispatcher.o" --specs=nano.specs -mfpu=fpv5-sp-d16 -mfloat-abi=hard -mthumb -o "xf/port/common/dispatcher.o"
arm-none-eabi-g++ "C:/Users/sylva/Desktop/CoursHES/InformatiqueC2/work/work/src/simplified/xf/port/common/timeoutmanager.cpp" -mcpu=cortex-m7 -std=gnu++14 -g3 '-D__weak=__attribute__((weak))' '-D__packed=__attribute__((__packed__))' -DUSE_HAL_DRIVER -DSTM32F746xx -c -I"C:/Users/sylva/Desktop/CoursHES/InformatiqueC2/work/work/test-bench/test4/ide-cubeide-test4-idf/../src" -I"C:/Users/sylva/Desktop/CoursHES/InformatiqueC2/work/work/test-bench/test4/ide-cubeide-test4-idf/Core/Inc" -I"C:/Users/sylva/Desktop/CoursHES/InformatiqueC2/work/work/test-bench/test4/ide-cubeide-test4-idf" -I"C:/Users/sylva/Desktop/CoursHES/InformatiqueC2/work/work/src/platform/f7-disco-gcc" -I"C:/Users/sylva/Desktop/CoursHES/InformatiqueC2/work/work/src/platform/f7-disco-gcc/mcu" -I"C:/Users/sylva/Desktop/CoursHES/InformatiqueC2/work/work/test-bench/test4/ide-cubeide-test4-idf/../../../src" -I"C:/Users/sylva/Desktop/CoursHES/InformatiqueC2/work/work/src/simplified/xf/include" -I"C:/Users/sylva/Desktop/CoursHES/InformatiqueC2/work/work/src/simplified/xf/port" -I"C:/Users/sylva/Desktop/CoursHES/InformatiqueC2/work/work/src/simplified/xf/port/common" -I"C:/Users/sylva/Desktop/CoursHES/InformatiqueC2/work/work/src/simplified/xf/port/idf-stm32" -I"C:/Users/sylva/Desktop/CoursHES/InformatiqueC2/work/work/test-bench/test4/ide-cubeide-test4-idf/../../../src/mdw" -I"C:/Users/sylva/Desktop/CoursHES/InformatiqueC2/work/work/test-bench/test4/ide-cubeide-test4-idf/../../../src/mdw/trace" -I"C:/Users/sylva/Desktop/CoursHES/InformatiqueC2/work/work/test-bench/test4/ide-cubeide-test4-idf/../../common" -I"C:/Users/sylva/Desktop/CoursHES/InformatiqueC2/work/work/test-bench/test4/ide-cubeide-test4-idf/Drivers/STM32F7xx_HAL_Driver/Inc" -I"C:/Users/sylva/Desktop/CoursHES/InformatiqueC2/work/work/test-bench/test4/ide-cubeide-test4-idf/Drivers/STM32F7xx_HAL_Driver/Inc/Legacy" -I"C:/Users/sylva/Desktop/CoursHES/InformatiqueC2/work/work/test-bench/test4/ide-cubeide-test4-idf/Drivers/CMSIS/Device/ST/STM32F7xx/Include" -I"C:/Users/sylva/Desktop/CoursHES/InformatiqueC2/work/work/test-bench/test4/ide-cubeide-test4-idf/Drivers/CMSIS/Include" -Og -ffunction-sections -fno-exceptions -fno-rtti -fno-use-cxa-atexit -Wall -fstack-usage -MMD -MP -MF"xf/port/common/timeoutmanager.d" -MT"xf/port/common/timeoutmanager.o" --specs=nano.specs -mfpu=fpv5-sp-d16 -mfloat-abi=hard -mthumb -o "xf/port/common/timeoutmanager.o"
arm-none-eabi-g++ "C:/Users/sylva/Desktop/CoursHES/InformatiqueC2/work/work/src/simplified/xf/core/behavior.cpp" -mcpu=cortex-m7 -std=gnu++14 -g3 '-D__weak=__attribute__((weak))' '-D__packed=__attribute__((__packed__))' -DUSE_HAL_DRIVER -DSTM32F746xx -c -I"C:/Users/sylva/Desktop/CoursHES/InformatiqueC2/work/work/test-bench/test4/ide-cubeide-test4-idf/../src" -I"C:/Users/sylva/Desktop/CoursHES/InformatiqueC2/work/work/test-bench/test4/ide-cubeide-test4-idf/Core/Inc" -I"C:/Users/sylva/Desktop/CoursHES/InformatiqueC2/work/work/test-bench/test4/ide-cubeide-test4-idf" -I"C:/Users/sylva/Desktop/CoursHES/InformatiqueC2/work/work/src/platform/f7-disco-gcc" -I"C:/Users/sylva/Desktop/CoursHES/InformatiqueC2/work/work/src/platform/f7-disco-gcc/mcu" -I"C:/Users/sylva/Desktop/CoursHES/InformatiqueC2/work/work/test-bench/test4/ide-cubeide-test4-idf/../../../src" -I"C:/Users/sylva/Desktop/CoursHES/InformatiqueC2/work/work/src/simplified/xf/include" -I"C:/Users/sylva/Desktop/CoursHES/InformatiqueC2/work/work/src/simplified/xf/port" -I"C:/Users/sylva/Desktop/CoursHES/InformatiqueC2/work/work/src/simplified/xf/port/common" -I"C:/Users/sylva/Desktop/CoursHES/InformatiqueC2/work/work/src/simplified/xf/port/idf-stm32" -I"C:/Users/sylva/Desktop/CoursHES/InformatiqueC2/work/work/test-bench/test4/ide-cubeide-test4-idf/../../../src/mdw" -I"C:/Users/sylva/Desktop/CoursHES/InformatiqueC2/work/work/test-bench/test4/ide-cubeide-test4-idf/../../../src/mdw/trace" -I"C:/Users/sylva/Desktop/CoursHES/InformatiqueC2/work/work/test-bench/test4/ide-cubeide-test4-idf/../../common" -I"C:/Users/sylva/Desktop/CoursHES/InformatiqueC2/work/work/test-bench/test4/ide-cubeide-test4-idf/Drivers/STM32F7xx_HAL_Driver/Inc" -I"C:/Users/sylva/Desktop/CoursHES/InformatiqueC2/work/work/test-bench/test4/ide-cubeide-test4-idf/Drivers/STM32F7xx_HAL_Driver/Inc/Legacy" -I"C:/Users/sylva/Desktop/CoursHES/InformatiqueC2/work/work/test-bench/test4/ide-cubeide-test4-idf/Drivers/CMSIS/Device/ST/STM32F7xx/Include" -I"C:/Users/sylva/Desktop/CoursHES/InformatiqueC2/work/work/test-bench/test4/ide-cubeide-test4-idf/Drivers/CMSIS/Include" -Og -ffunction-sections -fno-exceptions -fno-rtti -fno-use-cxa-atexit -Wall -fstack-usage -MMD -MP -MF"xf/core/behavior.d" -MT"xf/core/behavior.o" --specs=nano.specs -mfpu=fpv5-sp-d16 -mfloat-abi=hard -mthumb -o "xf/core/behavior.o"
arm-none-eabi-g++ "C:/Users/sylva/Desktop/CoursHES/InformatiqueC2/work/work/src/simplified/xf/core/timeout.cpp" -mcpu=cortex-m7 -std=gnu++14 -g3 '-D__weak=__attribute__((weak))' '-D__packed=__attribute__((__packed__))' -DUSE_HAL_DRIVER -DSTM32F746xx -c -I"C:/Users/sylva/Desktop/CoursHES/InformatiqueC2/work/work/test-bench/test4/ide-cubeide-test4-idf/../src" -I"C:/Users/sylva/Desktop/CoursHES/InformatiqueC2/work/work/test-bench/test4/ide-cubeide-test4-idf/Core/Inc" -I"C:/Users/sylva/Desktop/CoursHES/InformatiqueC2/work/work/test-bench/test4/ide-cubeide-test4-idf" -I"C:/Users/sylva/Desktop/CoursHES/InformatiqueC2/work/work/src/platform/f7-disco-gcc" -I"C:/Users/sylva/Desktop/CoursHES/InformatiqueC2/work/work/src/platform/f7-disco-gcc/mcu" -I"C:/Users/sylva/Desktop/CoursHES/InformatiqueC2/work/work/test-bench/test4/ide-cubeide-test4-idf/../../../src" -I"C:/Users/sylva/Desktop/CoursHES/InformatiqueC2/work/work/src/simplified/xf/include" -I"C:/Users/sylva/Desktop/CoursHES/InformatiqueC2/work/work/src/simplified/xf/port" -I"C:/Users/sylva/Desktop/CoursHES/InformatiqueC2/work/work/src/simplified/xf/port/common" -I"C:/Users/sylva/Desktop/CoursHES/InformatiqueC2/work/work/src/simplified/xf/port/idf-stm32" -I"C:/Users/sylva/Desktop/CoursHES/InformatiqueC2/work/work/test-bench/test4/ide-cubeide-test4-idf/../../../src/mdw" -I"C:/Users/sylva/Desktop/CoursHES/InformatiqueC2/work/work/test-bench/test4/ide-cubeide-test4-idf/../../../src/mdw/trace" -I"C:/Users/sylva/Desktop/CoursHES/InformatiqueC2/work/work/test-bench/test4/ide-cubeide-test4-idf/../../common" -I"C:/Users/sylva/Desktop/CoursHES/InformatiqueC2/work/work/test-bench/test4/ide-cubeide-test4-idf/Drivers/STM32F7xx_HAL_Driver/Inc" -I"C:/Users/sylva/Desktop/CoursHES/InformatiqueC2/work/work/test-bench/test4/ide-cubeide-test4-idf/Drivers/STM32F7xx_HAL_Driver/Inc/Legacy" -I"C:/Users/sylva/Desktop/CoursHES/InformatiqueC2/work/work/test-bench/test4/ide-cubeide-test4-idf/Drivers/CMSIS/Device/ST/STM32F7xx/Include" -I"C:/Users/sylva/Desktop/CoursHES/InformatiqueC2/work/work/test-bench/test4/ide-cubeide-test4-idf/Drivers/CMSIS/Include" -Og -ffunction-sections -fno-exceptions -fno-rtti -fno-use-cxa-atexit -Wall -fstack-usage -MMD -MP -MF"xf/core/timeout.d" -MT"xf/core/timeout.o" --specs=nano.specs -mfpu=fpv5-sp-d16 -mfloat-abi=hard -mthumb -o "xf/core/timeout.o"
arm-none-eabi-g++ -o "ide-cubeide-test4-idf.elf" @"objects.list"   -mcpu=cortex-m7 -T"../STM32F746NGHx_FLASH.ld" --specs=nosys.specs -Wl,-Map="ide-cubeide-test4-idf.map" -Wl,--gc-sections -static --specs=nano.specs -mfpu=fpv5-sp-d16 -mfloat-abi=hard -mthumb -Wl,--start-group -lc -lm -lstdc++ -lsupc++ -Wl,--end-group
Finished building target: ide-cubeide-test4-idf.elf
 
arm-none-eabi-size   ide-cubeide-test4-idf.elf 
arm-none-eabi-objdump -h -S  ide-cubeide-test4-idf.elf  > "ide-cubeide-test4-idf.list"
arm-none-eabi-objcopy  -O binary  ide-cubeide-test4-idf.elf  "ide-cubeide-test4-idf.bin"
   text	   data	    bss	    dec	    hex	filename
  21428	    144	   9088	  30660	   77c4	ide-cubeide-test4-idf.elf
Finished building: default.size.stdout
 
Finished building: ide-cubeide-test4-idf.bin
 
Finished building: ide-cubeide-test4-idf.list
 

08:37:53 Build Finished. 0 errors, 0 warnings. (took 1s.607ms)

