C:/Users/sylva/Desktop/CoursHES/InformatiqueC2/work/work/src/simplified/xf/core/behavior.cpp:33:6:virtual bool XFBehavior::deleteOnTerminate() const	0	static
C:/Users/sylva/Desktop/CoursHES/InformatiqueC2/work/work/src/simplified/xf/core/behavior.cpp:38:6:virtual void XFBehavior::setDeleteOnTerminate(bool)	0	static
C:/Users/sylva/Desktop/CoursHES/InformatiqueC2/work/work/src/simplified/xf/core/behavior.cpp:17:6:virtual void XFBehavior::startBehavior()	16	static
C:/Users/sylva/Desktop/CoursHES/InformatiqueC2/work/work/src/simplified/xf/core/behavior.cpp:8:1:XFBehavior::XFBehavior()	0	static
C:/Users/sylva/Desktop/CoursHES/InformatiqueC2/work/work/src/simplified/xf/core/behavior.cpp:13:1:XFBehavior::~XFBehavior()	0	static
C:/Users/sylva/Desktop/CoursHES/InformatiqueC2/work/work/src/simplified/xf/core/behavior.cpp:13:1:virtual XFBehavior::~XFBehavior()	8	static
C:/Users/sylva/Desktop/CoursHES/InformatiqueC2/work/work/src/simplified/xf/core/behavior.cpp:43:16:const XFEvent* XFBehavior::getCurrentEvent() const	0	static
C:/Users/sylva/Desktop/CoursHES/InformatiqueC2/work/work/src/simplified/xf/core/behavior.cpp:48:26:interface::XFDispatcher* XFBehavior::getDispatcher()	8	static
C:/Users/sylva/Desktop/CoursHES/InformatiqueC2/work/work/src/simplified/xf/core/behavior.cpp:23:6:virtual void XFBehavior::pushEvent(XFEvent*)	8	static
C:/Users/sylva/Desktop/CoursHES/InformatiqueC2/work/work/src/simplified/xf/core/behavior.cpp:52:18:const XFTimeout* XFBehavior::getCurrentTimeout()	0	static
C:/Users/sylva/Desktop/CoursHES/InformatiqueC2/work/work/src/simplified/xf/core/behavior.cpp:57:6:void XFBehavior::setCurrentEvent(const XFEvent*)	0	static
C:/Users/sylva/Desktop/CoursHES/InformatiqueC2/work/work/src/simplified/xf/core/behavior.cpp:62:31:virtual interface::XFBehavior::TerminateBehavior XFBehavior::process(const XFEvent*)	8	static
