C:/Users/sylva/Desktop/CoursHES/InformatiqueC2/work/work/src/simplified/xf/include/xf/event.h:44:13:XFEvent::~XFEvent()	0	static
C:/Users/sylva/Desktop/CoursHES/InformatiqueC2/work/work/src/simplified/xf/include/xf/event.h:65:18:virtual bool XFEvent::deleteAfterConsume() const	0	static
C:/Users/sylva/Desktop/CoursHES/InformatiqueC2/work/work/src/simplified/xf/include/xf/defaulttransition.h:18:7:XFDefaultTransition::~XFDefaultTransition()	0	static
C:/Users/sylva/Desktop/CoursHES/InformatiqueC2/work/work/src/simplified/xf/include/xf/event.h:44:13:virtual XFEvent::~XFEvent()	8	static
C:/Users/sylva/Desktop/CoursHES/InformatiqueC2/work/work/src/simplified/xf/include/xf/defaulttransition.h:18:7:virtual XFDefaultTransition::~XFDefaultTransition()	8	static
C:/Users/sylva/Desktop/CoursHES/InformatiqueC2/work/work/src/simplified/xf/core/defaulttransition.cpp:10:6:virtual bool XFDefaultTransition::deleteAfterConsume() const	0	static
C:/Users/sylva/Desktop/CoursHES/InformatiqueC2/work/work/src/simplified/xf/core/defaulttransition.cpp:5:1:XFDefaultTransition::XFDefaultTransition()	0	static
