C:/Users/sylva/Desktop/CoursHES/InformatiqueC2/work/work/src/platform/f7-disco-gcc/board/ledcontroller.cpp:30:1:LedController::~LedController()	0	static
C:/Users/sylva/Desktop/CoursHES/InformatiqueC2/work/work/src/platform/f7-disco-gcc/board/ledcontroller.cpp:30:1:virtual LedController::~LedController()	8	static
C:/Users/sylva/Desktop/CoursHES/InformatiqueC2/work/work/src/platform/f7-disco-gcc/board/ledcontroller.cpp:52:6:void LedController::setLed0(bool)	8	static
C:/Users/sylva/Desktop/CoursHES/InformatiqueC2/work/work/src/platform/f7-disco-gcc/board/ledcontroller.cpp:76:6:void LedController::setLed1(bool)	8	static
C:/Users/sylva/Desktop/CoursHES/InformatiqueC2/work/work/src/platform/f7-disco-gcc/board/ledcontroller.cpp:100:6:void LedController::setLed2(bool)	8	static
C:/Users/sylva/Desktop/CoursHES/InformatiqueC2/work/work/src/platform/f7-disco-gcc/board/ledcontroller.cpp:124:6:void LedController::setLed3(bool)	8	static
C:/Users/sylva/Desktop/CoursHES/InformatiqueC2/work/work/src/platform/f7-disco-gcc/board/ledcontroller.cpp:10:1:LedController::LedController()	8	static
C:/Users/sylva/Desktop/CoursHES/InformatiqueC2/work/work/src/platform/f7-disco-gcc/board/ledcontroller.cpp:39:6:void LedController::setLeds(uint8_t, bool)	24	static
C:/Users/sylva/Desktop/CoursHES/InformatiqueC2/work/work/src/platform/f7-disco-gcc/board/ledcontroller.cpp:34:6:void LedController::setLed(uint8_t, bool)	8	static
