C:/Users/sylva/Desktop/CoursHES/InformatiqueC2/work/work/src/simplified/xf/core/behavior.cpp:37:6:virtual bool XFBehavior::deleteOnTerminate() const	0	static
C:/Users/sylva/Desktop/CoursHES/InformatiqueC2/work/work/src/simplified/xf/core/behavior.cpp:42:6:virtual void XFBehavior::setDeleteOnTerminate(bool)	0	static
C:/Users/sylva/Desktop/CoursHES/InformatiqueC2/work/work/src/simplified/xf/core/behavior.cpp:20:6:virtual void XFBehavior::startBehavior()	16	static
C:/Users/sylva/Desktop/CoursHES/InformatiqueC2/work/work/src/simplified/xf/core/behavior.cpp:8:1:XFBehavior::XFBehavior()	0	static
C:/Users/sylva/Desktop/CoursHES/InformatiqueC2/work/work/src/simplified/xf/core/behavior.cpp:13:1:virtual XFBehavior::~XFBehavior()	8	static
C:/Users/sylva/Desktop/CoursHES/InformatiqueC2/work/work/src/simplified/xf/core/behavior.cpp:13:1:XFBehavior::~XFBehavior()	8	static
C:/Users/sylva/Desktop/CoursHES/InformatiqueC2/work/work/src/simplified/xf/core/behavior.cpp:47:16:const XFEvent* XFBehavior::getCurrentEvent() const	0	static
C:/Users/sylva/Desktop/CoursHES/InformatiqueC2/work/work/src/simplified/xf/core/behavior.cpp:52:26:interface::XFDispatcher* XFBehavior::getDispatcher()	8	static
C:/Users/sylva/Desktop/CoursHES/InformatiqueC2/work/work/src/simplified/xf/core/behavior.cpp:26:6:virtual void XFBehavior::pushEvent(XFEvent*)	8	static
C:/Users/sylva/Desktop/CoursHES/InformatiqueC2/work/work/src/simplified/xf/core/behavior.cpp:56:18:const XFTimeout* XFBehavior::getCurrentTimeout()	0	static
C:/Users/sylva/Desktop/CoursHES/InformatiqueC2/work/work/src/simplified/xf/core/behavior.cpp:64:6:void XFBehavior::setCurrentEvent(const XFEvent*)	0	static
C:/Users/sylva/Desktop/CoursHES/InformatiqueC2/work/work/src/simplified/xf/core/behavior.cpp:69:31:virtual interface::XFBehavior::TerminateBehavior XFBehavior::process(const XFEvent*)	16	static
